Archive member included to satisfy reference by file (symbol)

/usr/lib/gcc/arm-none-eabi/10.3.1/thumb/v6-m/nofp/libgcc.a(_dvmd_tls.o)
                              CMakeFiles/Pico_Project.dir/mnt/c/Users/efede/pico/pico-sdk/src/rp2_common/pico_divider/divider.S.obj (__aeabi_idiv0)
/usr/lib/gcc/arm-none-eabi/10.3.1/../../../arm-none-eabi/lib/thumb/v6-m/nofp/libg.a(lib_a-atexit.o)
                              /usr/lib/gcc/arm-none-eabi/10.3.1/../../../arm-none-eabi/lib/thumb/v6-m/nofp/crt0.o (atexit)
/usr/lib/gcc/arm-none-eabi/10.3.1/../../../arm-none-eabi/lib/thumb/v6-m/nofp/libg.a(lib_a-calloc.o)
                              CMakeFiles/Pico_Project.dir/mnt/c/Users/efede/pico/pico-sdk/src/rp2_common/pico_malloc/pico_malloc.c.obj (calloc)
/usr/lib/gcc/arm-none-eabi/10.3.1/../../../arm-none-eabi/lib/thumb/v6-m/nofp/libg.a(lib_a-callocr.o)
                              /usr/lib/gcc/arm-none-eabi/10.3.1/../../../arm-none-eabi/lib/thumb/v6-m/nofp/libg.a(lib_a-calloc.o) (_calloc_r)
/usr/lib/gcc/arm-none-eabi/10.3.1/../../../arm-none-eabi/lib/thumb/v6-m/nofp/libg.a(lib_a-ctype_.o)
                              CMakeFiles/Pico_Project.dir/mnt/c/Users/efede/pico/pico-sdk/lib/tinyusb/src/tusb.c.obj (_ctype_)
/usr/lib/gcc/arm-none-eabi/10.3.1/../../../arm-none-eabi/lib/thumb/v6-m/nofp/libg.a(lib_a-fini.o)
                              /usr/lib/gcc/arm-none-eabi/10.3.1/../../../arm-none-eabi/lib/thumb/v6-m/nofp/crt0.o (__libc_fini_array)
/usr/lib/gcc/arm-none-eabi/10.3.1/../../../arm-none-eabi/lib/thumb/v6-m/nofp/libg.a(lib_a-impure.o)
                              /usr/lib/gcc/arm-none-eabi/10.3.1/../../../arm-none-eabi/lib/thumb/v6-m/nofp/libg.a(lib_a-calloc.o) (_impure_ptr)
/usr/lib/gcc/arm-none-eabi/10.3.1/../../../arm-none-eabi/lib/thumb/v6-m/nofp/libg.a(lib_a-init.o)
                              /usr/lib/gcc/arm-none-eabi/10.3.1/../../../arm-none-eabi/lib/thumb/v6-m/nofp/crt0.o (__libc_init_array)
/usr/lib/gcc/arm-none-eabi/10.3.1/../../../arm-none-eabi/lib/thumb/v6-m/nofp/libg.a(lib_a-malloc.o)
                              CMakeFiles/Pico_Project.dir/mnt/c/Users/efede/pico/pico-sdk/src/rp2_common/pico_malloc/pico_malloc.c.obj (malloc)
/usr/lib/gcc/arm-none-eabi/10.3.1/../../../arm-none-eabi/lib/thumb/v6-m/nofp/libg.a(lib_a-mallocr.o)
                              /usr/lib/gcc/arm-none-eabi/10.3.1/../../../arm-none-eabi/lib/thumb/v6-m/nofp/libg.a(lib_a-callocr.o) (_malloc_r)
/usr/lib/gcc/arm-none-eabi/10.3.1/../../../arm-none-eabi/lib/thumb/v6-m/nofp/libg.a(lib_a-mlock.o)
                              /usr/lib/gcc/arm-none-eabi/10.3.1/../../../arm-none-eabi/lib/thumb/v6-m/nofp/libg.a(lib_a-mallocr.o) (__malloc_lock)
/usr/lib/gcc/arm-none-eabi/10.3.1/../../../arm-none-eabi/lib/thumb/v6-m/nofp/libg.a(lib_a-sbrkr.o)
                              /usr/lib/gcc/arm-none-eabi/10.3.1/../../../arm-none-eabi/lib/thumb/v6-m/nofp/libg.a(lib_a-mallocr.o) (_sbrk_r)
/usr/lib/gcc/arm-none-eabi/10.3.1/../../../arm-none-eabi/lib/thumb/v6-m/nofp/libg.a(lib_a-strlen-stub.o)
                              CMakeFiles/Pico_Project.dir/mnt/c/Users/efede/pico/pico-sdk/src/rp2_common/pico_stdio/stdio.c.obj (strlen)
/usr/lib/gcc/arm-none-eabi/10.3.1/../../../arm-none-eabi/lib/thumb/v6-m/nofp/libg.a(lib_a-__atexit.o)
                              /usr/lib/gcc/arm-none-eabi/10.3.1/../../../arm-none-eabi/lib/thumb/v6-m/nofp/libg.a(lib_a-atexit.o) (__register_exitproc)
/usr/lib/gcc/arm-none-eabi/10.3.1/../../../arm-none-eabi/lib/thumb/v6-m/nofp/libg.a(lib_a-freer.o)
                              /usr/lib/gcc/arm-none-eabi/10.3.1/../../../arm-none-eabi/lib/thumb/v6-m/nofp/libg.a(lib_a-malloc.o) (_free_r)
/usr/lib/gcc/arm-none-eabi/10.3.1/../../../arm-none-eabi/lib/thumb/v6-m/nofp/libg.a(lib_a-reent.o)
                              /usr/lib/gcc/arm-none-eabi/10.3.1/../../../arm-none-eabi/lib/thumb/v6-m/nofp/libg.a(lib_a-sbrkr.o) (errno)

Discarded input sections

 .text          0x0000000000000000        0x0 /usr/lib/gcc/arm-none-eabi/10.3.1/thumb/v6-m/nofp/crti.o
 .data          0x0000000000000000        0x0 /usr/lib/gcc/arm-none-eabi/10.3.1/thumb/v6-m/nofp/crti.o
 .bss           0x0000000000000000        0x0 /usr/lib/gcc/arm-none-eabi/10.3.1/thumb/v6-m/nofp/crti.o
 .data          0x0000000000000000        0x4 /usr/lib/gcc/arm-none-eabi/10.3.1/thumb/v6-m/nofp/crtbegin.o
 .rodata        0x0000000000000000       0x24 /usr/lib/gcc/arm-none-eabi/10.3.1/thumb/v6-m/nofp/crtbegin.o
 .fini_array    0x0000000000000000        0x4 /usr/lib/gcc/arm-none-eabi/10.3.1/thumb/v6-m/nofp/crtbegin.o
 .text          0x0000000000000000       0x74 /usr/lib/gcc/arm-none-eabi/10.3.1/../../../arm-none-eabi/lib/thumb/v6-m/nofp/crt0.o
 .data          0x0000000000000000        0x0 /usr/lib/gcc/arm-none-eabi/10.3.1/../../../arm-none-eabi/lib/thumb/v6-m/nofp/crt0.o
 .bss           0x0000000000000000        0x0 /usr/lib/gcc/arm-none-eabi/10.3.1/../../../arm-none-eabi/lib/thumb/v6-m/nofp/crt0.o
[...]
Memory Configuration

Name             Origin             Length             Attributes
FLASH            0x0000000010000000 0x0000000000200000 xr
RAM              0x0000000020000000 0x0000000000040000 xrw
SCRATCH_X        0x0000000020040000 0x0000000000001000 xrw
SCRATCH_Y        0x0000000020041000 0x0000000000001000 xrw
*default*        0x0000000000000000 0xffffffffffffffff

Linker script and memory map

LOAD /usr/lib/gcc/arm-none-eabi/10.3.1/thumb/v6-m/nofp/crti.o
LOAD /usr/lib/gcc/arm-none-eabi/10.3.1/thumb/v6-m/nofp/crtbegin.o
LOAD /usr/lib/gcc/arm-none-eabi/10.3.1/../../../arm-none-eabi/lib/thumb/v6-m/nofp/crt0.o

.flash_begin    0x0000000010000000        0x0
                0x0000000010000000                __flash_binary_start = .

.boot2          0x0000000010000000      0x100
                0x0000000010000000                __boot2_start__ = .
 *(.boot2)
 .boot2         0x0000000010000000      0x100 /tmp/ccAw0QYU.o
                0x0000000010000100                __boot2_end__ = .
                0x0000000000000001                ASSERT (((__boot2_end__ - __boot2_start__) == 0x100), ERROR: Pico second stage bootloader must be 256 bytes in size)

.text           0x0000000010000100     0x7f50
                0x0000000010000100                __logical_binary_start = .
 *(.vectors)
 .vectors       0x0000000010000100       0xd4 CMakeFiles/Pico_Project.dir/mnt/c/Users/efede/pico/pico-sdk/src/rp2_common/pico_standard_link/crt0.S.obj
                0x0000000010000100                __vectors
                0x0000000010000100                __VECTOR_TABLE
                0x00000000100001c0                isr_invalid
                0x00000000100001c0                __default_isrs_start
                0x00000000100001c2                isr_nmi
                0x00000000100001c4                isr_hardfault
                0x00000000100001c6                isr_svcall
                0x00000000100001c8                isr_pendsv
                0x00000000100001ca                isr_systick
                0x00000000100001cc                isr_irq30
                0x00000000100001cc                __unhandled_user_irq
                0x00000000100001cc                isr_irq13
                0x00000000100001cc                isr_irq27
                0x00000000100001cc                isr_irq31
                0x00000000100001cc                isr_irq5
                0x00000000100001cc                isr_irq11
                0x00000000100001cc                isr_irq23
                0x00000000100001cc                isr_irq18
                0x00000000100001cc                isr_irq28
                0x00000000100001cc                isr_irq19
                0x00000000100001cc                isr_irq0
                0x00000000100001cc                isr_irq6
                0x00000000100001cc                isr_irq22
                0x00000000100001cc                isr_irq17
                0x00000000100001cc                isr_irq14
                0x00000000100001cc                isr_irq2
                0x00000000100001cc                isr_irq10
                0x00000000100001cc                isr_irq8
                0x00000000100001cc                isr_irq24
                0x00000000100001cc                isr_irq1
                0x00000000100001cc                isr_irq7
                0x00000000100001cc                isr_irq21
                0x00000000100001cc                isr_irq20
                0x00000000100001cc                isr_irq15
                0x00000000100001cc                isr_irq25
                0x00000000100001cc                isr_irq4
                0x00000000100001cc                isr_irq16
                0x00000000100001cc                isr_irq29
                0x00000000100001cc                isr_irq26
                0x00000000100001cc                __default_isrs_end
                0x00000000100001cc                isr_irq3
                0x00000000100001cc                isr_irq12
                0x00000000100001cc                isr_irq9
                0x00000000100001d2                unhandled_user_irq_num_in_r0
 *(.binary_info_header)
 .binary_info_header
                0x00000000100001d4       0x14 CMakeFiles/Pico_Project.dir/mnt/c/Users/efede/pico/pico-sdk/src/rp2_common/pico_standard_link/crt0.S.obj
                0x00000000100001e8                __binary_info_header_end = .
 *(.reset)
 .reset         0x00000000100001e8       0xa8 CMakeFiles/Pico_Project.dir/mnt/c/Users/efede/pico/pico-sdk/src/rp2_common/pico_standard_link/crt0.S.obj
                0x00000000100001e8                _entry_point
                0x0000000010000266                __get_current_exception
 .reset         0x0000000010000290       0x30 CMakeFiles/Pico_Project.dir/mnt/c/Users/efede/pico/pico-sdk/src/rp2_common/pico_standard_link/binary_info.c.obj
 *(.init)
 .init          0x00000000100002c0        0x4 /usr/lib/gcc/arm-none-eabi/10.3.1/thumb/v6-m/nofp/crti.o
                0x00000000100002c0                _init
 *(EXCLUDE_FILE(*libm.a: *libc.a:*lib_a-mem*.o *libgcc.a:) .text*)
 .text          0x00000000100002c4       0x98 /usr/lib/gcc/arm-none-eabi/10.3.1/thumb/v6-m/nofp/crtbegin.o
 .text.calc_render_area_buflen
                0x000000001000035c       0x16 CMakeFiles/Pico_Project.dir/Pico_Project.c.obj
                0x000000001000035c                calc_render_area_buflen
 *fill*         0x0000000010000372        0x2 
 .text.oled_send_cmd
                0x0000000010000374       0x24 CMakeFiles/Pico_Project.dir/Pico_Project.c.obj
                0x0000000010000374                oled_send_cmd
 .text.oled_send_buf
                0x0000000010000398       0x48 CMakeFiles/Pico_Project.dir/Pico_Project.c.obj
                0x0000000010000398                oled_send_buf
 .text.oled_init
                0x00000000100003e0       0xa0 CMakeFiles/Pico_Project.dir/Pico_Project.c.obj
                0x00000000100003e0                oled_init
 .text.render   0x0000000010000480       0x34 CMakeFiles/Pico_Project.dir/Pico_Project.c.obj
                0x0000000010000480                render
 .text.write    0x00000000100004b4       0x88 CMakeFiles/Pico_Project.dir/Pico_Project.c.obj
                0x00000000100004b4                write
 .text.main     0x000000001000053c       0xc0 CMakeFiles/Pico_Project.dir/Pico_Project.c.obj
                0x000000001000053c                main
 .text.gpio_set_function
                0x00000000100005fc       0x30 CMakeFiles/Pico_Project.dir/mnt/c/Users/efede/pico/pico-sdk/src/rp2_common/hardware_gpio/gpio.c.obj
                0x00000000100005fc                gpio_set_function
 .text.gpio_set_pulls
                0x000000001000062c       0x34 CMakeFiles/Pico_Project.dir/mnt/c/Users/efede/pico/pico-sdk/src/rp2_common/hardware_gpio/gpio.c.obj
                0x000000001000062c                gpio_set_pulls
 .text.hw_claim_lock
                0x0000000010000660       0x18 CMakeFiles/Pico_Project.dir/mnt/c/Users/efede/pico/pico-sdk/src/rp2_common/hardware_claim/claim.c.obj
                0x0000000010000660                hw_claim_lock
 .text.hw_claim_unlock
                0x0000000010000678       0x14 CMakeFiles/Pico_Project.dir/mnt/c/Users/efede/pico/pico-sdk/src/rp2_common/hardware_claim/claim.c.obj
                0x0000000010000678                hw_claim_unlock
 .text.hw_claim_or_assert
                0x000000001000068c       0x32 CMakeFiles/Pico_Project.dir/mnt/c/Users/efede/pico/pico-sdk/src/rp2_common/hardware_claim/claim.c.obj
                0x000000001000068c                hw_claim_or_assert
 .text.hw_claim_unused_from_range
                0x00000000100006be       0x50 CMakeFiles/Pico_Project.dir/mnt/c/Users/efede/pico/pico-sdk/src/rp2_common/hardware_claim/claim.c.obj
                0x00000000100006be                hw_claim_unused_from_range
 *fill*         0x000000001000070e        0x2 
 .text.running_on_fpga
                0x0000000010000710       0x14 CMakeFiles/Pico_Project.dir/mnt/c/Users/efede/pico/pico-sdk/src/rp2_common/pico_platform/platform.c.obj
                0x0000000010000710                running_on_fpga
 .text.spin_locks_reset
                0x0000000010000724       0x20 CMakeFiles/Pico_Project.dir/mnt/c/Users/efede/pico/pico-sdk/src/rp2_common/hardware_sync/sync.c.obj
                0x0000000010000724                spin_locks_reset
 .text.next_striped_spin_lock_num
                0x0000000010000744       0x1c CMakeFiles/Pico_Project.dir/mnt/c/Users/efede/pico/pico-sdk/src/rp2_common/hardware_sync/sync.c.obj
                0x0000000010000744                next_striped_spin_lock_num
 .text.spin_lock_claim_unused
                0x0000000010000760       0x20 CMakeFiles/Pico_Project.dir/mnt/c/Users/efede/pico/pico-sdk/src/rp2_common/hardware_sync/sync.c.obj
                0x0000000010000760                spin_lock_claim_unused
 .text.uart_set_baudrate
                0x0000000010000780       0x5c CMakeFiles/Pico_Project.dir/mnt/c/Users/efede/pico/pico-sdk/src/rp2_common/hardware_uart/uart.c.obj
                0x0000000010000780                uart_set_baudrate
 .text.uart_set_translate_crlf
                0x00000000100007dc       0x28 CMakeFiles/Pico_Project.dir/mnt/c/Users/efede/pico/pico-sdk/src/rp2_common/hardware_uart/uart.c.obj
                0x00000000100007dc                uart_set_translate_crlf
 .text.uart_init
                0x0000000010000804       0x80 CMakeFiles/Pico_Project.dir/mnt/c/Users/efede/pico/pico-sdk/src/rp2_common/hardware_uart/uart.c.obj
                0x0000000010000804                uart_init
 .text.alarm_pool_post_alloc_init
                0x0000000010000884       0x40 CMakeFiles/Pico_Project.dir/mnt/c/Users/efede/pico/pico-sdk/src/common/pico_time/time.c.obj
 .text.sleep_until_callback
                0x00000000100008c4       0x30 CMakeFiles/Pico_Project.dir/mnt/c/Users/efede/pico/pico-sdk/src/common/pico_time/time.c.obj
 .text.timer_pool_entry_comparator
                0x00000000100008f4       0x7c CMakeFiles/Pico_Project.dir/mnt/c/Users/efede/pico/pico-sdk/src/common/pico_time/time.c.obj
                0x00000000100008f4                timer_pool_entry_comparator
 .text.ph_add_child_node
                0x0000000010000970       0xa4 CMakeFiles/Pico_Project.dir/mnt/c/Users/efede/pico/pico-sdk/src/common/pico_time/time.c.obj
 .text.ph_merge_nodes
                0x0000000010000a14       0x3e CMakeFiles/Pico_Project.dir/mnt/c/Users/efede/pico/pico-sdk/src/common/pico_time/time.c.obj
 *fill*         0x0000000010000a52        0x2 
 .text.add_alarm_under_lock
                0x0000000010000a54      0x174 CMakeFiles/Pico_Project.dir/mnt/c/Users/efede/pico/pico-sdk/src/common/pico_time/time.c.obj
 .text.alarm_pool_alarm_callback
                0x0000000010000bc8      0x328 CMakeFiles/Pico_Project.dir/mnt/c/Users/efede/pico/pico-sdk/src/common/pico_time/time.c.obj
 .text.alarm_pool_init_default
                0x0000000010000ef0       0x38 CMakeFiles/Pico_Project.dir/mnt/c/Users/efede/pico/pico-sdk/src/common/pico_time/time.c.obj
                0x0000000010000ef0                alarm_pool_init_default
 .text.alarm_pool_get_default
                0x0000000010000f28       0x2c CMakeFiles/Pico_Project.dir/mnt/c/Users/efede/pico/pico-sdk/src/common/pico_time/time.c.obj
                0x0000000010000f28                alarm_pool_get_default
 .text.alarm_pool_add_alarm_at
                0x0000000010000f54      0x170 CMakeFiles/Pico_Project.dir/mnt/c/Users/efede/pico/pico-sdk/src/common/pico_time/time.c.obj
                0x0000000010000f54                alarm_pool_add_alarm_at
 .text.alarm_pool_cancel_alarm
                0x00000000100010c4       0xf0 CMakeFiles/Pico_Project.dir/mnt/c/Users/efede/pico/pico-sdk/src/common/pico_time/time.c.obj
                0x00000000100010c4                alarm_pool_cancel_alarm
 .text.sleep_until
                0x00000000100011b4       0xfc CMakeFiles/Pico_Project.dir/mnt/c/Users/efede/pico/pico-sdk/src/common/pico_time/time.c.obj
                0x00000000100011b4                sleep_until
 .text.sleep_us
                0x00000000100012b0       0x58 CMakeFiles/Pico_Project.dir/mnt/c/Users/efede/pico/pico-sdk/src/common/pico_time/time.c.obj
                0x00000000100012b0                sleep_us
 .text.sleep_ms
                0x0000000010001308       0x14 CMakeFiles/Pico_Project.dir/mnt/c/Users/efede/pico/pico-sdk/src/common/pico_time/time.c.obj
                0x0000000010001308                sleep_ms
 .text.best_effort_wfe_or_timeout
                0x000000001000131c       0x80 CMakeFiles/Pico_Project.dir/mnt/c/Users/efede/pico/pico-sdk/src/common/pico_time/time.c.obj
                0x000000001000131c                best_effort_wfe_or_timeout
 .text.hardware_alarm_irq_handler
                0x000000001000139c       0x8c CMakeFiles/Pico_Project.dir/mnt/c/Users/efede/pico/pico-sdk/src/rp2_common/hardware_timer/timer.c.obj
 .text.hardware_alarm_claim
                0x0000000010001428       0x18 CMakeFiles/Pico_Project.dir/mnt/c/Users/efede/pico/pico-sdk/src/rp2_common/hardware_timer/timer.c.obj
                0x0000000010001428                hardware_alarm_claim
 .text.time_us_64
                0x0000000010001440       0x18 CMakeFiles/Pico_Project.dir/mnt/c/Users/efede/pico/pico-sdk/src/rp2_common/hardware_timer/timer.c.obj
                0x0000000010001440                time_us_64
 .text.busy_wait_until
                0x0000000010001458       0x28 CMakeFiles/Pico_Project.dir/mnt/c/Users/efede/pico/pico-sdk/src/rp2_common/hardware_timer/timer.c.obj
                0x0000000010001458                busy_wait_until
 .text.hardware_alarm_set_callback
                0x0000000010001480       0x90 CMakeFiles/Pico_Project.dir/mnt/c/Users/efede/pico/pico-sdk/src/rp2_common/hardware_timer/timer.c.obj
                0x0000000010001480                hardware_alarm_set_callback
 .text.hardware_alarm_set_target
                0x0000000010001510       0xe8 CMakeFiles/Pico_Project.dir/mnt/c/Users/efede/pico/pico-sdk/src/rp2_common/hardware_timer/timer.c.obj
                0x0000000010001510                hardware_alarm_set_target
 .text.hardware_alarm_cancel
                0x00000000100015f8       0x40 CMakeFiles/Pico_Project.dir/mnt/c/Users/efede/pico/pico-sdk/src/rp2_common/hardware_timer/timer.c.obj
                0x00000000100015f8                hardware_alarm_cancel
 .text.lock_init
                0x0000000010001638       0x10 CMakeFiles/Pico_Project.dir/mnt/c/Users/efede/pico/pico-sdk/src/common/pico_sync/lock_core.c.obj
                0x0000000010001638                lock_init
 .text.mutex_init
                0x0000000010001648       0x1a CMakeFiles/Pico_Project.dir/mnt/c/Users/efede/pico/pico-sdk/src/common/pico_sync/mutex.c.obj
                0x0000000010001648                mutex_init
 .text.recursive_mutex_init
                0x0000000010001662       0x1e CMakeFiles/Pico_Project.dir/mnt/c/Users/efede/pico/pico-sdk/src/common/pico_sync/mutex.c.obj
                0x0000000010001662                recursive_mutex_init
 .text.critical_section_init_with_lock_num
                0x0000000010001680       0x14 CMakeFiles/Pico_Project.dir/mnt/c/Users/efede/pico/pico-sdk/src/common/pico_sync/critical_section.c.obj
                0x0000000010001680                critical_section_init_with_lock_num
 .text.critical_section_init
                0x0000000010001694       0x14 CMakeFiles/Pico_Project.dir/mnt/c/Users/efede/pico/pico-sdk/src/common/pico_sync/critical_section.c.obj
                0x0000000010001694                critical_section_init
 .text.ph_add_child_node
                0x00000000100016a8       0xa4 CMakeFiles/Pico_Project.dir/mnt/c/Users/efede/pico/pico-sdk/src/common/pico_util/pheap.c.obj
 .text.ph_merge_nodes
                0x000000001000174c       0x3e CMakeFiles/Pico_Project.dir/mnt/c/Users/efede/pico/pico-sdk/src/common/pico_util/pheap.c.obj
 *fill*         0x000000001000178a        0x2 
 .text.ph_clear
                0x000000001000178c       0x70 CMakeFiles/Pico_Project.dir/mnt/c/Users/efede/pico/pico-sdk/src/common/pico_util/pheap.c.obj
                0x000000001000178c                ph_clear
 .text.ph_post_alloc_init
                0x00000000100017fc        0xe CMakeFiles/Pico_Project.dir/mnt/c/Users/efede/pico/pico-sdk/src/common/pico_util/pheap.c.obj
                0x00000000100017fc                ph_post_alloc_init
 *fill*         0x000000001000180a        0x2 
 .text.ph_merge_two_pass
                0x000000001000180c       0xa8 CMakeFiles/Pico_Project.dir/mnt/c/Users/efede/pico/pico-sdk/src/common/pico_util/pheap.c.obj
                0x000000001000180c                ph_merge_two_pass
 .text.ph_remove_any_head
                0x00000000100018b4      0x108 CMakeFiles/Pico_Project.dir/mnt/c/Users/efede/pico/pico-sdk/src/common/pico_util/pheap.c.obj
 .text.ph_remove_head
                0x00000000100019bc       0x14 CMakeFiles/Pico_Project.dir/mnt/c/Users/efede/pico/pico-sdk/src/common/pico_util/pheap.c.obj
                0x00000000100019bc                ph_remove_head
 .text.ph_remove_and_free_node
                0x00000000100019d0       0xf8 CMakeFiles/Pico_Project.dir/mnt/c/Users/efede/pico/pico-sdk/src/common/pico_util/pheap.c.obj
                0x00000000100019d0                ph_remove_and_free_node
 .text._exit    0x0000000010001ac8        0x4 CMakeFiles/Pico_Project.dir/mnt/c/Users/efede/pico/pico-sdk/src/rp2_common/pico_runtime/runtime.c.obj
                0x0000000010001ac8                _exit
 .text._sbrk    0x0000000010001acc       0x38 CMakeFiles/Pico_Project.dir/mnt/c/Users/efede/pico/pico-sdk/src/rp2_common/pico_runtime/runtime.c.obj
                0x0000000010001acc                _sbrk
 .text.exit     0x0000000010001b04        0x6 CMakeFiles/Pico_Project.dir/mnt/c/Users/efede/pico/pico-sdk/src/rp2_common/pico_runtime/runtime.c.obj
                0x0000000010001b04                exit
 *fill*         0x0000000010001b0a        0x2 
 .text.__assert_func
                0x0000000010001b0c       0x3c CMakeFiles/Pico_Project.dir/mnt/c/Users/efede/pico/pico-sdk/src/rp2_common/pico_runtime/runtime.c.obj
                0x0000000010001b0c                __assert_func
 .text.runtime_init
                0x0000000010001b48       0xf8 CMakeFiles/Pico_Project.dir/mnt/c/Users/efede/pico/pico-sdk/src/rp2_common/pico_runtime/runtime.c.obj
                0x0000000010001b48                runtime_init
 .text.panic    0x0000000010001c40       0x30 CMakeFiles/Pico_Project.dir/mnt/c/Users/efede/pico/pico-sdk/src/rp2_common/pico_runtime/runtime.c.obj
                0x0000000010001c40                panic
 .text.clock_configure
                0x0000000010001c70      0x104 CMakeFiles/Pico_Project.dir/mnt/c/Users/efede/pico/pico-sdk/src/rp2_common/hardware_clocks/clocks.c.obj
                0x0000000010001c70                clock_configure
 .text.clocks_init
                0x0000000010001d74      0x100 CMakeFiles/Pico_Project.dir/mnt/c/Users/efede/pico/pico-sdk/src/rp2_common/hardware_clocks/clocks.c.obj
                0x0000000010001d74                clocks_init
 .text.clock_get_hz
                0x0000000010001e74        0xc CMakeFiles/Pico_Project.dir/mnt/c/Users/efede/pico/pico-sdk/src/rp2_common/hardware_clocks/clocks.c.obj
                0x0000000010001e74                clock_get_hz
 .text.set_raw_irq_handler_and_unlock
                0x0000000010001e80       0x28 CMakeFiles/Pico_Project.dir/mnt/c/Users/efede/pico/pico-sdk/src/rp2_common/hardware_irq/irq.c.obj
 .text.make_branch
                0x0000000010001ea8       0x48 CMakeFiles/Pico_Project.dir/mnt/c/Users/efede/pico/pico-sdk/src/rp2_common/hardware_irq/irq.c.obj
 .text.insert_branch_and_link
                0x0000000010001ef0       0x40 CMakeFiles/Pico_Project.dir/mnt/c/Users/efede/pico/pico-sdk/src/rp2_common/hardware_irq/irq.c.obj
 .text.irq_is_enabled
                0x0000000010001f30       0x18 CMakeFiles/Pico_Project.dir/mnt/c/Users/efede/pico/pico-sdk/src/rp2_common/hardware_irq/irq.c.obj
                0x0000000010001f30                irq_is_enabled
 .text.irq_set_mask_enabled
                0x0000000010001f48       0x20 CMakeFiles/Pico_Project.dir/mnt/c/Users/efede/pico/pico-sdk/src/rp2_common/hardware_irq/irq.c.obj
                0x0000000010001f48                irq_set_mask_enabled
 .text.irq_set_enabled
                0x0000000010001f68        0xe CMakeFiles/Pico_Project.dir/mnt/c/Users/efede/pico/pico-sdk/src/rp2_common/hardware_irq/irq.c.obj
                0x0000000010001f68                irq_set_enabled
 *fill*         0x0000000010001f76        0x2 
 .text.irq_set_pending
                0x0000000010001f78       0x10 CMakeFiles/Pico_Project.dir/mnt/c/Users/efede/pico/pico-sdk/src/rp2_common/hardware_irq/irq.c.obj
                0x0000000010001f78                irq_set_pending
 .text.irq_get_vtable_handler
                0x0000000010001f88       0x10 CMakeFiles/Pico_Project.dir/mnt/c/Users/efede/pico/pico-sdk/src/rp2_common/hardware_irq/irq.c.obj
                0x0000000010001f88                irq_get_vtable_handler
 .text.irq_set_exclusive_handler
                0x0000000010001f98       0x54 CMakeFiles/Pico_Project.dir/mnt/c/Users/efede/pico/pico-sdk/src/rp2_common/hardware_irq/irq.c.obj
                0x0000000010001f98                irq_set_exclusive_handler
 .text.irq_remove_handler
                0x0000000010001fec      0x1a8 CMakeFiles/Pico_Project.dir/mnt/c/Users/efede/pico/pico-sdk/src/rp2_common/hardware_irq/irq.c.obj
                0x0000000010001fec                irq_remove_handler
 .text.irq_add_tail_to_free_list
                0x0000000010002194       0xf0 CMakeFiles/Pico_Project.dir/mnt/c/Users/efede/pico/pico-sdk/src/rp2_common/hardware_irq/irq.c.obj
                0x0000000010002194                irq_add_tail_to_free_list
 .text.irq_init_priorities
                0x0000000010002284       0x1c CMakeFiles/Pico_Project.dir/mnt/c/Users/efede/pico/pico-sdk/src/rp2_common/hardware_irq/irq.c.obj
                0x0000000010002284                irq_init_priorities
 .text.pll_init
                0x00000000100022a0      0x120 CMakeFiles/Pico_Project.dir/mnt/c/Users/efede/pico/pico-sdk/src/rp2_common/hardware_pll/pll.c.obj
                0x00000000100022a0                pll_init
 .text.watchdog_start_tick
                0x00000000100023c0       0x10 CMakeFiles/Pico_Project.dir/mnt/c/Users/efede/pico/pico-sdk/src/rp2_common/hardware_watchdog/watchdog.c.obj
                0x00000000100023c0                watchdog_start_tick
 .text.watchdog_update
                0x00000000100023d0       0x14 CMakeFiles/Pico_Project.dir/mnt/c/Users/efede/pico/pico-sdk/src/rp2_common/hardware_watchdog/watchdog.c.obj
                0x00000000100023d0                watchdog_update
 .text._watchdog_enable
                0x00000000100023e4       0x78 CMakeFiles/Pico_Project.dir/mnt/c/Users/efede/pico/pico-sdk/src/rp2_common/hardware_watchdog/watchdog.c.obj
                0x00000000100023e4                _watchdog_enable
 .text.watchdog_reboot
                0x000000001000245c       0x48 CMakeFiles/Pico_Project.dir/mnt/c/Users/efede/pico/pico-sdk/src/rp2_common/hardware_watchdog/watchdog.c.obj
                0x000000001000245c                watchdog_reboot
 .text.xosc_init
                0x00000000100024a4       0x28 CMakeFiles/Pico_Project.dir/mnt/c/Users/efede/pico/pico-sdk/src/rp2_common/hardware_xosc/xosc.c.obj
                0x00000000100024a4                xosc_init
 .text._out_buffer
                0x00000000100024cc        0x8 CMakeFiles/Pico_Project.dir/mnt/c/Users/efede/pico/pico-sdk/src/rp2_common/pico_printf/printf.c.obj
 .text._out_null
                0x00000000100024d4        0x2 CMakeFiles/Pico_Project.dir/mnt/c/Users/efede/pico/pico-sdk/src/rp2_common/pico_printf/printf.c.obj
 .text._out_fct
                0x00000000100024d6        0xe CMakeFiles/Pico_Project.dir/mnt/c/Users/efede/pico/pico-sdk/src/rp2_common/pico_printf/printf.c.obj
 .text._atoi    0x00000000100024e4       0x24 CMakeFiles/Pico_Project.dir/mnt/c/Users/efede/pico/pico-sdk/src/rp2_common/pico_printf/printf.c.obj
 .text._out_rev
                0x0000000010002508       0xae CMakeFiles/Pico_Project.dir/mnt/c/Users/efede/pico/pico-sdk/src/rp2_common/pico_printf/printf.c.obj
 .text._ntoa_format
                0x00000000100025b6      0x112 CMakeFiles/Pico_Project.dir/mnt/c/Users/efede/pico/pico-sdk/src/rp2_common/pico_printf/printf.c.obj
 .text._ntoa_long
                0x00000000100026c8       0xbc CMakeFiles/Pico_Project.dir/mnt/c/Users/efede/pico/pico-sdk/src/rp2_common/pico_printf/printf.c.obj
 .text._ntoa_long_long
                0x0000000010002784       0xe2 CMakeFiles/Pico_Project.dir/mnt/c/Users/efede/pico/pico-sdk/src/rp2_common/pico_printf/printf.c.obj
 *fill*         0x0000000010002866        0x2 
 .text._etoa    0x0000000010002868      0x414 CMakeFiles/Pico_Project.dir/mnt/c/Users/efede/pico/pico-sdk/src/rp2_common/pico_printf/printf.c.obj
 .text._ftoa    0x0000000010002c7c      0x354 CMakeFiles/Pico_Project.dir/mnt/c/Users/efede/pico/pico-sdk/src/rp2_common/pico_printf/printf.c.obj
 .text._vsnprintf
                0x0000000010002fd0      0x624 CMakeFiles/Pico_Project.dir/mnt/c/Users/efede/pico/pico-sdk/src/rp2_common/pico_printf/printf.c.obj
 .text.__wrap_sprintf
                0x00000000100035f4       0x28 CMakeFiles/Pico_Project.dir/mnt/c/Users/efede/pico/pico-sdk/src/rp2_common/pico_printf/printf.c.obj
                0x00000000100035f4                __wrap_sprintf
 .text.vfctprintf
                0x000000001000361c       0x20 CMakeFiles/Pico_Project.dir/mnt/c/Users/efede/pico/pico-sdk/src/rp2_common/pico_printf/printf.c.obj
                0x000000001000361c                vfctprintf
 .text          0x000000001000363c       0x10 CMakeFiles/Pico_Project.dir/mnt/c/Users/efede/pico/pico-sdk/src/rp2_common/pico_bit_ops/bit_ops_aeabi.S.obj
 .text.rom_func_lookup
                0x000000001000364c       0x10 CMakeFiles/Pico_Project.dir/mnt/c/Users/efede/pico/pico-sdk/src/rp2_common/pico_bootrom/bootrom.c.obj
                0x000000001000364c                rom_func_lookup
 .text.rom_data_lookup
                0x000000001000365c       0x10 CMakeFiles/Pico_Project.dir/mnt/c/Users/efede/pico/pico-sdk/src/rp2_common/pico_bootrom/bootrom.c.obj
                0x000000001000365c                rom_data_lookup
 .text.rom_funcs_lookup
                0x000000001000366c       0x36 CMakeFiles/Pico_Project.dir/mnt/c/Users/efede/pico/pico-sdk/src/rp2_common/pico_bootrom/bootrom.c.obj
                0x000000001000366c                rom_funcs_lookup
 *fill*         0x00000000100036a2        0x2 
 .text.__wrap___aeabi_idiv
                0x00000000100036a4       0x50 CMakeFiles/Pico_Project.dir/mnt/c/Users/efede/pico/pico-sdk/src/rp2_common/pico_divider/divider.S.obj
                0x00000000100036a4                __wrap___aeabi_idivmod
                0x00000000100036a4                divmod_s32s32
                0x00000000100036a4                div_s32s32
                0x00000000100036a4                __wrap___aeabi_idiv
                0x00000000100036ac                divmod_s32s32_unsafe
                0x00000000100036d8                divmod_s32s32_savestate
 .text.__wrap___aeabi_uidiv
                0x00000000100036f4       0x4c CMakeFiles/Pico_Project.dir/mnt/c/Users/efede/pico/pico-sdk/src/rp2_common/pico_divider/divider.S.obj
                0x00000000100036f4                __wrap___aeabi_uidiv
                0x00000000100036f4                __wrap___aeabi_uidivmod
                0x00000000100036f4                div_u32u32
                0x00000000100036f4                divmod_u32u32
                0x00000000100036fc                divmod_u32u32_unsafe
                0x0000000010003724                divmod_u32u32_savestate
 .text.__wrap___aeabi_ldiv
                0x0000000010003740      0x434 CMakeFiles/Pico_Project.dir/mnt/c/Users/efede/pico/pico-sdk/src/rp2_common/pico_divider/divider.S.obj
                0x0000000010003740                div_s64s64
                0x0000000010003740                divmod_s64s64
                0x0000000010003740                __wrap___aeabi_ldivmod
                0x0000000010003778                div_u64u64
                0x0000000010003778                divmod_u64u64
                0x0000000010003778                __wrap___aeabi_uldivmod
                0x0000000010003788                divmod_u64u64_savestate
                0x00000000100037b0                divmod_s64s64_unsafe
                0x0000000010003838                divmod_u64u64_unsafe
 .text.__wrap___aeabi_darithmetic
                0x0000000010003b74       0x80 CMakeFiles/Pico_Project.dir/mnt/c/Users/efede/pico/pico-sdk/src/rp2_common/pico_double/double_aeabi.S.obj
                0x0000000010003b74                __wrap___aeabi_drsub
                0x0000000010003b7a                __wrap___aeabi_dsub
                0x0000000010003b8c                __wrap___aeabi_dadd
                0x0000000010003b9e                __wrap___aeabi_ddiv
                0x0000000010003bda                __wrap___aeabi_dmul
 .text.__wrap___aeabi_cdcmple
                0x0000000010003bf4       0x6c CMakeFiles/Pico_Project.dir/mnt/c/Users/efede/pico/pico-sdk/src/rp2_common/pico_double/double_aeabi.S.obj
                0x0000000010003bf4                __wrap___aeabi_cdrcmple
                0x0000000010003c04                __wrap___aeabi_cdcmple
                0x0000000010003c04                __wrap___aeabi_cdcmpeq
 .text.__wrap___aeabi_dcmplt
                0x0000000010003c60        0xc CMakeFiles/Pico_Project.dir/mnt/c/Users/efede/pico/pico-sdk/src/rp2_common/pico_double/double_aeabi.S.obj
                0x0000000010003c60                __wrap___aeabi_dcmplt
 .text.__wrap___aeabi_dcmple
                0x0000000010003c6c       0x10 CMakeFiles/Pico_Project.dir/mnt/c/Users/efede/pico/pico-sdk/src/rp2_common/pico_double/double_aeabi.S.obj
                0x0000000010003c6c                __wrap___aeabi_dcmple
 .text.__wrap___aeabi_dcmpge
                0x0000000010003c7c       0x10 CMakeFiles/Pico_Project.dir/mnt/c/Users/efede/pico/pico-sdk/src/rp2_common/pico_double/double_aeabi.S.obj
                0x0000000010003c7c                __wrap___aeabi_dcmpge
 .text.__wrap___aeabi_dcmpgt
                0x0000000010003c8c        0xa CMakeFiles/Pico_Project.dir/mnt/c/Users/efede/pico/pico-sdk/src/rp2_common/pico_double/double_aeabi.S.obj
                0x0000000010003c8c                __wrap___aeabi_dcmpgt
 .text.__wrap___aeabi_dcmpun
                0x0000000010003c96       0x1c CMakeFiles/Pico_Project.dir/mnt/c/Users/efede/pico/pico-sdk/src/rp2_common/pico_double/double_aeabi.S.obj
                0x0000000010003c96                __wrap___aeabi_dcmpun
 *fill*         0x0000000010003cb2        0x2 
 .text.__wrap___aeabi_i2d
                0x0000000010003cb4       0x38 CMakeFiles/Pico_Project.dir/mnt/c/Users/efede/pico/pico-sdk/src/rp2_common/pico_double/double_aeabi.S.obj
                0x0000000010003cb4                __wrap___aeabi_ui2d
                0x0000000010003cbc                __wrap___aeabi_i2d
 .text.__wrap___aeabi_d2iz
                0x0000000010003cec       0x48 CMakeFiles/Pico_Project.dir/mnt/c/Users/efede/pico/pico-sdk/src/rp2_common/pico_double/double_aeabi.S.obj
                0x0000000010003cec                __wrap___aeabi_d2iz
                0x0000000010003cec                double2int_z
 .text.__wrap___aeabi_d2uiz
                0x0000000010003d34       0x18 CMakeFiles/Pico_Project.dir/mnt/c/Users/efede/pico/pico-sdk/src/rp2_common/pico_double/double_aeabi.S.obj
                0x0000000010003d34                double2uint
                0x0000000010003d34                __wrap___aeabi_d2uiz
 .text.__aeabi_double_init
                0x0000000010003d4c       0xc8 CMakeFiles/Pico_Project.dir/mnt/c/Users/efede/pico/pico-sdk/src/rp2_common/pico_double/double_init_rom.c.obj
                0x0000000010003d4c                __aeabi_double_init
 .text.double_table_shim_on_use_helper
                0x0000000010003e14       0x34 CMakeFiles/Pico_Project.dir/mnt/c/Users/efede/pico/pico-sdk/src/rp2_common/pico_double/double_v1_rom_shim.S.obj
                0x0000000010003e14                double_table_shim_on_use_helper
 .text.__wrap___aeabi_dsub
                0x0000000010003e48       0x10 CMakeFiles/Pico_Project.dir/mnt/c/Users/efede/pico/pico-sdk/src/rp2_common/pico_double/double_v1_rom_shim.S.obj
                0x0000000010003e48                drsub_shim
                0x0000000010003e4e                dsub_shim
 .text.dadd_shim
                0x0000000010003e58      0x15c CMakeFiles/Pico_Project.dir/mnt/c/Users/efede/pico/pico-sdk/src/rp2_common/pico_double/double_v1_rom_shim.S.obj
                0x0000000010003e58                dadd_shim
 .text.dmul_shim
                0x0000000010003fb4      0x15c CMakeFiles/Pico_Project.dir/mnt/c/Users/efede/pico/pico-sdk/src/rp2_common/pico_double/double_v1_rom_shim.S.obj
                0x0000000010003fb4                dmul_shim
 .text.ddiv_shim
                0x0000000010004110      0x1b0 CMakeFiles/Pico_Project.dir/mnt/c/Users/efede/pico/pico-sdk/src/rp2_common/pico_double/double_v1_rom_shim.S.obj
                0x0000000010004110                ddiv_shim
 .text.double2uint_shim
                0x00000000100042c0        0xe CMakeFiles/Pico_Project.dir/mnt/c/Users/efede/pico/pico-sdk/src/rp2_common/pico_double/double_v1_rom_shim.S.obj
                0x00000000100042c0                double2uint_shim
                0x00000000100042c2                double2ufix_shim
 *fill*         0x00000000100042ce        0x2 
 .text.double2uint64_shim
                0x00000000100042d0       0x70 CMakeFiles/Pico_Project.dir/mnt/c/Users/efede/pico/pico-sdk/src/rp2_common/pico_double/double_v1_rom_shim.S.obj
                0x00000000100042d0                double2uint64_shim
                0x00000000100042d2                double2ufix64_shim
                0x00000000100042f2                d2fix_a
 .text.dunpacks
                0x0000000010004340       0x3c CMakeFiles/Pico_Project.dir/mnt/c/Users/efede/pico/pico-sdk/src/rp2_common/pico_double/double_v1_rom_shim.S.obj
                0x0000000010004340                dunpacks
 .text.__aeabi_lmul
                0x000000001000437c       0x32 CMakeFiles/Pico_Project.dir/mnt/c/Users/efede/pico/pico-sdk/src/rp2_common/pico_int64_ops/pico_int64_ops_aeabi.S.obj
                0x000000001000437c                __wrap___aeabi_lmul
 *fill*         0x00000000100043ae        0x2 
 .text.__aeabi_float_init
                0x00000000100043b0       0xfc CMakeFiles/Pico_Project.dir/mnt/c/Users/efede/pico/pico-sdk/src/rp2_common/pico_float/float_init_rom.c.obj
                0x00000000100043b0                __aeabi_float_init
 .text.float_table_shim_on_use_helper
                0x00000000100044ac       0x34 CMakeFiles/Pico_Project.dir/mnt/c/Users/efede/pico/pico-sdk/src/rp2_common/pico_float/float_v1_rom_shim.S.obj
                0x00000000100044ac                float_table_shim_on_use_helper
 .text.__wrap_malloc
                0x00000000100044e0       0x24 CMakeFiles/Pico_Project.dir/mnt/c/Users/efede/pico/pico-sdk/src/rp2_common/pico_malloc/pico_malloc.c.obj
                0x00000000100044e0                __wrap_malloc
 .text.__wrap_free
                0x0000000010004504        0x8 CMakeFiles/Pico_Project.dir/mnt/c/Users/efede/pico/pico-sdk/src/rp2_common/pico_malloc/pico_malloc.c.obj
                0x0000000010004504                __wrap_free
 .text          0x000000001000450c       0x10 CMakeFiles/Pico_Project.dir/mnt/c/Users/efede/pico/pico-sdk/src/rp2_common/pico_mem_ops/mem_ops_aeabi.S.obj
                0x000000001000450c                __aeabi_mem_init
 .text.memset   0x000000001000451c        0xc CMakeFiles/Pico_Project.dir/mnt/c/Users/efede/pico/pico-sdk/src/rp2_common/pico_mem_ops/mem_ops_aeabi.S.obj
                0x000000001000451c                __wrap_memset
 .text.memcpy   0x0000000010004528        0xc CMakeFiles/Pico_Project.dir/mnt/c/Users/efede/pico/pico-sdk/src/rp2_common/pico_mem_ops/mem_ops_aeabi.S.obj
                0x0000000010004528                __wrap___aeabi_memcpy
                0x0000000010004528                __wrap_memcpy
 .text.stdio_out_chars_no_crlf
                0x0000000010004534        0xe CMakeFiles/Pico_Project.dir/mnt/c/Users/efede/pico/pico-sdk/src/rp2_common/pico_stdio/stdio.c.obj
 *fill*         0x0000000010004542        0x2 
 .text.stdio_out_chars_crlf
                0x0000000010004544       0x80 CMakeFiles/Pico_Project.dir/mnt/c/Users/efede/pico/pico-sdk/src/rp2_common/pico_stdio/stdio.c.obj
 .text.stdio_stack_buffer_flush
                0x00000000100045c4       0x44 CMakeFiles/Pico_Project.dir/mnt/c/Users/efede/pico/pico-sdk/src/rp2_common/pico_stdio/stdio.c.obj
 .text.stdio_buffered_printer
                0x0000000010004608       0x20 CMakeFiles/Pico_Project.dir/mnt/c/Users/efede/pico/pico-sdk/src/rp2_common/pico_stdio/stdio.c.obj
 .text.stdout_serialize_begin
                0x0000000010004628       0x30 CMakeFiles/Pico_Project.dir/mnt/c/Users/efede/pico/pico-sdk/src/rp2_common/pico_stdio/stdio.c.obj
                0x0000000010004628                stdout_serialize_begin
 .text.stdout_serialize_end
                0x0000000010004658       0x10 CMakeFiles/Pico_Project.dir/mnt/c/Users/efede/pico/pico-sdk/src/rp2_common/pico_stdio/stdio.c.obj
                0x0000000010004658                stdout_serialize_end
 .text.stdio_put_string
                0x0000000010004668       0x98 CMakeFiles/Pico_Project.dir/mnt/c/Users/efede/pico/pico-sdk/src/rp2_common/pico_stdio/stdio.c.obj
 .text.stdio_set_driver_enabled
                0x0000000010004700       0x2c CMakeFiles/Pico_Project.dir/mnt/c/Users/efede/pico/pico-sdk/src/rp2_common/pico_stdio/stdio.c.obj
                0x0000000010004700                stdio_set_driver_enabled
 .text.stdio_flush
                0x000000001000472c       0x20 CMakeFiles/Pico_Project.dir/mnt/c/Users/efede/pico/pico-sdk/src/rp2_common/pico_stdio/stdio.c.obj
                0x000000001000472c                stdio_flush
 .text.__wrap_puts
                0x000000001000474c       0x1e CMakeFiles/Pico_Project.dir/mnt/c/Users/efede/pico/pico-sdk/src/rp2_common/pico_stdio/stdio.c.obj
                0x000000001000474c                __wrap_puts
 *fill*         0x000000001000476a        0x2 
 .text.__wrap_vprintf
                0x000000001000476c       0x44 CMakeFiles/Pico_Project.dir/mnt/c/Users/efede/pico/pico-sdk/src/rp2_common/pico_stdio/stdio.c.obj
                0x000000001000476c                __wrap_vprintf
 .text.__wrap_printf
                0x00000000100047b0       0x18 CMakeFiles/Pico_Project.dir/mnt/c/Users/efede/pico/pico-sdk/src/rp2_common/pico_stdio/stdio.c.obj
                0x00000000100047b0                __wrap_printf
 .text.stdio_init_all
                0x00000000100047c8        0xc CMakeFiles/Pico_Project.dir/mnt/c/Users/efede/pico/pico-sdk/src/rp2_common/pico_stdio/stdio.c.obj
                0x00000000100047c8                stdio_init_all
 .text.stdio_uart_out_chars
                0x00000000100047d4       0x74 CMakeFiles/Pico_Project.dir/mnt/c/Users/efede/pico/pico-sdk/src/rp2_common/pico_stdio_uart/stdio_uart.c.obj
 .text.stdio_uart_in_chars
                0x0000000010004848       0x58 CMakeFiles/Pico_Project.dir/mnt/c/Users/efede/pico/pico-sdk/src/rp2_common/pico_stdio_uart/stdio_uart.c.obj
                0x0000000010004848                stdio_uart_in_chars
 .text.stdio_uart_init_full
                0x00000000100048a0       0x3c CMakeFiles/Pico_Project.dir/mnt/c/Users/efede/pico/pico-sdk/src/rp2_common/pico_stdio_uart/stdio_uart.c.obj
                0x00000000100048a0                stdio_uart_init_full
 .text.stdio_uart_init
                0x00000000100048dc       0x28 CMakeFiles/Pico_Project.dir/mnt/c/Users/efede/pico/pico-sdk/src/rp2_common/pico_stdio_uart/stdio_uart.c.obj
                0x00000000100048dc                stdio_uart_init
 .text.resetd_init
                0x0000000010004904        0x2 CMakeFiles/Pico_Project.dir/mnt/c/Users/efede/pico/pico-sdk/src/rp2_common/pico_stdio_usb/reset_interface.c.obj
 *fill*         0x0000000010004906        0x2 
 .text.resetd_reset
                0x0000000010004908        0xc CMakeFiles/Pico_Project.dir/mnt/c/Users/efede/pico/pico-sdk/src/rp2_common/pico_stdio_usb/reset_interface.c.obj
 .text.resetd_open
                0x0000000010004914       0x34 CMakeFiles/Pico_Project.dir/mnt/c/Users/efede/pico/pico-sdk/src/rp2_common/pico_stdio_usb/reset_interface.c.obj
 .text.resetd_xfer_cb
                0x0000000010004948        0x4 CMakeFiles/Pico_Project.dir/mnt/c/Users/efede/pico/pico-sdk/src/rp2_common/pico_stdio_usb/reset_interface.c.obj
 .text.reset_usb_boot
                0x000000001000494c       0x18 CMakeFiles/Pico_Project.dir/mnt/c/Users/efede/pico/pico-sdk/src/rp2_common/pico_stdio_usb/reset_interface.c.obj
 .text.resetd_control_xfer_cb
                0x0000000010004964       0x5c CMakeFiles/Pico_Project.dir/mnt/c/Users/efede/pico/pico-sdk/src/rp2_common/pico_stdio_usb/reset_interface.c.obj
 .text.usbd_app_driver_get_cb
                0x00000000100049c0        0xc CMakeFiles/Pico_Project.dir/mnt/c/Users/efede/pico/pico-sdk/src/rp2_common/pico_stdio_usb/reset_interface.c.obj
                0x00000000100049c0                usbd_app_driver_get_cb
 .text.tud_cdc_line_coding_cb
                0x00000000100049cc       0x28 CMakeFiles/Pico_Project.dir/mnt/c/Users/efede/pico/pico-sdk/src/rp2_common/pico_stdio_usb/reset_interface.c.obj
                0x00000000100049cc                tud_cdc_line_coding_cb
 .text.stdio_usb_in_chars
                0x00000000100049f4       0x70 CMakeFiles/Pico_Project.dir/mnt/c/Users/efede/pico/pico-sdk/src/rp2_common/pico_stdio_usb/stdio_usb.c.obj
                0x00000000100049f4                stdio_usb_in_chars
 .text.low_priority_worker_irq
                0x0000000010004a64       0x20 CMakeFiles/Pico_Project.dir/mnt/c/Users/efede/pico/pico-sdk/src/rp2_common/pico_stdio_usb/stdio_usb.c.obj
 .text.stdio_usb_out_chars
                0x0000000010004a84       0xd4 CMakeFiles/Pico_Project.dir/mnt/c/Users/efede/pico/pico-sdk/src/rp2_common/pico_stdio_usb/stdio_usb.c.obj
 .text.timer_task
                0x0000000010004b58       0x10 CMakeFiles/Pico_Project.dir/mnt/c/Users/efede/pico/pico-sdk/src/rp2_common/pico_stdio_usb/stdio_usb.c.obj
 .text.stdio_usb_init
                0x0000000010004b68       0xb8 CMakeFiles/Pico_Project.dir/mnt/c/Users/efede/pico/pico-sdk/src/rp2_common/pico_stdio_usb/stdio_usb.c.obj
                0x0000000010004b68                stdio_usb_init
 .text.tud_descriptor_device_cb
                0x0000000010004c20        0x8 CMakeFiles/Pico_Project.dir/mnt/c/Users/efede/pico/pico-sdk/src/rp2_common/pico_stdio_usb/stdio_usb_descriptors.c.obj
                0x0000000010004c20                tud_descriptor_device_cb
 .text.tud_descriptor_configuration_cb
                0x0000000010004c28        0x8 CMakeFiles/Pico_Project.dir/mnt/c/Users/efede/pico/pico-sdk/src/rp2_common/pico_stdio_usb/stdio_usb_descriptors.c.obj
                0x0000000010004c28                tud_descriptor_configuration_cb
 .text.tud_descriptor_string_cb
                0x0000000010004c30       0x6c CMakeFiles/Pico_Project.dir/mnt/c/Users/efede/pico/pico-sdk/src/rp2_common/pico_stdio_usb/stdio_usb_descriptors.c.obj
                0x0000000010004c30                tud_descriptor_string_cb
 .text.hw_endpoint_get_by_addr
                0x0000000010004c9c       0x18 CMakeFiles/Pico_Project.dir/mnt/c/Users/efede/pico/pico-sdk/lib/tinyusb/src/portable/raspberrypi/rp2040/dcd_rp2040.c.obj
 .text.reset_ep0_pid
                0x0000000010004cb4       0x28 CMakeFiles/Pico_Project.dir/mnt/c/Users/efede/pico/pico-sdk/lib/tinyusb/src/portable/raspberrypi/rp2040/dcd_rp2040.c.obj
 .text._hw_endpoint_alloc
                0x0000000010004cdc       0x70 CMakeFiles/Pico_Project.dir/mnt/c/Users/efede/pico/pico-sdk/lib/tinyusb/src/portable/raspberrypi/rp2040/dcd_rp2040.c.obj
 .text.hw_endpoint_init
                0x0000000010004d4c       0x88 CMakeFiles/Pico_Project.dir/mnt/c/Users/efede/pico/pico-sdk/lib/tinyusb/src/portable/raspberrypi/rp2040/dcd_rp2040.c.obj
 .text.reset_non_control_endpoints
                0x0000000010004dd4       0x40 CMakeFiles/Pico_Project.dir/mnt/c/Users/efede/pico/pico-sdk/lib/tinyusb/src/portable/raspberrypi/rp2040/dcd_rp2040.c.obj
 .text.hw_handle_buff_status
                0x0000000010004e14       0x8c CMakeFiles/Pico_Project.dir/mnt/c/Users/efede/pico/pico-sdk/lib/tinyusb/src/portable/raspberrypi/rp2040/dcd_rp2040.c.obj
 .text.dcd_rp2040_irq
                0x0000000010004ea0       0xc0 CMakeFiles/Pico_Project.dir/mnt/c/Users/efede/pico/pico-sdk/lib/tinyusb/src/portable/raspberrypi/rp2040/dcd_rp2040.c.obj
 .text.hw_endpoint_xfer
                0x0000000010004f60       0x14 CMakeFiles/Pico_Project.dir/mnt/c/Users/efede/pico/pico-sdk/lib/tinyusb/src/portable/raspberrypi/rp2040/dcd_rp2040.c.obj
 .text.dcd_int_enable
                0x0000000010004f74       0x2c CMakeFiles/Pico_Project.dir/mnt/c/Users/efede/pico/pico-sdk/lib/tinyusb/src/portable/raspberrypi/rp2040/dcd_rp2040.c.obj
                0x0000000010004f74                dcd_int_enable
 .text.dcd_set_address
                0x0000000010004fa0       0x2c CMakeFiles/Pico_Project.dir/mnt/c/Users/efede/pico/pico-sdk/lib/tinyusb/src/portable/raspberrypi/rp2040/dcd_rp2040.c.obj
                0x0000000010004fa0                dcd_set_address
 .text.dcd_connect
                0x0000000010004fcc       0x10 CMakeFiles/Pico_Project.dir/mnt/c/Users/efede/pico/pico-sdk/lib/tinyusb/src/portable/raspberrypi/rp2040/dcd_rp2040.c.obj
                0x0000000010004fcc                dcd_connect
 .text.dcd_init
                0x0000000010004fdc       0x7c CMakeFiles/Pico_Project.dir/mnt/c/Users/efede/pico/pico-sdk/lib/tinyusb/src/portable/raspberrypi/rp2040/dcd_rp2040.c.obj
                0x0000000010004fdc                dcd_init
 .text.dcd_edpt0_status_complete
                0x0000000010005058       0x1c CMakeFiles/Pico_Project.dir/mnt/c/Users/efede/pico/pico-sdk/lib/tinyusb/src/portable/raspberrypi/rp2040/dcd_rp2040.c.obj
                0x0000000010005058                dcd_edpt0_status_complete
 .text.dcd_edpt_open
                0x0000000010005074       0x40 CMakeFiles/Pico_Project.dir/mnt/c/Users/efede/pico/pico-sdk/lib/tinyusb/src/portable/raspberrypi/rp2040/dcd_rp2040.c.obj
                0x0000000010005074                dcd_edpt_open
 .text.dcd_edpt_close_all
                0x00000000100050b4        0x8 CMakeFiles/Pico_Project.dir/mnt/c/Users/efede/pico/pico-sdk/lib/tinyusb/src/portable/raspberrypi/rp2040/dcd_rp2040.c.obj
                0x00000000100050b4                dcd_edpt_close_all
 .text.dcd_edpt_xfer
                0x00000000100050bc       0x30 CMakeFiles/Pico_Project.dir/mnt/c/Users/efede/pico/pico-sdk/lib/tinyusb/src/portable/raspberrypi/rp2040/dcd_rp2040.c.obj
                0x00000000100050bc                dcd_edpt_xfer
 .text.dcd_edpt_stall
                0x00000000100050ec       0x2c CMakeFiles/Pico_Project.dir/mnt/c/Users/efede/pico/pico-sdk/lib/tinyusb/src/portable/raspberrypi/rp2040/dcd_rp2040.c.obj
                0x00000000100050ec                dcd_edpt_stall
 .text.dcd_edpt_clear_stall
                0x0000000010005118       0x20 CMakeFiles/Pico_Project.dir/mnt/c/Users/efede/pico/pico-sdk/lib/tinyusb/src/portable/raspberrypi/rp2040/dcd_rp2040.c.obj
                0x0000000010005118                dcd_edpt_clear_stall
 .text.prepare_ep_buffer
                0x0000000010005138       0x70 CMakeFiles/Pico_Project.dir/mnt/c/Users/efede/pico/pico-sdk/lib/tinyusb/src/portable/raspberrypi/rp2040/rp2040_usb.c.obj
 .text.sync_ep_buffer
                0x00000000100051a8       0x7c CMakeFiles/Pico_Project.dir/mnt/c/Users/efede/pico/pico-sdk/lib/tinyusb/src/portable/raspberrypi/rp2040/rp2040_usb.c.obj
 .text._hw_endpoint_xfer_sync
                0x0000000010005224       0x28 CMakeFiles/Pico_Project.dir/mnt/c/Users/efede/pico/pico-sdk/lib/tinyusb/src/portable/raspberrypi/rp2040/rp2040_usb.c.obj
 .text.rp2040_usb_init
                0x000000001000524c       0x4c CMakeFiles/Pico_Project.dir/mnt/c/Users/efede/pico/pico-sdk/lib/tinyusb/src/portable/raspberrypi/rp2040/rp2040_usb.c.obj
                0x000000001000524c                rp2040_usb_init
 .text.hw_endpoint_reset_transfer
                0x0000000010005298        0xc CMakeFiles/Pico_Project.dir/mnt/c/Users/efede/pico/pico-sdk/lib/tinyusb/src/portable/raspberrypi/rp2040/rp2040_usb.c.obj
                0x0000000010005298                hw_endpoint_reset_transfer
 .text._hw_endpoint_buffer_control_update32
                0x00000000100052a4       0x58 CMakeFiles/Pico_Project.dir/mnt/c/Users/efede/pico/pico-sdk/lib/tinyusb/src/portable/raspberrypi/rp2040/rp2040_usb.c.obj
                0x00000000100052a4                _hw_endpoint_buffer_control_update32
 .text._hw_endpoint_start_next_buffer
                0x00000000100052fc       0x74 CMakeFiles/Pico_Project.dir/mnt/c/Users/efede/pico/pico-sdk/lib/tinyusb/src/portable/raspberrypi/rp2040/rp2040_usb.c.obj
 .text.hw_endpoint_xfer_start
                0x0000000010005370       0x48 CMakeFiles/Pico_Project.dir/mnt/c/Users/efede/pico/pico-sdk/lib/tinyusb/src/portable/raspberrypi/rp2040/rp2040_usb.c.obj
                0x0000000010005370                hw_endpoint_xfer_start
 .text.hw_endpoint_xfer_continue
                0x00000000100053b8       0x38 CMakeFiles/Pico_Project.dir/mnt/c/Users/efede/pico/pico-sdk/lib/tinyusb/src/portable/raspberrypi/rp2040/rp2040_usb.c.obj
                0x00000000100053b8                hw_endpoint_xfer_continue
 .text.configuration_reset
                0x00000000100053f0       0x84 CMakeFiles/Pico_Project.dir/mnt/c/Users/efede/pico/pico-sdk/lib/tinyusb/src/device/usbd.c.obj
 .text.usbd_reset
                0x0000000010005474        0xc CMakeFiles/Pico_Project.dir/mnt/c/Users/efede/pico/pico-sdk/lib/tinyusb/src/device/usbd.c.obj
 .text.invoke_class_control
                0x0000000010005480       0x1a CMakeFiles/Pico_Project.dir/mnt/c/Users/efede/pico/pico-sdk/lib/tinyusb/src/device/usbd.c.obj
 *fill*         0x000000001000549a        0x2 
 .text.process_set_config
                0x000000001000549c      0x1b0 CMakeFiles/Pico_Project.dir/mnt/c/Users/efede/pico/pico-sdk/lib/tinyusb/src/device/usbd.c.obj
 .text.process_get_descriptor
                0x000000001000564c       0xec CMakeFiles/Pico_Project.dir/mnt/c/Users/efede/pico/pico-sdk/lib/tinyusb/src/device/usbd.c.obj
 .text.tud_mounted
                0x0000000010005738       0x10 CMakeFiles/Pico_Project.dir/mnt/c/Users/efede/pico/pico-sdk/lib/tinyusb/src/device/usbd.c.obj
                0x0000000010005738                tud_mounted
 .text.tud_suspended
                0x0000000010005748       0x10 CMakeFiles/Pico_Project.dir/mnt/c/Users/efede/pico/pico-sdk/lib/tinyusb/src/device/usbd.c.obj
                0x0000000010005748                tud_suspended
 .text.tud_inited
                0x0000000010005758        0xc CMakeFiles/Pico_Project.dir/mnt/c/Users/efede/pico/pico-sdk/lib/tinyusb/src/device/usbd.c.obj
                0x0000000010005758                tud_inited
 .text.tud_init
                0x0000000010005764       0xcc CMakeFiles/Pico_Project.dir/mnt/c/Users/efede/pico/pico-sdk/lib/tinyusb/src/device/usbd.c.obj
                0x0000000010005764                tud_init
 .text.dcd_event_handler
                0x0000000010005830      0x1e0 CMakeFiles/Pico_Project.dir/mnt/c/Users/efede/pico/pico-sdk/lib/tinyusb/src/device/usbd.c.obj
                0x0000000010005830                dcd_event_handler
 .text.dcd_event_bus_signal
                0x0000000010005a10       0x26 CMakeFiles/Pico_Project.dir/mnt/c/Users/efede/pico/pico-sdk/lib/tinyusb/src/device/usbd.c.obj
                0x0000000010005a10                dcd_event_bus_signal
 .text.dcd_event_bus_reset
                0x0000000010005a36       0x2a CMakeFiles/Pico_Project.dir/mnt/c/Users/efede/pico/pico-sdk/lib/tinyusb/src/device/usbd.c.obj
                0x0000000010005a36                dcd_event_bus_reset
 .text.dcd_event_setup_received
                0x0000000010005a60       0x34 CMakeFiles/Pico_Project.dir/mnt/c/Users/efede/pico/pico-sdk/lib/tinyusb/src/device/usbd.c.obj
                0x0000000010005a60                dcd_event_setup_received
 .text.dcd_event_xfer_complete
                0x0000000010005a94       0x44 CMakeFiles/Pico_Project.dir/mnt/c/Users/efede/pico/pico-sdk/lib/tinyusb/src/device/usbd.c.obj
                0x0000000010005a94                dcd_event_xfer_complete
 .text.usbd_edpt_open
                0x0000000010005ad8       0x58 CMakeFiles/Pico_Project.dir/mnt/c/Users/efede/pico/pico-sdk/lib/tinyusb/src/device/usbd.c.obj
                0x0000000010005ad8                usbd_edpt_open
 .text.usbd_open_edpt_pair
                0x0000000010005b30       0x8c CMakeFiles/Pico_Project.dir/mnt/c/Users/efede/pico/pico-sdk/lib/tinyusb/src/device/usbd.c.obj
                0x0000000010005b30                usbd_open_edpt_pair
 .text.usbd_edpt_claim
                0x0000000010005bbc       0x8c CMakeFiles/Pico_Project.dir/mnt/c/Users/efede/pico/pico-sdk/lib/tinyusb/src/device/usbd.c.obj
                0x0000000010005bbc                usbd_edpt_claim
 .text.usbd_edpt_release
                0x0000000010005c48       0x68 CMakeFiles/Pico_Project.dir/mnt/c/Users/efede/pico/pico-sdk/lib/tinyusb/src/device/usbd.c.obj
                0x0000000010005c48                usbd_edpt_release
 .text.usbd_edpt_xfer
                0x0000000010005cb0       0x80 CMakeFiles/Pico_Project.dir/mnt/c/Users/efede/pico/pico-sdk/lib/tinyusb/src/device/usbd.c.obj
                0x0000000010005cb0                usbd_edpt_xfer
 .text.usbd_edpt_stall
                0x0000000010005d30       0x40 CMakeFiles/Pico_Project.dir/mnt/c/Users/efede/pico/pico-sdk/lib/tinyusb/src/device/usbd.c.obj
                0x0000000010005d30                usbd_edpt_stall
 .text.usbd_edpt_clear_stall
                0x0000000010005d70       0x40 CMakeFiles/Pico_Project.dir/mnt/c/Users/efede/pico/pico-sdk/lib/tinyusb/src/device/usbd.c.obj
                0x0000000010005d70                usbd_edpt_clear_stall
 .text.usbd_edpt_stalled
                0x0000000010005db0       0x1c CMakeFiles/Pico_Project.dir/mnt/c/Users/efede/pico/pico-sdk/lib/tinyusb/src/device/usbd.c.obj
                0x0000000010005db0                usbd_edpt_stalled
 .text.process_control_request
                0x0000000010005dcc      0x3b8 CMakeFiles/Pico_Project.dir/mnt/c/Users/efede/pico/pico-sdk/lib/tinyusb/src/device/usbd.c.obj
 .text.tud_task
                0x0000000010006184      0x218 CMakeFiles/Pico_Project.dir/mnt/c/Users/efede/pico/pico-sdk/lib/tinyusb/src/device/usbd.c.obj
                0x0000000010006184                tud_task
 .text._data_stage_xact
                0x000000001000639c       0x58 CMakeFiles/Pico_Project.dir/mnt/c/Users/efede/pico/pico-sdk/lib/tinyusb/src/device/usbd_control.c.obj
 .text.tud_control_status
                0x00000000100063f4       0x38 CMakeFiles/Pico_Project.dir/mnt/c/Users/efede/pico/pico-sdk/lib/tinyusb/src/device/usbd_control.c.obj
                0x00000000100063f4                tud_control_status
 .text.tud_control_xfer
                0x000000001000642c       0xa8 CMakeFiles/Pico_Project.dir/mnt/c/Users/efede/pico/pico-sdk/lib/tinyusb/src/device/usbd_control.c.obj
                0x000000001000642c                tud_control_xfer
 .text.usbd_control_reset
                0x00000000100064d4       0x14 CMakeFiles/Pico_Project.dir/mnt/c/Users/efede/pico/pico-sdk/lib/tinyusb/src/device/usbd_control.c.obj
                0x00000000100064d4                usbd_control_reset
 .text.usbd_control_set_complete_callback
                0x00000000100064e8        0xc CMakeFiles/Pico_Project.dir/mnt/c/Users/efede/pico/pico-sdk/lib/tinyusb/src/device/usbd_control.c.obj
                0x00000000100064e8                usbd_control_set_complete_callback
 .text.usbd_control_set_request
                0x00000000100064f4       0x1c CMakeFiles/Pico_Project.dir/mnt/c/Users/efede/pico/pico-sdk/lib/tinyusb/src/device/usbd_control.c.obj
                0x00000000100064f4                usbd_control_set_request
 .text.usbd_control_xfer_cb
                0x0000000010006510       0xfc CMakeFiles/Pico_Project.dir/mnt/c/Users/efede/pico/pico-sdk/lib/tinyusb/src/device/usbd_control.c.obj
                0x0000000010006510                usbd_control_xfer_cb
 .text._prep_out_transaction
                0x000000001000660c       0x46 CMakeFiles/Pico_Project.dir/mnt/c/Users/efede/pico/pico-sdk/lib/tinyusb/src/class/cdc/cdc_device.c.obj
 *fill*         0x0000000010006652        0x2 
 .text.tud_cdc_n_connected
                0x0000000010006654       0x44 CMakeFiles/Pico_Project.dir/mnt/c/Users/efede/pico/pico-sdk/lib/tinyusb/src/class/cdc/cdc_device.c.obj
                0x0000000010006654                tud_cdc_n_connected
 .text.tud_cdc_n_available
                0x0000000010006698       0x18 CMakeFiles/Pico_Project.dir/mnt/c/Users/efede/pico/pico-sdk/lib/tinyusb/src/class/cdc/cdc_device.c.obj
                0x0000000010006698                tud_cdc_n_available
 .text.tud_cdc_n_read
                0x00000000100066b0       0x28 CMakeFiles/Pico_Project.dir/mnt/c/Users/efede/pico/pico-sdk/lib/tinyusb/src/class/cdc/cdc_device.c.obj
                0x00000000100066b0                tud_cdc_n_read
 .text.tud_cdc_n_write_flush
                0x00000000100066d8       0xcc CMakeFiles/Pico_Project.dir/mnt/c/Users/efede/pico/pico-sdk/lib/tinyusb/src/class/cdc/cdc_device.c.obj
                0x00000000100066d8                tud_cdc_n_write_flush
 .text.tud_cdc_n_write
                0x00000000100067a4       0x38 CMakeFiles/Pico_Project.dir/mnt/c/Users/efede/pico/pico-sdk/lib/tinyusb/src/class/cdc/cdc_device.c.obj
                0x00000000100067a4                tud_cdc_n_write
 .text.tud_cdc_n_write_available
                0x00000000100067dc       0x1c CMakeFiles/Pico_Project.dir/mnt/c/Users/efede/pico/pico-sdk/lib/tinyusb/src/class/cdc/cdc_device.c.obj
                0x00000000100067dc                tud_cdc_n_write_available
 .text.cdcd_init
                0x00000000100067f8       0xbc CMakeFiles/Pico_Project.dir/mnt/c/Users/efede/pico/pico-sdk/lib/tinyusb/src/class/cdc/cdc_device.c.obj
                0x00000000100067f8                cdcd_init
 .text.cdcd_reset
                0x00000000100068b4       0x44 CMakeFiles/Pico_Project.dir/mnt/c/Users/efede/pico/pico-sdk/lib/tinyusb/src/class/cdc/cdc_device.c.obj
                0x00000000100068b4                cdcd_reset
 .text.cdcd_open
                0x00000000100068f8       0xf8 CMakeFiles/Pico_Project.dir/mnt/c/Users/efede/pico/pico-sdk/lib/tinyusb/src/class/cdc/cdc_device.c.obj
                0x00000000100068f8                cdcd_open
 .text.cdcd_control_xfer_cb
                0x00000000100069f0      0x134 CMakeFiles/Pico_Project.dir/mnt/c/Users/efede/pico/pico-sdk/lib/tinyusb/src/class/cdc/cdc_device.c.obj
                0x00000000100069f0                cdcd_control_xfer_cb
 .text.cdcd_xfer_cb
                0x0000000010006b24      0x144 CMakeFiles/Pico_Project.dir/mnt/c/Users/efede/pico/pico-sdk/lib/tinyusb/src/class/cdc/cdc_device.c.obj
                0x0000000010006b24                cdcd_xfer_cb
 .text.tusb_init
                0x0000000010006c68       0x24 CMakeFiles/Pico_Project.dir/mnt/c/Users/efede/pico/pico-sdk/lib/tinyusb/src/tusb.c.obj
                0x0000000010006c68                tusb_init
 .text.tusb_inited
                0x0000000010006c8c        0xe CMakeFiles/Pico_Project.dir/mnt/c/Users/efede/pico/pico-sdk/lib/tinyusb/src/tusb.c.obj
                0x0000000010006c8c                tusb_inited
 *fill*         0x0000000010006c9a        0x2 
 .text.tu_edpt_validate
                0x0000000010006c9c       0xa8 CMakeFiles/Pico_Project.dir/mnt/c/Users/efede/pico/pico-sdk/lib/tinyusb/src/tusb.c.obj
                0x0000000010006c9c                tu_edpt_validate
 .text.tu_edpt_bind_driver
                0x0000000010006d44       0x2a CMakeFiles/Pico_Project.dir/mnt/c/Users/efede/pico/pico-sdk/lib/tinyusb/src/tusb.c.obj
                0x0000000010006d44                tu_edpt_bind_driver
 .text.advance_pointer
                0x0000000010006d6e       0x18 CMakeFiles/Pico_Project.dir/mnt/c/Users/efede/pico/pico-sdk/lib/tinyusb/src/common/tusb_fifo.c.obj
 .text.backward_pointer
                0x0000000010006d86       0x1e CMakeFiles/Pico_Project.dir/mnt/c/Users/efede/pico/pico-sdk/lib/tinyusb/src/common/tusb_fifo.c.obj
 .text.get_relative_pointer
                0x0000000010006da4       0x10 CMakeFiles/Pico_Project.dir/mnt/c/Users/efede/pico/pico-sdk/lib/tinyusb/src/common/tusb_fifo.c.obj
 .text._tu_fifo_peek
                0x0000000010006db4       0x50 CMakeFiles/Pico_Project.dir/mnt/c/Users/efede/pico/pico-sdk/lib/tinyusb/src/common/tusb_fifo.c.obj
 .text._ff_pull_const_addr
                0x0000000010006e04       0x4c CMakeFiles/Pico_Project.dir/mnt/c/Users/efede/pico/pico-sdk/lib/tinyusb/src/common/tusb_fifo.c.obj
 .text._ff_pull_n
                0x0000000010006e50      0x10c CMakeFiles/Pico_Project.dir/mnt/c/Users/efede/pico/pico-sdk/lib/tinyusb/src/common/tusb_fifo.c.obj
 .text._tu_fifo_peek_n
                0x0000000010006f5c       0x5e CMakeFiles/Pico_Project.dir/mnt/c/Users/efede/pico/pico-sdk/lib/tinyusb/src/common/tusb_fifo.c.obj
 .text._tu_fifo_read_n
                0x0000000010006fba       0x4e CMakeFiles/Pico_Project.dir/mnt/c/Users/efede/pico/pico-sdk/lib/tinyusb/src/common/tusb_fifo.c.obj
 .text._ff_push_const_addr
                0x0000000010007008       0x40 CMakeFiles/Pico_Project.dir/mnt/c/Users/efede/pico/pico-sdk/lib/tinyusb/src/common/tusb_fifo.c.obj
 .text._ff_push_n
                0x0000000010007048      0x108 CMakeFiles/Pico_Project.dir/mnt/c/Users/efede/pico/pico-sdk/lib/tinyusb/src/common/tusb_fifo.c.obj
 .text._tu_fifo_write_n
                0x0000000010007150       0x9e CMakeFiles/Pico_Project.dir/mnt/c/Users/efede/pico/pico-sdk/lib/tinyusb/src/common/tusb_fifo.c.obj
 .text.tu_fifo_config
                0x00000000100071ee       0x72 CMakeFiles/Pico_Project.dir/mnt/c/Users/efede/pico/pico-sdk/lib/tinyusb/src/common/tusb_fifo.c.obj
                0x00000000100071ee                tu_fifo_config
 .text.tu_fifo_count
                0x0000000010007260       0x26 CMakeFiles/Pico_Project.dir/mnt/c/Users/efede/pico/pico-sdk/lib/tinyusb/src/common/tusb_fifo.c.obj
                0x0000000010007260                tu_fifo_count
 .text.tu_fifo_empty
                0x0000000010007286       0x10 CMakeFiles/Pico_Project.dir/mnt/c/Users/efede/pico/pico-sdk/lib/tinyusb/src/common/tusb_fifo.c.obj
                0x0000000010007286                tu_fifo_empty
 .text.tu_fifo_remaining
                0x0000000010007296       0x20 CMakeFiles/Pico_Project.dir/mnt/c/Users/efede/pico/pico-sdk/lib/tinyusb/src/common/tusb_fifo.c.obj
                0x0000000010007296                tu_fifo_remaining
 .text.tu_fifo_read
                0x00000000100072b6       0x42 CMakeFiles/Pico_Project.dir/mnt/c/Users/efede/pico/pico-sdk/lib/tinyusb/src/common/tusb_fifo.c.obj
                0x00000000100072b6                tu_fifo_read
 .text.tu_fifo_read_n
                0x00000000100072f8        0xa CMakeFiles/Pico_Project.dir/mnt/c/Users/efede/pico/pico-sdk/lib/tinyusb/src/common/tusb_fifo.c.obj
                0x00000000100072f8                tu_fifo_read_n
 .text.tu_fifo_write
                0x0000000010007302       0x6c CMakeFiles/Pico_Project.dir/mnt/c/Users/efede/pico/pico-sdk/lib/tinyusb/src/common/tusb_fifo.c.obj
                0x0000000010007302                tu_fifo_write
 .text.tu_fifo_write_n
                0x000000001000736e        0xa CMakeFiles/Pico_Project.dir/mnt/c/Users/efede/pico/pico-sdk/lib/tinyusb/src/common/tusb_fifo.c.obj
                0x000000001000736e                tu_fifo_write_n
 .text.tu_fifo_clear
                0x0000000010007378       0x4c CMakeFiles/Pico_Project.dir/mnt/c/Users/efede/pico/pico-sdk/lib/tinyusb/src/common/tusb_fifo.c.obj
                0x0000000010007378                tu_fifo_clear
 .text.tu_fifo_set_overwritable
                0x00000000100073c4       0x3c CMakeFiles/Pico_Project.dir/mnt/c/Users/efede/pico/pico-sdk/lib/tinyusb/src/common/tusb_fifo.c.obj
                0x00000000100073c4                tu_fifo_set_overwritable
 .text._retrieve_unique_id_on_boot
                0x0000000010007400       0x10 CMakeFiles/Pico_Project.dir/mnt/c/Users/efede/pico/pico-sdk/src/rp2_common/pico_unique_id/unique_id.c.obj
 .text.pico_get_unique_board_id_string
                0x0000000010007410       0x60 CMakeFiles/Pico_Project.dir/mnt/c/Users/efede/pico/pico-sdk/src/rp2_common/pico_unique_id/unique_id.c.obj
                0x0000000010007410                pico_get_unique_board_id_string
 .text.flash_get_unique_id
                0x0000000010007470       0x46 CMakeFiles/Pico_Project.dir/mnt/c/Users/efede/pico/pico-sdk/src/rp2_common/hardware_flash/flash.c.obj
                0x0000000010007470                flash_get_unique_id
 .text.i2c_write_blocking_internal
                0x00000000100074b6      0x140 CMakeFiles/Pico_Project.dir/mnt/c/Users/efede/pico/pico-sdk/src/rp2_common/hardware_i2c/i2c.c.obj
 *fill*         0x00000000100075f6        0x2 
 .text.i2c_set_baudrate
                0x00000000100075f8       0xf0 CMakeFiles/Pico_Project.dir/mnt/c/Users/efede/pico/pico-sdk/src/rp2_common/hardware_i2c/i2c.c.obj
                0x00000000100075f8                i2c_set_baudrate
 .text.i2c_init
                0x00000000100076e8       0x58 CMakeFiles/Pico_Project.dir/mnt/c/Users/efede/pico/pico-sdk/src/rp2_common/hardware_i2c/i2c.c.obj
                0x00000000100076e8                i2c_init
 .text.i2c_write_blocking
                0x0000000010007740       0x18 CMakeFiles/Pico_Project.dir/mnt/c/Users/efede/pico/pico-sdk/src/rp2_common/hardware_i2c/i2c.c.obj
                0x0000000010007740                i2c_write_blocking
 .text          0x0000000010007758       0x28 /usr/lib/gcc/arm-none-eabi/10.3.1/../../../arm-none-eabi/lib/thumb/v6-m/nofp/libg.a(lib_a-malloc.o)
                0x0000000010007758                malloc
                0x000000001000776c                free
 .text          0x0000000010007780      0x574 /usr/lib/gcc/arm-none-eabi/10.3.1/../../../arm-none-eabi/lib/thumb/v6-m/nofp/libg.a(lib_a-mallocr.o)
                0x0000000010007780                _malloc_r
 .text          0x0000000010007cf4        0x8 /usr/lib/gcc/arm-none-eabi/10.3.1/../../../arm-none-eabi/lib/thumb/v6-m/nofp/libg.a(lib_a-mlock.o)
                0x0000000010007cf4                __malloc_lock
                0x0000000010007cf8                __malloc_unlock
 .text          0x0000000010007cfc       0x24 /usr/lib/gcc/arm-none-eabi/10.3.1/../../../arm-none-eabi/lib/thumb/v6-m/nofp/libg.a(lib_a-sbrkr.o)
                0x0000000010007cfc                _sbrk_r
 .text          0x0000000010007d20       0x5c /usr/lib/gcc/arm-none-eabi/10.3.1/../../../arm-none-eabi/lib/thumb/v6-m/nofp/libg.a(lib_a-strlen-stub.o)
                0x0000000010007d20                strlen
 .text          0x0000000010007d7c      0x260 /usr/lib/gcc/arm-none-eabi/10.3.1/../../../arm-none-eabi/lib/thumb/v6-m/nofp/libg.a(lib_a-freer.o)
                0x0000000010007d7c                _malloc_trim_r
                0x0000000010007e18                _free_r
 *(.fini)
 .fini          0x0000000010007fdc        0x4 /usr/lib/gcc/arm-none-eabi/10.3.1/thumb/v6-m/nofp/crti.o
                0x0000000010007fdc                _fini
 .fini.__stub   0x0000000010007fe0       0x70 linker stubs
 *crtbegin.o(.ctors)
 *crtbegin?.o(.ctors)
 *(EXCLUDE_FILE(*crtend.o *crtend?.o) .ctors)
 *(SORT_BY_NAME(.ctors.*))
 *(.ctors)
 *crtbegin.o(.dtors)
 *crtbegin?.o(.dtors)
 *(EXCLUDE_FILE(*crtend.o *crtend?.o) .dtors)
 *(SORT_BY_NAME(.dtors.*))
 *(.dtors)
 *(.eh_frame*)
 .eh_frame      0x0000000010008050        0x0 /usr/lib/gcc/arm-none-eabi/10.3.1/thumb/v6-m/nofp/crtbegin.o
                0x0000000010008050                . = ALIGN (0x4)

.glue_7         0x0000000010008050        0x0
 .glue_7        0x0000000010008050        0x0 linker stubs

.glue_7t        0x0000000010008050        0x0
 .glue_7t       0x0000000010008050        0x0 linker stubs

.vfp11_veneer   0x0000000010008050        0x0
 .vfp11_veneer  0x0000000010008050        0x0 linker stubs

.v4_bx          0x0000000010008050        0x0
 .v4_bx         0x0000000010008050        0x0 linker stubs

.iplt           0x0000000010008050        0x0
 .iplt          0x0000000010008050        0x0 /usr/lib/gcc/arm-none-eabi/10.3.1/thumb/v6-m/nofp/crtbegin.o

.rodata         0x0000000010008050     0x19ac
 *(EXCLUDE_FILE(*libm.a: *libc.a:*lib_a-mem*.o *libgcc.a:) .rodata*)
 .rodata.main.str1.4
                0x0000000010008050       0x93 CMakeFiles/Pico_Project.dir/Pico_Project.c.obj
 *fill*         0x00000000100080e3        0x1 
 .rodata.str1.4
                0x00000000100080e4       0x2b CMakeFiles/Pico_Project.dir/Pico_Project.c.obj
 *fill*         0x000000001000810f        0x1 
 .rodata.ASCII  0x0000000010008110      0x1e0 CMakeFiles/Pico_Project.dir/Pico_Project.c.obj
 .rodata.__bi_268.0
                0x00000000100082f0        0x8 CMakeFiles/Pico_Project.dir/Pico_Project.c.obj
 .rodata.__bi_269.1
                0x00000000100082f8        0xc CMakeFiles/Pico_Project.dir/Pico_Project.c.obj
 .rodata.spin_lock_claim_unused.str1.4
                0x0000000010008304       0x1b CMakeFiles/Pico_Project.dir/mnt/c/Users/efede/pico/pico-sdk/src/rp2_common/hardware_sync/sync.c.obj
 *fill*         0x000000001000831f        0x1 
 .rodata.repeating_timer_callback.str1.4
                0x0000000010008320       0x51 CMakeFiles/Pico_Project.dir/mnt/c/Users/efede/pico/pico-sdk/src/common/pico_time/time.c.obj
 *fill*         0x0000000010008371        0x3 
 .rodata.alarm_pool_dump_key.str1.4
                0x0000000010008374       0x33 CMakeFiles/Pico_Project.dir/mnt/c/Users/efede/pico/pico-sdk/src/common/pico_time/time.c.obj
 *fill*         0x00000000100083a7        0x1 
 .rodata.ph_add_child_node.str1.4
                0x00000000100083a8       0x9a CMakeFiles/Pico_Project.dir/mnt/c/Users/efede/pico/pico-sdk/src/common/pico_time/time.c.obj
 *fill*         0x0000000010008442        0x2 
 .rodata.add_alarm_under_lock.str1.4
                0x0000000010008444       0x28 CMakeFiles/Pico_Project.dir/mnt/c/Users/efede/pico/pico-sdk/src/common/pico_time/time.c.obj
                                         0x2b (size before relaxing)
 .rodata.alarm_pool_alarm_callback.str1.4
                0x000000001000846c       0xea CMakeFiles/Pico_Project.dir/mnt/c/Users/efede/pico/pico-sdk/src/common/pico_time/time.c.obj
 *fill*         0x0000000010008556        0x2 
 .rodata.alarm_pool_get_default.str1.4
                0x0000000010008558       0x21 CMakeFiles/Pico_Project.dir/mnt/c/Users/efede/pico/pico-sdk/src/common/pico_time/time.c.obj
 *fill*         0x0000000010008579        0x3 
 .rodata.alarm_pool_cancel_alarm.str1.4
                0x000000001000857c       0x27 CMakeFiles/Pico_Project.dir/mnt/c/Users/efede/pico/pico-sdk/src/common/pico_time/time.c.obj
 *fill*         0x00000000100085a3        0x1 
 .rodata.sleep_until.str1.4
                0x00000000100085a4       0x4d CMakeFiles/Pico_Project.dir/mnt/c/Users/efede/pico/pico-sdk/src/common/pico_time/time.c.obj
 *fill*         0x00000000100085f1        0x3 
 .rodata.__func__.1
                0x00000000100085f4       0x18 CMakeFiles/Pico_Project.dir/mnt/c/Users/efede/pico/pico-sdk/src/common/pico_time/time.c.obj
 .rodata.__func__.10
                0x000000001000860c       0x15 CMakeFiles/Pico_Project.dir/mnt/c/Users/efede/pico/pico-sdk/src/common/pico_time/time.c.obj
 *fill*         0x0000000010008621        0x3 
 .rodata.__func__.11
                0x0000000010008624       0x1a CMakeFiles/Pico_Project.dir/mnt/c/Users/efede/pico/pico-sdk/src/common/pico_time/time.c.obj
 *fill*         0x000000001000863e        0x2 
 .rodata.__func__.12
                0x0000000010008640        0xa CMakeFiles/Pico_Project.dir/mnt/c/Users/efede/pico/pico-sdk/src/common/pico_time/time.c.obj
 *fill*         0x000000001000864a        0x2 
 .rodata.__func__.3
                0x000000001000864c       0x17 CMakeFiles/Pico_Project.dir/mnt/c/Users/efede/pico/pico-sdk/src/common/pico_time/time.c.obj
 *fill*         0x0000000010008663        0x1 
 .rodata.__func__.4
                0x0000000010008664       0x12 CMakeFiles/Pico_Project.dir/mnt/c/Users/efede/pico/pico-sdk/src/common/pico_time/time.c.obj
 *fill*         0x0000000010008676        0x2 
 .rodata.__func__.5
                0x0000000010008678        0xd CMakeFiles/Pico_Project.dir/mnt/c/Users/efede/pico/pico-sdk/src/common/pico_time/time.c.obj
 *fill*         0x0000000010008685        0x3 
 .rodata.__func__.6
                0x0000000010008688       0x12 CMakeFiles/Pico_Project.dir/mnt/c/Users/efede/pico/pico-sdk/src/common/pico_time/time.c.obj
 *fill*         0x000000001000869a        0x2 
 .rodata.__func__.7
                0x000000001000869c        0xf CMakeFiles/Pico_Project.dir/mnt/c/Users/efede/pico/pico-sdk/src/common/pico_time/time.c.obj
 *fill*         0x00000000100086ab        0x1 
 .rodata.__func__.8
                0x00000000100086ac        0xc CMakeFiles/Pico_Project.dir/mnt/c/Users/efede/pico/pico-sdk/src/common/pico_time/time.c.obj
 .rodata.__func__.9
                0x00000000100086b8       0x15 CMakeFiles/Pico_Project.dir/mnt/c/Users/efede/pico/pico-sdk/src/common/pico_time/time.c.obj
 *fill*         0x00000000100086cd        0x3 
 .rodata.hardware_alarm_claim.str1.4
                0x00000000100086d0       0x22 CMakeFiles/Pico_Project.dir/mnt/c/Users/efede/pico/pico-sdk/src/rp2_common/hardware_timer/timer.c.obj
 *fill*         0x00000000100086f2        0x2 
 .rodata.hardware_alarm_set_target.str1.4
                0x00000000100086f4       0x6b CMakeFiles/Pico_Project.dir/mnt/c/Users/efede/pico/pico-sdk/src/rp2_common/hardware_timer/timer.c.obj
 *fill*         0x000000001000875f        0x1 
 .rodata.__func__.0
                0x0000000010008760       0x1a CMakeFiles/Pico_Project.dir/mnt/c/Users/efede/pico/pico-sdk/src/rp2_common/hardware_timer/timer.c.obj
 *fill*         0x000000001000877a        0x2 
 .rodata.str1.4
                0x000000001000877c       0x91 CMakeFiles/Pico_Project.dir/mnt/c/Users/efede/pico/pico-sdk/src/common/pico_sync/mutex.c.obj
                                         0xf9 (size before relaxing)
 *fill*         0x000000001000880d        0x3 
 .rodata.__func__.1
                0x0000000010008810        0xb CMakeFiles/Pico_Project.dir/mnt/c/Users/efede/pico/pico-sdk/src/common/pico_sync/mutex.c.obj
 *fill*         0x000000001000881b        0x1 
 .rodata.__func__.3
                0x000000001000881c       0x18 CMakeFiles/Pico_Project.dir/mnt/c/Users/efede/pico/pico-sdk/src/common/pico_sync/mutex.c.obj
 .rodata.__func__.4
                0x0000000010008834       0x15 CMakeFiles/Pico_Project.dir/mnt/c/Users/efede/pico/pico-sdk/src/common/pico_sync/mutex.c.obj
 .rodata.ph_add_child_node.str1.4
                0x0000000010008849       0x9a CMakeFiles/Pico_Project.dir/mnt/c/Users/efede/pico/pico-sdk/src/common/pico_util/pheap.c.obj
 *fill*         0x0000000010008849        0x3 
 .rodata.ph_remove_any_head.str1.4
                0x000000001000884c       0x94 CMakeFiles/Pico_Project.dir/mnt/c/Users/efede/pico/pico-sdk/src/common/pico_util/pheap.c.obj
 .rodata.ph_remove_and_free_node.str1.4
                0x00000000100088e0       0x26 CMakeFiles/Pico_Project.dir/mnt/c/Users/efede/pico/pico-sdk/src/common/pico_util/pheap.c.obj
 *fill*         0x0000000010008906        0x2 
 .rodata.__func__.0
                0x0000000010008908       0x18 CMakeFiles/Pico_Project.dir/mnt/c/Users/efede/pico/pico-sdk/src/common/pico_util/pheap.c.obj
 .rodata.__func__.1
                0x0000000010008920       0x13 CMakeFiles/Pico_Project.dir/mnt/c/Users/efede/pico/pico-sdk/src/common/pico_util/pheap.c.obj
 *fill*         0x0000000010008933        0x1 
 .rodata.__func__.2
                0x0000000010008934       0x12 CMakeFiles/Pico_Project.dir/mnt/c/Users/efede/pico/pico-sdk/src/common/pico_util/pheap.c.obj
 *fill*         0x0000000010008946        0x2 
 .rodata.__func__.3
                0x0000000010008948        0xc CMakeFiles/Pico_Project.dir/mnt/c/Users/efede/pico/pico-sdk/src/common/pico_util/pheap.c.obj
 .rodata.__assert_func.str1.4
                0x0000000010008954       0x3f CMakeFiles/Pico_Project.dir/mnt/c/Users/efede/pico/pico-sdk/src/rp2_common/pico_runtime/runtime.c.obj
                                         0x43 (size before relaxing)
 *fill*         0x0000000010008993        0x1 
 .rodata.runtime_init.str1.4
                0x0000000010008994       0x67 CMakeFiles/Pico_Project.dir/mnt/c/Users/efede/pico/pico-sdk/src/rp2_common/pico_runtime/runtime.c.obj
 *fill*         0x00000000100089fb        0x1 
 .rodata.panic.str1.4
                0x00000000100089fc       0x12 CMakeFiles/Pico_Project.dir/mnt/c/Users/efede/pico/pico-sdk/src/rp2_common/pico_runtime/runtime.c.obj
 *fill*         0x0000000010008a0e        0x2 
 .rodata.__func__.1
                0x0000000010008a10        0xd CMakeFiles/Pico_Project.dir/mnt/c/Users/efede/pico/pico-sdk/src/rp2_common/pico_runtime/runtime.c.obj
 *fill*         0x0000000010008a1d        0x3 
 .rodata.clock_configure.str1.4
                0x0000000010008a20       0x5d CMakeFiles/Pico_Project.dir/mnt/c/Users/efede/pico/pico-sdk/src/rp2_common/hardware_clocks/clocks.c.obj
 *fill*         0x0000000010008a7d        0x3 
 .rodata.__func__.1
                0x0000000010008a80       0x10 CMakeFiles/Pico_Project.dir/mnt/c/Users/efede/pico/pico-sdk/src/rp2_common/hardware_clocks/clocks.c.obj
 .rodata.make_branch.str1.4
                0x0000000010008a90       0x73 CMakeFiles/Pico_Project.dir/mnt/c/Users/efede/pico/pico-sdk/src/rp2_common/hardware_irq/irq.c.obj
 *fill*         0x0000000010008b03        0x1 
 .rodata.insert_branch_and_link.str1.4
                0x0000000010008b04       0x10 CMakeFiles/Pico_Project.dir/mnt/c/Users/efede/pico/pico-sdk/src/rp2_common/hardware_irq/irq.c.obj
 .rodata.irq_set_exclusive_handler.str1.4
                0x0000000010008b14       0x36 CMakeFiles/Pico_Project.dir/mnt/c/Users/efede/pico/pico-sdk/src/rp2_common/hardware_irq/irq.c.obj
 *fill*         0x0000000010008b4a        0x2 
 .rodata.irq_add_shared_handler.str1.4
                0x0000000010008b4c       0xd9 CMakeFiles/Pico_Project.dir/mnt/c/Users/efede/pico/pico-sdk/src/rp2_common/hardware_irq/irq.c.obj
 *fill*         0x0000000010008c25        0x3 
 .rodata.irq_remove_handler.str1.4
                0x0000000010008c28       0x2a CMakeFiles/Pico_Project.dir/mnt/c/Users/efede/pico/pico-sdk/src/rp2_common/hardware_irq/irq.c.obj
 *fill*         0x0000000010008c52        0x2 
 .rodata.irq_add_tail_to_free_list.str1.4
                0x0000000010008c54       0x32 CMakeFiles/Pico_Project.dir/mnt/c/Users/efede/pico/pico-sdk/src/rp2_common/hardware_irq/irq.c.obj
                                         0x3a (size before relaxing)
 *fill*         0x0000000010008c86        0x2 
 .rodata.__func__.0
                0x0000000010008c88       0x1a CMakeFiles/Pico_Project.dir/mnt/c/Users/efede/pico/pico-sdk/src/rp2_common/hardware_irq/irq.c.obj
 *fill*         0x0000000010008ca2        0x2 
 .rodata.__func__.1
                0x0000000010008ca4       0x17 CMakeFiles/Pico_Project.dir/mnt/c/Users/efede/pico/pico-sdk/src/rp2_common/hardware_irq/irq.c.obj
 *fill*         0x0000000010008cbb        0x1 
 .rodata.__func__.2
                0x0000000010008cbc       0x13 CMakeFiles/Pico_Project.dir/mnt/c/Users/efede/pico/pico-sdk/src/rp2_common/hardware_irq/irq.c.obj
 *fill*         0x0000000010008ccf        0x1 
 .rodata.__func__.3
                0x0000000010008cd0        0xc CMakeFiles/Pico_Project.dir/mnt/c/Users/efede/pico/pico-sdk/src/rp2_common/hardware_irq/irq.c.obj
 .rodata.__func__.4
                0x0000000010008cdc        0xf CMakeFiles/Pico_Project.dir/mnt/c/Users/efede/pico/pico-sdk/src/rp2_common/hardware_irq/irq.c.obj
 *fill*         0x0000000010008ceb        0x1 
 .rodata.__func__.6
                0x0000000010008cec       0x1a CMakeFiles/Pico_Project.dir/mnt/c/Users/efede/pico/pico-sdk/src/rp2_common/hardware_irq/irq.c.obj
 *fill*         0x0000000010008d06        0x2 
 .rodata.pll_init.str1.4
                0x0000000010008d08       0xdf CMakeFiles/Pico_Project.dir/mnt/c/Users/efede/pico/pico-sdk/src/rp2_common/hardware_pll/pll.c.obj
 *fill*         0x0000000010008de7        0x1 
 .rodata.__func__.0
                0x0000000010008de8        0x9 CMakeFiles/Pico_Project.dir/mnt/c/Users/efede/pico/pico-sdk/src/rp2_common/hardware_pll/pll.c.obj
 *fill*         0x0000000010008df1        0x3 
 .rodata._ftoa.str1.4
                0x0000000010008df4       0x15 CMakeFiles/Pico_Project.dir/mnt/c/Users/efede/pico/pico-sdk/src/rp2_common/pico_printf/printf.c.obj
 *fill*         0x0000000010008e09        0x3 
 .rodata._vsnprintf
                0x0000000010008e0c      0x1e0 CMakeFiles/Pico_Project.dir/mnt/c/Users/efede/pico/pico-sdk/src/rp2_common/pico_printf/printf.c.obj
 *fill*         0x0000000010008fec        0x4 
 .rodata.pow10.0
                0x0000000010008ff0       0x50 CMakeFiles/Pico_Project.dir/mnt/c/Users/efede/pico/pico-sdk/src/rp2_common/pico_printf/printf.c.obj
 .rodata.__aeabi_double_init.str1.4
                0x0000000010009040       0xae CMakeFiles/Pico_Project.dir/mnt/c/Users/efede/pico/pico-sdk/src/rp2_common/pico_double/double_init_rom.c.obj
 *fill*         0x00000000100090ee        0x2 
 .rodata.__func__.0
                0x00000000100090f0       0x14 CMakeFiles/Pico_Project.dir/mnt/c/Users/efede/pico/pico-sdk/src/rp2_common/pico_double/double_init_rom.c.obj
 .rodata.__aeabi_float_init.str1.4
                0x0000000010009104       0x80 CMakeFiles/Pico_Project.dir/mnt/c/Users/efede/pico/pico-sdk/src/rp2_common/pico_float/float_init_rom.c.obj
                                         0x84 (size before relaxing)
 .rodata.__func__.0
                0x0000000010009184       0x13 CMakeFiles/Pico_Project.dir/mnt/c/Users/efede/pico/pico-sdk/src/rp2_common/pico_float/float_init_rom.c.obj
 *fill*         0x0000000010009197        0x1 
 .rodata.__wrap_malloc.str1.4
                0x0000000010009198        0xe CMakeFiles/Pico_Project.dir/mnt/c/Users/efede/pico/pico-sdk/src/rp2_common/pico_malloc/pico_malloc.c.obj
 *fill*         0x00000000100091a6        0x2 
 .rodata.str1.4
                0x00000000100091a8       0x48 CMakeFiles/Pico_Project.dir/mnt/c/Users/efede/pico/pico-sdk/src/rp2_common/pico_standard_link/binary_info.c.obj
 .rodata.__bi_44
                0x00000000100091f0        0xc CMakeFiles/Pico_Project.dir/mnt/c/Users/efede/pico/pico-sdk/src/rp2_common/pico_standard_link/binary_info.c.obj
 .rodata.__bi_56
                0x00000000100091fc        0xc CMakeFiles/Pico_Project.dir/mnt/c/Users/efede/pico/pico-sdk/src/rp2_common/pico_standard_link/binary_info.c.obj
 .rodata.__bi_75
                0x0000000010009208        0xc CMakeFiles/Pico_Project.dir/mnt/c/Users/efede/pico/pico-sdk/src/rp2_common/pico_standard_link/binary_info.c.obj
 .rodata.__bi_81
                0x0000000010009214        0xc CMakeFiles/Pico_Project.dir/mnt/c/Users/efede/pico/pico-sdk/src/rp2_common/pico_standard_link/binary_info.c.obj
 .rodata.crlf_str.3
                0x0000000010009220        0x2 CMakeFiles/Pico_Project.dir/mnt/c/Users/efede/pico/pico-sdk/src/rp2_common/pico_stdio/stdio.c.obj
 *fill*         0x0000000010009222        0x2 
 .rodata.str1.4
                0x0000000010009224       0x2c CMakeFiles/Pico_Project.dir/mnt/c/Users/efede/pico/pico-sdk/src/rp2_common/pico_stdio_uart/stdio_uart.c.obj
 .rodata.__bi_28.4
                0x0000000010009250        0xc CMakeFiles/Pico_Project.dir/mnt/c/Users/efede/pico/pico-sdk/src/rp2_common/pico_stdio_uart/stdio_uart.c.obj
 .rodata.__bi_29.5
                0x000000001000925c        0x8 CMakeFiles/Pico_Project.dir/mnt/c/Users/efede/pico/pico-sdk/src/rp2_common/pico_stdio_uart/stdio_uart.c.obj
 .rodata._resetd_driver
                0x0000000010009264       0x18 CMakeFiles/Pico_Project.dir/mnt/c/Users/efede/pico/pico-sdk/src/rp2_common/pico_stdio_usb/reset_interface.c.obj
 .rodata.stdio_usb_init.str1.4
                0x000000001000927c       0x67 CMakeFiles/Pico_Project.dir/mnt/c/Users/efede/pico/pico-sdk/src/rp2_common/pico_stdio_usb/stdio_usb.c.obj
 .rodata.str1.4
                0x000000001000927c       0x13 CMakeFiles/Pico_Project.dir/mnt/c/Users/efede/pico/pico-sdk/src/rp2_common/pico_stdio_usb/stdio_usb.c.obj
 *fill*         0x000000001000928f        0x1 
 .rodata.__bi_93.1
                0x0000000010009290        0xc CMakeFiles/Pico_Project.dir/mnt/c/Users/efede/pico/pico-sdk/src/rp2_common/pico_stdio_usb/stdio_usb.c.obj
 .rodata.__func__.0
                0x000000001000929c       0x15 CMakeFiles/Pico_Project.dir/mnt/c/Users/efede/pico/pico-sdk/src/rp2_common/pico_stdio_usb/stdio_usb.c.obj
 *fill*         0x00000000100092b1        0x3 
 .rodata.str1.4
                0x00000000100092b4       0x2a CMakeFiles/Pico_Project.dir/mnt/c/Users/efede/pico/pico-sdk/src/rp2_common/pico_stdio_usb/stdio_usb_descriptors.c.obj
 *fill*         0x00000000100092de        0x2 
 .rodata.usbd_desc_cfg
                0x00000000100092e0       0x54 CMakeFiles/Pico_Project.dir/mnt/c/Users/efede/pico/pico-sdk/src/rp2_common/pico_stdio_usb/stdio_usb_descriptors.c.obj
 .rodata.usbd_desc_device
                0x0000000010009334       0x12 CMakeFiles/Pico_Project.dir/mnt/c/Users/efede/pico/pico-sdk/src/rp2_common/pico_stdio_usb/stdio_usb_descriptors.c.obj
 *fill*         0x0000000010009346        0x2 
 .rodata.usbd_desc_str
                0x0000000010009348       0x18 CMakeFiles/Pico_Project.dir/mnt/c/Users/efede/pico/pico-sdk/src/rp2_common/pico_stdio_usb/stdio_usb_descriptors.c.obj
 .rodata._hw_endpoint_alloc.str1.4
                0x0000000010009360       0xbd CMakeFiles/Pico_Project.dir/mnt/c/Users/efede/pico/pico-sdk/lib/tinyusb/src/portable/raspberrypi/rp2040/dcd_rp2040.c.obj
 *fill*         0x000000001000941d        0x3 
 .rodata.dcd_rp2040_irq.str1.4
                0x0000000010009420       0x14 CMakeFiles/Pico_Project.dir/mnt/c/Users/efede/pico/pico-sdk/lib/tinyusb/src/portable/raspberrypi/rp2040/dcd_rp2040.c.obj
 .rodata.dcd_int_enable.str1.4
                0x0000000010009434        0xc CMakeFiles/Pico_Project.dir/mnt/c/Users/efede/pico/pico-sdk/lib/tinyusb/src/portable/raspberrypi/rp2040/dcd_rp2040.c.obj
 .rodata.__func__.0
                0x0000000010009440        0xe CMakeFiles/Pico_Project.dir/mnt/c/Users/efede/pico/pico-sdk/lib/tinyusb/src/portable/raspberrypi/rp2040/dcd_rp2040.c.obj
 *fill*         0x000000001000944e        0x2 
 .rodata.__func__.1
                0x0000000010009450        0xe CMakeFiles/Pico_Project.dir/mnt/c/Users/efede/pico/pico-sdk/lib/tinyusb/src/portable/raspberrypi/rp2040/dcd_rp2040.c.obj
 *fill*         0x000000001000945e        0x2 
 .rodata.__func__.3
                0x0000000010009460       0x10 CMakeFiles/Pico_Project.dir/mnt/c/Users/efede/pico/pico-sdk/lib/tinyusb/src/portable/raspberrypi/rp2040/dcd_rp2040.c.obj
 .rodata.__func__.5
                0x0000000010009470        0xf CMakeFiles/Pico_Project.dir/mnt/c/Users/efede/pico/pico-sdk/lib/tinyusb/src/portable/raspberrypi/rp2040/dcd_rp2040.c.obj
 *fill*         0x000000001000947f        0x1 
 .rodata.__func__.6
                0x0000000010009480       0x13 CMakeFiles/Pico_Project.dir/mnt/c/Users/efede/pico/pico-sdk/lib/tinyusb/src/portable/raspberrypi/rp2040/dcd_rp2040.c.obj
 *fill*         0x0000000010009493        0x1 
 .rodata.__func__.7
                0x0000000010009494        0x9 CMakeFiles/Pico_Project.dir/mnt/c/Users/efede/pico/pico-sdk/lib/tinyusb/src/portable/raspberrypi/rp2040/dcd_rp2040.c.obj
 *fill*         0x000000001000949d        0x3 
 .rodata.sync_ep_buffer.str1.4
                0x00000000100094a0       0x99 CMakeFiles/Pico_Project.dir/mnt/c/Users/efede/pico/pico-sdk/lib/tinyusb/src/portable/raspberrypi/rp2040/rp2040_usb.c.obj
 *fill*         0x0000000010009539        0x3 
 .rodata._hw_endpoint_buffer_control_update32.str1.4
                0x000000001000953c       0x1f CMakeFiles/Pico_Project.dir/mnt/c/Users/efede/pico/pico-sdk/lib/tinyusb/src/portable/raspberrypi/rp2040/rp2040_usb.c.obj
 *fill*         0x000000001000955b        0x1 
 .rodata.hw_endpoint_xfer_start.str1.4
                0x000000001000955c       0x38 CMakeFiles/Pico_Project.dir/mnt/c/Users/efede/pico/pico-sdk/lib/tinyusb/src/portable/raspberrypi/rp2040/rp2040_usb.c.obj
 .rodata.hw_endpoint_xfer_continue.str1.4
                0x0000000010009594       0x29 CMakeFiles/Pico_Project.dir/mnt/c/Users/efede/pico/pico-sdk/lib/tinyusb/src/portable/raspberrypi/rp2040/rp2040_usb.c.obj
 .rodata.str1.4
                0x00000000100095bd       0x29 CMakeFiles/Pico_Project.dir/mnt/c/Users/efede/pico/pico-sdk/lib/tinyusb/src/portable/raspberrypi/rp2040/rp2040_usb.c.obj
                                          0x7 (size before relaxing)
 *fill*         0x00000000100095bd        0x3 
 .rodata.__func__.0
                0x00000000100095c0        0xf CMakeFiles/Pico_Project.dir/mnt/c/Users/efede/pico/pico-sdk/lib/tinyusb/src/portable/raspberrypi/rp2040/rp2040_usb.c.obj
 *fill*         0x00000000100095cf        0x1 
 .rodata.process_set_config.str1.4
                0x00000000100095d0       0x17 CMakeFiles/Pico_Project.dir/mnt/c/Users/efede/pico/pico-sdk/lib/tinyusb/src/device/usbd.c.obj
 *fill*         0x00000000100095e7        0x1 
 .rodata.process_get_descriptor
                0x00000000100095e8       0x40 CMakeFiles/Pico_Project.dir/mnt/c/Users/efede/pico/pico-sdk/lib/tinyusb/src/device/usbd.c.obj
 .rodata.process_control_request
                0x0000000010009628       0x28 CMakeFiles/Pico_Project.dir/mnt/c/Users/efede/pico/pico-sdk/lib/tinyusb/src/device/usbd.c.obj
 .rodata.tud_task
                0x0000000010009650       0x24 CMakeFiles/Pico_Project.dir/mnt/c/Users/efede/pico/pico-sdk/lib/tinyusb/src/device/usbd.c.obj
 .rodata.__func__.2
                0x0000000010009674        0xf CMakeFiles/Pico_Project.dir/mnt/c/Users/efede/pico/pico-sdk/lib/tinyusb/src/device/usbd.c.obj
 *fill*         0x0000000010009683        0x1 
 .rodata.__func__.3
                0x0000000010009684        0xf CMakeFiles/Pico_Project.dir/mnt/c/Users/efede/pico/pico-sdk/lib/tinyusb/src/device/usbd.c.obj
 *fill*         0x0000000010009693        0x1 
 .rodata.__func__.4
                0x0000000010009694       0x14 CMakeFiles/Pico_Project.dir/mnt/c/Users/efede/pico/pico-sdk/lib/tinyusb/src/device/usbd.c.obj
 .rodata.__func__.5
                0x00000000100096a8       0x10 CMakeFiles/Pico_Project.dir/mnt/c/Users/efede/pico/pico-sdk/lib/tinyusb/src/device/usbd.c.obj
 .rodata.__func__.6
                0x00000000100096b8       0x17 CMakeFiles/Pico_Project.dir/mnt/c/Users/efede/pico/pico-sdk/lib/tinyusb/src/device/usbd.c.obj
 *fill*         0x00000000100096cf        0x1 
 .rodata.__func__.7
                0x00000000100096d0       0x13 CMakeFiles/Pico_Project.dir/mnt/c/Users/efede/pico/pico-sdk/lib/tinyusb/src/device/usbd.c.obj
 *fill*         0x00000000100096e3        0x1 
 .rodata.__func__.8
                0x00000000100096e4       0x18 CMakeFiles/Pico_Project.dir/mnt/c/Users/efede/pico/pico-sdk/lib/tinyusb/src/device/usbd.c.obj
 .rodata.__func__.9
                0x00000000100096fc        0x9 CMakeFiles/Pico_Project.dir/mnt/c/Users/efede/pico/pico-sdk/lib/tinyusb/src/device/usbd.c.obj
 *fill*         0x0000000010009705        0x3 
 .rodata._usbd_driver
                0x0000000010009708       0x18 CMakeFiles/Pico_Project.dir/mnt/c/Users/efede/pico/pico-sdk/lib/tinyusb/src/device/usbd.c.obj
 .rodata.tud_control_xfer.str1.4
                0x0000000010009720       0x17 CMakeFiles/Pico_Project.dir/mnt/c/Users/efede/pico/pico-sdk/lib/tinyusb/src/device/usbd_control.c.obj
 .rodata.__func__.0
                0x0000000010009720       0x15 CMakeFiles/Pico_Project.dir/mnt/c/Users/efede/pico/pico-sdk/lib/tinyusb/src/device/usbd_control.c.obj
 *fill*         0x0000000010009735        0x3 
 .rodata.__func__.1
                0x0000000010009738       0x11 CMakeFiles/Pico_Project.dir/mnt/c/Users/efede/pico/pico-sdk/lib/tinyusb/src/device/usbd_control.c.obj
 .rodata.tud_cdc_n_write_flush.str1.4
                0x0000000010009749       0x17 CMakeFiles/Pico_Project.dir/mnt/c/Users/efede/pico/pico-sdk/lib/tinyusb/src/class/cdc/cdc_device.c.obj
 *fill*         0x0000000010009749        0x3 
 .rodata.__func__.0
                0x000000001000974c        0xd CMakeFiles/Pico_Project.dir/mnt/c/Users/efede/pico/pico-sdk/lib/tinyusb/src/class/cdc/cdc_device.c.obj
 *fill*         0x0000000010009759        0x3 
 .rodata.__func__.1
                0x000000001000975c        0xa CMakeFiles/Pico_Project.dir/mnt/c/Users/efede/pico/pico-sdk/lib/tinyusb/src/class/cdc/cdc_device.c.obj
 *fill*         0x0000000010009766        0x2 
 .rodata.__func__.2
                0x0000000010009768       0x16 CMakeFiles/Pico_Project.dir/mnt/c/Users/efede/pico/pico-sdk/lib/tinyusb/src/class/cdc/cdc_device.c.obj
 .rodata.tusb_init.str1.4
                0x000000001000977e       0x17 CMakeFiles/Pico_Project.dir/mnt/c/Users/efede/pico/pico-sdk/lib/tinyusb/src/tusb.c.obj
 *fill*         0x000000001000977e        0x2 
 .rodata.__func__.0
                0x0000000010009780       0x11 CMakeFiles/Pico_Project.dir/mnt/c/Users/efede/pico/pico-sdk/lib/tinyusb/src/tusb.c.obj
 *fill*         0x0000000010009791        0x3 
 .rodata.__func__.1
                0x0000000010009794        0xa CMakeFiles/Pico_Project.dir/mnt/c/Users/efede/pico/pico-sdk/lib/tinyusb/src/tusb.c.obj
 *fill*         0x000000001000979e        0x2 
 .rodata.pico_get_unique_board_id_string.str1.4
                0x00000000100097a0       0x53 CMakeFiles/Pico_Project.dir/mnt/c/Users/efede/pico/pico-sdk/src/rp2_common/pico_unique_id/unique_id.c.obj
 *fill*         0x00000000100097f3        0x1 
 .rodata.__func__.0
                0x00000000100097f4       0x20 CMakeFiles/Pico_Project.dir/mnt/c/Users/efede/pico/pico-sdk/src/rp2_common/pico_unique_id/unique_id.c.obj
 .rodata.str1.4
                0x0000000010009814      0x15e CMakeFiles/Pico_Project.dir/mnt/c/Users/efede/pico/pico-sdk/src/rp2_common/hardware_flash/flash.c.obj
 *fill*         0x0000000010009972        0x2 
 .rodata.__func__.0