Archive member included to satisfy reference by file (symbol)

/usr/lib/gcc/arm-none-eabi/10.3.1/thumb/v6-m/nofp/libgcc.a(_dvmd_tls.o)
                              CMakeFiles/Pico_Temperature_SPI.dir/mnt/c/Users/efede/pico/pico-sdk/src/rp2_common/pico_divider/divider.S.obj (__aeabi_idiv0)
/usr/lib/gcc/arm-none-eabi/10.3.1/../../../arm-none-eabi/lib/thumb/v6-m/nofp/libg.a(lib_a-atexit.o)
                              /usr/lib/gcc/arm-none-eabi/10.3.1/../../../arm-none-eabi/lib/thumb/v6-m/nofp/crt0.o (atexit)
/usr/lib/gcc/arm-none-eabi/10.3.1/../../../arm-none-eabi/lib/thumb/v6-m/nofp/libg.a(lib_a-calloc.o)
                              CMakeFiles/Pico_Temperature_SPI.dir/mnt/c/Users/efede/pico/pico-sdk/src/rp2_common/pico_malloc/pico_malloc.c.obj (calloc)
/usr/lib/gcc/arm-none-eabi/10.3.1/../../../arm-none-eabi/lib/thumb/v6-m/nofp/libg.a(lib_a-callocr.o)
                              /usr/lib/gcc/arm-none-eabi/10.3.1/../../../arm-none-eabi/lib/thumb/v6-m/nofp/libg.a(lib_a-calloc.o) (_calloc_r)
/usr/lib/gcc/arm-none-eabi/10.3.1/../../../arm-none-eabi/lib/thumb/v6-m/nofp/libg.a(lib_a-ctype_.o)
                              CMakeFiles/Pico_Temperature_SPI.dir/mnt/c/Users/efede/pico/pico-sdk/lib/tinyusb/src/tusb.c.obj (_ctype_)
/usr/lib/gcc/arm-none-eabi/10.3.1/../../../arm-none-eabi/lib/thumb/v6-m/nofp/libg.a(lib_a-fini.o)
                              /usr/lib/gcc/arm-none-eabi/10.3.1/../../../arm-none-eabi/lib/thumb/v6-m/nofp/crt0.o (__libc_fini_array)
/usr/lib/gcc/arm-none-eabi/10.3.1/../../../arm-none-eabi/lib/thumb/v6-m/nofp/libg.a(lib_a-impure.o)
                              /usr/lib/gcc/arm-none-eabi/10.3.1/../../../arm-none-eabi/lib/thumb/v6-m/nofp/libg.a(lib_a-calloc.o) (_impure_ptr)
/usr/lib/gcc/arm-none-eabi/10.3.1/../../../arm-none-eabi/lib/thumb/v6-m/nofp/libg.a(lib_a-init.o)
                              /usr/lib/gcc/arm-none-eabi/10.3.1/../../../arm-none-eabi/lib/thumb/v6-m/nofp/crt0.o (__libc_init_array)
/usr/lib/gcc/arm-none-eabi/10.3.1/../../../arm-none-eabi/lib/thumb/v6-m/nofp/libg.a(lib_a-malloc.o)
                              CMakeFiles/Pico_Temperature_SPI.dir/mnt/c/Users/efede/pico/pico-sdk/src/rp2_common/pico_malloc/pico_malloc.c.obj (malloc)
/usr/lib/gcc/arm-none-eabi/10.3.1/../../../arm-none-eabi/lib/thumb/v6-m/nofp/libg.a(lib_a-mallocr.o)
                              /usr/lib/gcc/arm-none-eabi/10.3.1/../../../arm-none-eabi/lib/thumb/v6-m/nofp/libg.a(lib_a-callocr.o) (_malloc_r)
/usr/lib/gcc/arm-none-eabi/10.3.1/../../../arm-none-eabi/lib/thumb/v6-m/nofp/libg.a(lib_a-mlock.o)
                              /usr/lib/gcc/arm-none-eabi/10.3.1/../../../arm-none-eabi/lib/thumb/v6-m/nofp/libg.a(lib_a-mallocr.o) (__malloc_lock)
/usr/lib/gcc/arm-none-eabi/10.3.1/../../../arm-none-eabi/lib/thumb/v6-m/nofp/libg.a(lib_a-sbrkr.o)
                              /usr/lib/gcc/arm-none-eabi/10.3.1/../../../arm-none-eabi/lib/thumb/v6-m/nofp/libg.a(lib_a-mallocr.o) (_sbrk_r)
/usr/lib/gcc/arm-none-eabi/10.3.1/../../../arm-none-eabi/lib/thumb/v6-m/nofp/libg.a(lib_a-strlen-stub.o)
                              CMakeFiles/Pico_Temperature_SPI.dir/mnt/c/Users/efede/pico/pico-sdk/src/rp2_common/pico_stdio/stdio.c.obj (strlen)
/usr/lib/gcc/arm-none-eabi/10.3.1/../../../arm-none-eabi/lib/thumb/v6-m/nofp/libg.a(lib_a-__atexit.o)
                              /usr/lib/gcc/arm-none-eabi/10.3.1/../../../arm-none-eabi/lib/thumb/v6-m/nofp/libg.a(lib_a-atexit.o) (__register_exitproc)
/usr/lib/gcc/arm-none-eabi/10.3.1/../../../arm-none-eabi/lib/thumb/v6-m/nofp/libg.a(lib_a-freer.o)
                              /usr/lib/gcc/arm-none-eabi/10.3.1/../../../arm-none-eabi/lib/thumb/v6-m/nofp/libg.a(lib_a-malloc.o) (_free_r)
/usr/lib/gcc/arm-none-eabi/10.3.1/../../../arm-none-eabi/lib/thumb/v6-m/nofp/libg.a(lib_a-reent.o)
                              /usr/lib/gcc/arm-none-eabi/10.3.1/../../../arm-none-eabi/lib/thumb/v6-m/nofp/libg.a(lib_a-sbrkr.o) (errno)

Discarded input sections

 .text          0x0000000000000000        0x0 /usr/lib/gcc/arm-none-eabi/10.3.1/thumb/v6-m/nofp/crti.o
 .data          0x0000000000000000        0x0 /usr/lib/gcc/arm-none-eabi/10.3.1/thumb/v6-m/nofp/crti.o
 .bss           0x0000000000000000        0x0 /usr/lib/gcc/arm-none-eabi/10.3.1/thumb/v6-m/nofp/crti.o
 .data          0x0000000000000000        0x4 /usr/lib/gcc/arm-none-eabi/10.3.1/thumb/v6-m/nofp/crtbegin.o
 .rodata        0x0000000000000000       0x24 /usr/lib/gcc/arm-none-eabi/10.3.1/thumb/v6-m/nofp/crtbegin.o
 .fini_array    0x0000000000000000        0x4 /usr/lib/gcc/arm-none-eabi/10.3.1/thumb/v6-m/nofp/crtbegin.o
 .text          0x0000000000000000       0x74 /usr/lib/gcc/arm-none-eabi/10.3.1/../../../arm-none-eabi/lib/thumb/v6-m/nofp/crt0.o
 .data          0x0000000000000000        0x0 /usr/lib/gcc/arm-none-eabi/10.3.1/../../../arm-none-eabi/lib/thumb/v6-m/nofp/crt0.o
 .bss           0x0000000000000000        0x0 /usr/lib/gcc/arm-none-eabi/10.3.1/../../../arm-none-eabi/lib/thumb/v6-m/nofp/crt0.o
[...]
Memory Configuration

Name             Origin             Length             Attributes
FLASH            0x0000000010000000 0x0000000000200000 xr
RAM              0x0000000020000000 0x0000000000040000 xrw
SCRATCH_X        0x0000000020040000 0x0000000000001000 xrw
SCRATCH_Y        0x0000000020041000 0x0000000000001000 xrw
*default*        0x0000000000000000 0xffffffffffffffff

Linker script and memory map

LOAD /usr/lib/gcc/arm-none-eabi/10.3.1/thumb/v6-m/nofp/crti.o
LOAD /usr/lib/gcc/arm-none-eabi/10.3.1/thumb/v6-m/nofp/crtbegin.o
LOAD /usr/lib/gcc/arm-none-eabi/10.3.1/../../../arm-none-eabi/lib/thumb/v6-m/nofp/crt0.o

.flash_begin    0x0000000010000000        0x0
                0x0000000010000000                __flash_binary_start = .

.boot2          0x0000000010000000      0x100
                0x0000000010000000                __boot2_start__ = .
 *(.boot2)
 .boot2         0x0000000010000000      0x100 /tmp/ccKhpzf6.o
                0x0000000010000100                __boot2_end__ = .
                0x0000000000000001                ASSERT (((__boot2_end__ - __boot2_start__) == 0x100), ERROR: Pico second stage bootloader must be 256 bytes in size)

.text           0x0000000010000100     0x73b8
                0x0000000010000100                __logical_binary_start = .
 *(.vectors)
 .vectors       0x0000000010000100       0xd4 CMakeFiles/Pico_Temperature_SPI.dir/mnt/c/Users/efede/pico/pico-sdk/src/rp2_common/pico_standard_link/crt0.S.obj
                0x0000000010000100                __vectors
                0x0000000010000100                __VECTOR_TABLE
                0x00000000100001c0                isr_invalid
                0x00000000100001c0                __default_isrs_start
                0x00000000100001c2                isr_nmi
                0x00000000100001c4                isr_hardfault
                0x00000000100001c6                isr_svcall
                0x00000000100001c8                isr_pendsv
                0x00000000100001ca                isr_systick
                0x00000000100001cc                isr_irq30
                0x00000000100001cc                __unhandled_user_irq
                0x00000000100001cc                isr_irq13
                0x00000000100001cc                isr_irq27
                0x00000000100001cc                isr_irq31
                0x00000000100001cc                isr_irq5
                0x00000000100001cc                isr_irq11
                0x00000000100001cc                isr_irq23
                0x00000000100001cc                isr_irq18
                0x00000000100001cc                isr_irq28
                0x00000000100001cc                isr_irq19
                0x00000000100001cc                isr_irq0
                0x00000000100001cc                isr_irq6
                0x00000000100001cc                isr_irq22
                0x00000000100001cc                isr_irq17
                0x00000000100001cc                isr_irq14
                0x00000000100001cc                isr_irq2
                0x00000000100001cc                isr_irq10
                0x00000000100001cc                isr_irq8
                0x00000000100001cc                isr_irq24
                0x00000000100001cc                isr_irq1
                0x00000000100001cc                isr_irq7
                0x00000000100001cc                isr_irq21
                0x00000000100001cc                isr_irq20
                0x00000000100001cc                isr_irq15
                0x00000000100001cc                isr_irq25
                0x00000000100001cc                isr_irq4
                0x00000000100001cc                isr_irq16
                0x00000000100001cc                isr_irq29
                0x00000000100001cc                isr_irq26
                0x00000000100001cc                __default_isrs_end
                0x00000000100001cc                isr_irq3
                0x00000000100001cc                isr_irq12
                0x00000000100001cc                isr_irq9
                0x00000000100001d2                unhandled_user_irq_num_in_r0
 *(.binary_info_header)
 .binary_info_header
                0x00000000100001d4       0x14 CMakeFiles/Pico_Temperature_SPI.dir/mnt/c/Users/efede/pico/pico-sdk/src/rp2_common/pico_standard_link/crt0.S.obj
                0x00000000100001e8                __binary_info_header_end = .
 *(.reset)
 .reset         0x00000000100001e8       0xa8 CMakeFiles/Pico_Temperature_SPI.dir/mnt/c/Users/efede/pico/pico-sdk/src/rp2_common/pico_standard_link/crt0.S.obj
                0x00000000100001e8                _entry_point
                0x0000000010000266                __get_current_exception
 .reset         0x0000000010000290       0x30 CMakeFiles/Pico_Temperature_SPI.dir/mnt/c/Users/efede/pico/pico-sdk/src/rp2_common/pico_standard_link/binary_info.c.obj
 *(.init)
 .init          0x00000000100002c0        0x4 /usr/lib/gcc/arm-none-eabi/10.3.1/thumb/v6-m/nofp/crti.o
                0x00000000100002c0                _init
 *(EXCLUDE_FILE(*libm.a: *libc.a:*lib_a-mem*.o *libgcc.a:) .text*)
 .text          0x00000000100002c4       0x98 /usr/lib/gcc/arm-none-eabi/10.3.1/thumb/v6-m/nofp/crtbegin.o
 .text.main     0x000000001000035c       0xc8 CMakeFiles/Pico_Temperature_SPI.dir/Pico_Temperature_SPI.c.obj
                0x000000001000035c                main
 .text.gpio_set_function
                0x0000000010000424       0x30 CMakeFiles/Pico_Temperature_SPI.dir/mnt/c/Users/efede/pico/pico-sdk/src/rp2_common/hardware_gpio/gpio.c.obj
                0x0000000010000424                gpio_set_function
 .text.hw_claim_lock
                0x0000000010000454       0x18 CMakeFiles/Pico_Temperature_SPI.dir/mnt/c/Users/efede/pico/pico-sdk/src/rp2_common/hardware_claim/claim.c.obj
                0x0000000010000454                hw_claim_lock
 .text.hw_claim_unlock
                0x000000001000046c       0x14 CMakeFiles/Pico_Temperature_SPI.dir/mnt/c/Users/efede/pico/pico-sdk/src/rp2_common/hardware_claim/claim.c.obj
                0x000000001000046c                hw_claim_unlock
 .text.hw_claim_or_assert
                0x0000000010000480       0x32 CMakeFiles/Pico_Temperature_SPI.dir/mnt/c/Users/efede/pico/pico-sdk/src/rp2_common/hardware_claim/claim.c.obj
                0x0000000010000480                hw_claim_or_assert
 .text.hw_claim_unused_from_range
                0x00000000100004b2       0x50 CMakeFiles/Pico_Temperature_SPI.dir/mnt/c/Users/efede/pico/pico-sdk/src/rp2_common/hardware_claim/claim.c.obj
                0x00000000100004b2                hw_claim_unused_from_range
 *fill*         0x0000000010000502        0x2 
 .text.running_on_fpga
                0x0000000010000504       0x14 CMakeFiles/Pico_Temperature_SPI.dir/mnt/c/Users/efede/pico/pico-sdk/src/rp2_common/pico_platform/platform.c.obj
                0x0000000010000504                running_on_fpga
 .text.spin_locks_reset
                0x0000000010000518       0x20 CMakeFiles/Pico_Temperature_SPI.dir/mnt/c/Users/efede/pico/pico-sdk/src/rp2_common/hardware_sync/sync.c.obj
                0x0000000010000518                spin_locks_reset
 .text.next_striped_spin_lock_num
                0x0000000010000538       0x1c CMakeFiles/Pico_Temperature_SPI.dir/mnt/c/Users/efede/pico/pico-sdk/src/rp2_common/hardware_sync/sync.c.obj
                0x0000000010000538                next_striped_spin_lock_num
 .text.spin_lock_claim_unused
                0x0000000010000554       0x20 CMakeFiles/Pico_Temperature_SPI.dir/mnt/c/Users/efede/pico/pico-sdk/src/rp2_common/hardware_sync/sync.c.obj
                0x0000000010000554                spin_lock_claim_unused
 .text.uart_set_baudrate
                0x0000000010000574       0x5c CMakeFiles/Pico_Temperature_SPI.dir/mnt/c/Users/efede/pico/pico-sdk/src/rp2_common/hardware_uart/uart.c.obj
                0x0000000010000574                uart_set_baudrate
 .text.uart_set_translate_crlf
                0x00000000100005d0       0x28 CMakeFiles/Pico_Temperature_SPI.dir/mnt/c/Users/efede/pico/pico-sdk/src/rp2_common/hardware_uart/uart.c.obj
                0x00000000100005d0                uart_set_translate_crlf
 .text.uart_init
                0x00000000100005f8       0x80 CMakeFiles/Pico_Temperature_SPI.dir/mnt/c/Users/efede/pico/pico-sdk/src/rp2_common/hardware_uart/uart.c.obj
                0x00000000100005f8                uart_init
 .text.alarm_pool_post_alloc_init
                0x0000000010000678       0x40 CMakeFiles/Pico_Temperature_SPI.dir/mnt/c/Users/efede/pico/pico-sdk/src/common/pico_time/time.c.obj
 .text.sleep_until_callback
                0x00000000100006b8       0x30 CMakeFiles/Pico_Temperature_SPI.dir/mnt/c/Users/efede/pico/pico-sdk/src/common/pico_time/time.c.obj
 .text.timer_pool_entry_comparator
                0x00000000100006e8       0x7c CMakeFiles/Pico_Temperature_SPI.dir/mnt/c/Users/efede/pico/pico-sdk/src/common/pico_time/time.c.obj
                0x00000000100006e8                timer_pool_entry_comparator
 .text.ph_add_child_node
                0x0000000010000764       0xa4 CMakeFiles/Pico_Temperature_SPI.dir/mnt/c/Users/efede/pico/pico-sdk/src/common/pico_time/time.c.obj
 .text.ph_merge_nodes
                0x0000000010000808       0x3e CMakeFiles/Pico_Temperature_SPI.dir/mnt/c/Users/efede/pico/pico-sdk/src/common/pico_time/time.c.obj
 *fill*         0x0000000010000846        0x2 
 .text.add_alarm_under_lock
                0x0000000010000848      0x174 CMakeFiles/Pico_Temperature_SPI.dir/mnt/c/Users/efede/pico/pico-sdk/src/common/pico_time/time.c.obj
 .text.alarm_pool_alarm_callback
                0x00000000100009bc      0x328 CMakeFiles/Pico_Temperature_SPI.dir/mnt/c/Users/efede/pico/pico-sdk/src/common/pico_time/time.c.obj
 .text.alarm_pool_init_default
                0x0000000010000ce4       0x38 CMakeFiles/Pico_Temperature_SPI.dir/mnt/c/Users/efede/pico/pico-sdk/src/common/pico_time/time.c.obj
                0x0000000010000ce4                alarm_pool_init_default
 .text.alarm_pool_get_default
                0x0000000010000d1c       0x2c CMakeFiles/Pico_Temperature_SPI.dir/mnt/c/Users/efede/pico/pico-sdk/src/common/pico_time/time.c.obj
                0x0000000010000d1c                alarm_pool_get_default
 .text.alarm_pool_add_alarm_at
                0x0000000010000d48      0x170 CMakeFiles/Pico_Temperature_SPI.dir/mnt/c/Users/efede/pico/pico-sdk/src/common/pico_time/time.c.obj
                0x0000000010000d48                alarm_pool_add_alarm_at
 .text.alarm_pool_cancel_alarm
                0x0000000010000eb8       0xf0 CMakeFiles/Pico_Temperature_SPI.dir/mnt/c/Users/efede/pico/pico-sdk/src/common/pico_time/time.c.obj
                0x0000000010000eb8                alarm_pool_cancel_alarm
 .text.sleep_until
                0x0000000010000fa8       0xfc CMakeFiles/Pico_Temperature_SPI.dir/mnt/c/Users/efede/pico/pico-sdk/src/common/pico_time/time.c.obj
                0x0000000010000fa8                sleep_until
 .text.sleep_us
                0x00000000100010a4       0x58 CMakeFiles/Pico_Temperature_SPI.dir/mnt/c/Users/efede/pico/pico-sdk/src/common/pico_time/time.c.obj
                0x00000000100010a4                sleep_us
 .text.sleep_ms
                0x00000000100010fc       0x14 CMakeFiles/Pico_Temperature_SPI.dir/mnt/c/Users/efede/pico/pico-sdk/src/common/pico_time/time.c.obj
                0x00000000100010fc                sleep_ms
 .text.best_effort_wfe_or_timeout
                0x0000000010001110       0x80 CMakeFiles/Pico_Temperature_SPI.dir/mnt/c/Users/efede/pico/pico-sdk/src/common/pico_time/time.c.obj
                0x0000000010001110                best_effort_wfe_or_timeout
 .text.hardware_alarm_irq_handler
                0x0000000010001190       0x8c CMakeFiles/Pico_Temperature_SPI.dir/mnt/c/Users/efede/pico/pico-sdk/src/rp2_common/hardware_timer/timer.c.obj
 .text.hardware_alarm_claim
                0x000000001000121c       0x18 CMakeFiles/Pico_Temperature_SPI.dir/mnt/c/Users/efede/pico/pico-sdk/src/rp2_common/hardware_timer/timer.c.obj
                0x000000001000121c                hardware_alarm_claim
 .text.time_us_64
                0x0000000010001234       0x18 CMakeFiles/Pico_Temperature_SPI.dir/mnt/c/Users/efede/pico/pico-sdk/src/rp2_common/hardware_timer/timer.c.obj
                0x0000000010001234                time_us_64
 .text.busy_wait_until
                0x000000001000124c       0x28 CMakeFiles/Pico_Temperature_SPI.dir/mnt/c/Users/efede/pico/pico-sdk/src/rp2_common/hardware_timer/timer.c.obj
                0x000000001000124c                busy_wait_until
 .text.hardware_alarm_set_callback
                0x0000000010001274       0x90 CMakeFiles/Pico_Temperature_SPI.dir/mnt/c/Users/efede/pico/pico-sdk/src/rp2_common/hardware_timer/timer.c.obj
                0x0000000010001274                hardware_alarm_set_callback
 .text.hardware_alarm_set_target
                0x0000000010001304       0xe8 CMakeFiles/Pico_Temperature_SPI.dir/mnt/c/Users/efede/pico/pico-sdk/src/rp2_common/hardware_timer/timer.c.obj
                0x0000000010001304                hardware_alarm_set_target
 .text.hardware_alarm_cancel
                0x00000000100013ec       0x40 CMakeFiles/Pico_Temperature_SPI.dir/mnt/c/Users/efede/pico/pico-sdk/src/rp2_common/hardware_timer/timer.c.obj
                0x00000000100013ec                hardware_alarm_cancel
 .text.lock_init
                0x000000001000142c       0x10 CMakeFiles/Pico_Temperature_SPI.dir/mnt/c/Users/efede/pico/pico-sdk/src/common/pico_sync/lock_core.c.obj
                0x000000001000142c                lock_init
 .text.mutex_init
                0x000000001000143c       0x1a CMakeFiles/Pico_Temperature_SPI.dir/mnt/c/Users/efede/pico/pico-sdk/src/common/pico_sync/mutex.c.obj
                0x000000001000143c                mutex_init
 .text.recursive_mutex_init
                0x0000000010001456       0x1e CMakeFiles/Pico_Temperature_SPI.dir/mnt/c/Users/efede/pico/pico-sdk/src/common/pico_sync/mutex.c.obj
                0x0000000010001456                recursive_mutex_init
 .text.critical_section_init_with_lock_num
                0x0000000010001474       0x14 CMakeFiles/Pico_Temperature_SPI.dir/mnt/c/Users/efede/pico/pico-sdk/src/common/pico_sync/critical_section.c.obj
                0x0000000010001474                critical_section_init_with_lock_num
 .text.critical_section_init
                0x0000000010001488       0x14 CMakeFiles/Pico_Temperature_SPI.dir/mnt/c/Users/efede/pico/pico-sdk/src/common/pico_sync/critical_section.c.obj
                0x0000000010001488                critical_section_init
 .text.ph_add_child_node
                0x000000001000149c       0xa4 CMakeFiles/Pico_Temperature_SPI.dir/mnt/c/Users/efede/pico/pico-sdk/src/common/pico_util/pheap.c.obj
 .text.ph_merge_nodes
                0x0000000010001540       0x3e CMakeFiles/Pico_Temperature_SPI.dir/mnt/c/Users/efede/pico/pico-sdk/src/common/pico_util/pheap.c.obj
 *fill*         0x000000001000157e        0x2 
 .text.ph_clear
                0x0000000010001580       0x70 CMakeFiles/Pico_Temperature_SPI.dir/mnt/c/Users/efede/pico/pico-sdk/src/common/pico_util/pheap.c.obj
                0x0000000010001580                ph_clear
 .text.ph_post_alloc_init
                0x00000000100015f0        0xe CMakeFiles/Pico_Temperature_SPI.dir/mnt/c/Users/efede/pico/pico-sdk/src/common/pico_util/pheap.c.obj
                0x00000000100015f0                ph_post_alloc_init
 *fill*         0x00000000100015fe        0x2 
 .text.ph_merge_two_pass
                0x0000000010001600       0xa8 CMakeFiles/Pico_Temperature_SPI.dir/mnt/c/Users/efede/pico/pico-sdk/src/common/pico_util/pheap.c.obj
                0x0000000010001600                ph_merge_two_pass
 .text.ph_remove_any_head
                0x00000000100016a8      0x108 CMakeFiles/Pico_Temperature_SPI.dir/mnt/c/Users/efede/pico/pico-sdk/src/common/pico_util/pheap.c.obj
 .text.ph_remove_head
                0x00000000100017b0       0x14 CMakeFiles/Pico_Temperature_SPI.dir/mnt/c/Users/efede/pico/pico-sdk/src/common/pico_util/pheap.c.obj
                0x00000000100017b0                ph_remove_head
 .text.ph_remove_and_free_node
                0x00000000100017c4       0xf8 CMakeFiles/Pico_Temperature_SPI.dir/mnt/c/Users/efede/pico/pico-sdk/src/common/pico_util/pheap.c.obj
                0x00000000100017c4                ph_remove_and_free_node
 .text._exit    0x00000000100018bc        0x4 CMakeFiles/Pico_Temperature_SPI.dir/mnt/c/Users/efede/pico/pico-sdk/src/rp2_common/pico_runtime/runtime.c.obj
                0x00000000100018bc                _exit
 .text.exit     0x00000000100018c0        0x6 CMakeFiles/Pico_Temperature_SPI.dir/mnt/c/Users/efede/pico/pico-sdk/src/rp2_common/pico_runtime/runtime.c.obj
                0x00000000100018c0                exit
 *fill*         0x00000000100018c6        0x2 
 .text.__assert_func
                0x00000000100018c8       0x3c CMakeFiles/Pico_Temperature_SPI.dir/mnt/c/Users/efede/pico/pico-sdk/src/rp2_common/pico_runtime/runtime.c.obj
                0x00000000100018c8                __assert_func
 .text.runtime_init
                0x0000000010001904       0xf8 CMakeFiles/Pico_Temperature_SPI.dir/mnt/c/Users/efede/pico/pico-sdk/src/rp2_common/pico_runtime/runtime.c.obj
                0x0000000010001904                runtime_init
 .text.panic    0x00000000100019fc       0x30 CMakeFiles/Pico_Temperature_SPI.dir/mnt/c/Users/efede/pico/pico-sdk/src/rp2_common/pico_runtime/runtime.c.obj
                0x00000000100019fc                panic
 .text.clock_configure
                0x0000000010001a2c      0x104 CMakeFiles/Pico_Temperature_SPI.dir/mnt/c/Users/efede/pico/pico-sdk/src/rp2_common/hardware_clocks/clocks.c.obj
                0x0000000010001a2c                clock_configure
 .text.clocks_init
                0x0000000010001b30      0x100 CMakeFiles/Pico_Temperature_SPI.dir/mnt/c/Users/efede/pico/pico-sdk/src/rp2_common/hardware_clocks/clocks.c.obj
                0x0000000010001b30                clocks_init
 .text.clock_get_hz
                0x0000000010001c30        0xc CMakeFiles/Pico_Temperature_SPI.dir/mnt/c/Users/efede/pico/pico-sdk/src/rp2_common/hardware_clocks/clocks.c.obj
                0x0000000010001c30                clock_get_hz
 .text.set_raw_irq_handler_and_unlock
                0x0000000010001c3c       0x28 CMakeFiles/Pico_Temperature_SPI.dir/mnt/c/Users/efede/pico/pico-sdk/src/rp2_common/hardware_irq/irq.c.obj
 .text.make_branch
                0x0000000010001c64       0x48 CMakeFiles/Pico_Temperature_SPI.dir/mnt/c/Users/efede/pico/pico-sdk/src/rp2_common/hardware_irq/irq.c.obj
 .text.insert_branch_and_link
                0x0000000010001cac       0x40 CMakeFiles/Pico_Temperature_SPI.dir/mnt/c/Users/efede/pico/pico-sdk/src/rp2_common/hardware_irq/irq.c.obj
 .text.irq_is_enabled
                0x0000000010001cec       0x18 CMakeFiles/Pico_Temperature_SPI.dir/mnt/c/Users/efede/pico/pico-sdk/src/rp2_common/hardware_irq/irq.c.obj
                0x0000000010001cec                irq_is_enabled
 .text.irq_set_mask_enabled
                0x0000000010001d04       0x20 CMakeFiles/Pico_Temperature_SPI.dir/mnt/c/Users/efede/pico/pico-sdk/src/rp2_common/hardware_irq/irq.c.obj
                0x0000000010001d04                irq_set_mask_enabled
 .text.irq_set_enabled
                0x0000000010001d24        0xe CMakeFiles/Pico_Temperature_SPI.dir/mnt/c/Users/efede/pico/pico-sdk/src/rp2_common/hardware_irq/irq.c.obj
                0x0000000010001d24                irq_set_enabled
 *fill*         0x0000000010001d32        0x2 
 .text.irq_set_pending
                0x0000000010001d34       0x10 CMakeFiles/Pico_Temperature_SPI.dir/mnt/c/Users/efede/pico/pico-sdk/src/rp2_common/hardware_irq/irq.c.obj
                0x0000000010001d34                irq_set_pending
 .text.irq_get_vtable_handler
                0x0000000010001d44       0x10 CMakeFiles/Pico_Temperature_SPI.dir/mnt/c/Users/efede/pico/pico-sdk/src/rp2_common/hardware_irq/irq.c.obj
                0x0000000010001d44                irq_get_vtable_handler
 .text.irq_set_exclusive_handler
                0x0000000010001d54       0x54 CMakeFiles/Pico_Temperature_SPI.dir/mnt/c/Users/efede/pico/pico-sdk/src/rp2_common/hardware_irq/irq.c.obj
                0x0000000010001d54                irq_set_exclusive_handler
 .text.irq_remove_handler
                0x0000000010001da8      0x1a8 CMakeFiles/Pico_Temperature_SPI.dir/mnt/c/Users/efede/pico/pico-sdk/src/rp2_common/hardware_irq/irq.c.obj
                0x0000000010001da8                irq_remove_handler
 .text.irq_add_tail_to_free_list
                0x0000000010001f50       0xf0 CMakeFiles/Pico_Temperature_SPI.dir/mnt/c/Users/efede/pico/pico-sdk/src/rp2_common/hardware_irq/irq.c.obj
                0x0000000010001f50                irq_add_tail_to_free_list
 .text.irq_init_priorities
                0x0000000010002040       0x1c CMakeFiles/Pico_Temperature_SPI.dir/mnt/c/Users/efede/pico/pico-sdk/src/rp2_common/hardware_irq/irq.c.obj
                0x0000000010002040                irq_init_priorities
 .text.pll_init
                0x000000001000205c      0x120 CMakeFiles/Pico_Temperature_SPI.dir/mnt/c/Users/efede/pico/pico-sdk/src/rp2_common/hardware_pll/pll.c.obj
                0x000000001000205c                pll_init
 .text.watchdog_start_tick
                0x000000001000217c       0x10 CMakeFiles/Pico_Temperature_SPI.dir/mnt/c/Users/efede/pico/pico-sdk/src/rp2_common/hardware_watchdog/watchdog.c.obj
                0x000000001000217c                watchdog_start_tick
 .text.watchdog_update
                0x000000001000218c       0x14 CMakeFiles/Pico_Temperature_SPI.dir/mnt/c/Users/efede/pico/pico-sdk/src/rp2_common/hardware_watchdog/watchdog.c.obj
                0x000000001000218c                watchdog_update
 .text._watchdog_enable
                0x00000000100021a0       0x78 CMakeFiles/Pico_Temperature_SPI.dir/mnt/c/Users/efede/pico/pico-sdk/src/rp2_common/hardware_watchdog/watchdog.c.obj
                0x00000000100021a0                _watchdog_enable
 .text.watchdog_reboot
                0x0000000010002218       0x48 CMakeFiles/Pico_Temperature_SPI.dir/mnt/c/Users/efede/pico/pico-sdk/src/rp2_common/hardware_watchdog/watchdog.c.obj
                0x0000000010002218                watchdog_reboot
 .text.xosc_init
                0x0000000010002260       0x28 CMakeFiles/Pico_Temperature_SPI.dir/mnt/c/Users/efede/pico/pico-sdk/src/rp2_common/hardware_xosc/xosc.c.obj
                0x0000000010002260                xosc_init
 .text._out_null
                0x0000000010002288        0x2 CMakeFiles/Pico_Temperature_SPI.dir/mnt/c/Users/efede/pico/pico-sdk/src/rp2_common/pico_printf/printf.c.obj
 .text._out_fct
                0x000000001000228a        0xe CMakeFiles/Pico_Temperature_SPI.dir/mnt/c/Users/efede/pico/pico-sdk/src/rp2_common/pico_printf/printf.c.obj
 .text._atoi    0x0000000010002298       0x24 CMakeFiles/Pico_Temperature_SPI.dir/mnt/c/Users/efede/pico/pico-sdk/src/rp2_common/pico_printf/printf.c.obj
 .text._out_rev
                0x00000000100022bc       0xae CMakeFiles/Pico_Temperature_SPI.dir/mnt/c/Users/efede/pico/pico-sdk/src/rp2_common/pico_printf/printf.c.obj
 .text._ntoa_format
                0x000000001000236a      0x112 CMakeFiles/Pico_Temperature_SPI.dir/mnt/c/Users/efede/pico/pico-sdk/src/rp2_common/pico_printf/printf.c.obj
 .text._ntoa_long
                0x000000001000247c       0xbc CMakeFiles/Pico_Temperature_SPI.dir/mnt/c/Users/efede/pico/pico-sdk/src/rp2_common/pico_printf/printf.c.obj
 .text._ntoa_long_long
                0x0000000010002538       0xe2 CMakeFiles/Pico_Temperature_SPI.dir/mnt/c/Users/efede/pico/pico-sdk/src/rp2_common/pico_printf/printf.c.obj
 *fill*         0x000000001000261a        0x2 
 .text._etoa    0x000000001000261c      0x414 CMakeFiles/Pico_Temperature_SPI.dir/mnt/c/Users/efede/pico/pico-sdk/src/rp2_common/pico_printf/printf.c.obj
 .text._ftoa    0x0000000010002a30      0x354 CMakeFiles/Pico_Temperature_SPI.dir/mnt/c/Users/efede/pico/pico-sdk/src/rp2_common/pico_printf/printf.c.obj
 .text._vsnprintf
                0x0000000010002d84      0x624 CMakeFiles/Pico_Temperature_SPI.dir/mnt/c/Users/efede/pico/pico-sdk/src/rp2_common/pico_printf/printf.c.obj
 .text.vfctprintf
                0x00000000100033a8       0x20 CMakeFiles/Pico_Temperature_SPI.dir/mnt/c/Users/efede/pico/pico-sdk/src/rp2_common/pico_printf/printf.c.obj
                0x00000000100033a8                vfctprintf
 .text          0x00000000100033c8       0x10 CMakeFiles/Pico_Temperature_SPI.dir/mnt/c/Users/efede/pico/pico-sdk/src/rp2_common/pico_bit_ops/bit_ops_aeabi.S.obj
 .text.rom_func_lookup
                0x00000000100033d8       0x10 CMakeFiles/Pico_Temperature_SPI.dir/mnt/c/Users/efede/pico/pico-sdk/src/rp2_common/pico_bootrom/bootrom.c.obj
                0x00000000100033d8                rom_func_lookup
 .text.rom_data_lookup
                0x00000000100033e8       0x10 CMakeFiles/Pico_Temperature_SPI.dir/mnt/c/Users/efede/pico/pico-sdk/src/rp2_common/pico_bootrom/bootrom.c.obj
                0x00000000100033e8                rom_data_lookup
 .text.rom_funcs_lookup
                0x00000000100033f8       0x36 CMakeFiles/Pico_Temperature_SPI.dir/mnt/c/Users/efede/pico/pico-sdk/src/rp2_common/pico_bootrom/bootrom.c.obj
                0x00000000100033f8                rom_funcs_lookup
 *fill*         0x000000001000342e        0x2 
 .text.__wrap___aeabi_idiv
                0x0000000010003430       0x50 CMakeFiles/Pico_Temperature_SPI.dir/mnt/c/Users/efede/pico/pico-sdk/src/rp2_common/pico_divider/divider.S.obj
                0x0000000010003430                __wrap___aeabi_idivmod
                0x0000000010003430                divmod_s32s32
                0x0000000010003430                div_s32s32
                0x0000000010003430                __wrap___aeabi_idiv
                0x0000000010003438                divmod_s32s32_unsafe
                0x0000000010003464                divmod_s32s32_savestate
 .text.__wrap___aeabi_uidiv
                0x0000000010003480       0x4c CMakeFiles/Pico_Temperature_SPI.dir/mnt/c/Users/efede/pico/pico-sdk/src/rp2_common/pico_divider/divider.S.obj
                0x0000000010003480                __wrap___aeabi_uidiv
                0x0000000010003480                __wrap___aeabi_uidivmod
                0x0000000010003480                div_u32u32
                0x0000000010003480                divmod_u32u32
                0x0000000010003488                divmod_u32u32_unsafe
                0x00000000100034b0                divmod_u32u32_savestate
 .text.__wrap___aeabi_ldiv
                0x00000000100034cc      0x434 CMakeFiles/Pico_Temperature_SPI.dir/mnt/c/Users/efede/pico/pico-sdk/src/rp2_common/pico_divider/divider.S.obj
                0x00000000100034cc                div_s64s64
                0x00000000100034cc                divmod_s64s64
                0x00000000100034cc                __wrap___aeabi_ldivmod
                0x0000000010003504                div_u64u64
                0x0000000010003504                divmod_u64u64
                0x0000000010003504                __wrap___aeabi_uldivmod
                0x0000000010003514                divmod_u64u64_savestate
                0x000000001000353c                divmod_s64s64_unsafe
                0x00000000100035c4                divmod_u64u64_unsafe
 .text.__wrap___aeabi_darithmetic
                0x0000000010003900       0x80 CMakeFiles/Pico_Temperature_SPI.dir/mnt/c/Users/efede/pico/pico-sdk/src/rp2_common/pico_double/double_aeabi.S.obj
                0x0000000010003900                __wrap___aeabi_drsub
                0x0000000010003906                __wrap___aeabi_dsub
                0x0000000010003918                __wrap___aeabi_dadd
                0x000000001000392a                __wrap___aeabi_ddiv
                0x0000000010003966                __wrap___aeabi_dmul
 .text.__wrap___aeabi_cdcmple
                0x0000000010003980       0x6c CMakeFiles/Pico_Temperature_SPI.dir/mnt/c/Users/efede/pico/pico-sdk/src/rp2_common/pico_double/double_aeabi.S.obj
                0x0000000010003980                __wrap___aeabi_cdrcmple
                0x0000000010003990                __wrap___aeabi_cdcmple
                0x0000000010003990                __wrap___aeabi_cdcmpeq
 .text.__wrap___aeabi_dcmplt
                0x00000000100039ec        0xc CMakeFiles/Pico_Temperature_SPI.dir/mnt/c/Users/efede/pico/pico-sdk/src/rp2_common/pico_double/double_aeabi.S.obj
                0x00000000100039ec                __wrap___aeabi_dcmplt
 .text.__wrap___aeabi_dcmple
                0x00000000100039f8       0x10 CMakeFiles/Pico_Temperature_SPI.dir/mnt/c/Users/efede/pico/pico-sdk/src/rp2_common/pico_double/double_aeabi.S.obj
                0x00000000100039f8                __wrap___aeabi_dcmple
 .text.__wrap___aeabi_dcmpge
                0x0000000010003a08       0x10 CMakeFiles/Pico_Temperature_SPI.dir/mnt/c/Users/efede/pico/pico-sdk/src/rp2_common/pico_double/double_aeabi.S.obj
                0x0000000010003a08                __wrap___aeabi_dcmpge
 .text.__wrap___aeabi_dcmpgt
                0x0000000010003a18        0xa CMakeFiles/Pico_Temperature_SPI.dir/mnt/c/Users/efede/pico/pico-sdk/src/rp2_common/pico_double/double_aeabi.S.obj
                0x0000000010003a18                __wrap___aeabi_dcmpgt
 .text.__wrap___aeabi_dcmpun
                0x0000000010003a22       0x1c CMakeFiles/Pico_Temperature_SPI.dir/mnt/c/Users/efede/pico/pico-sdk/src/rp2_common/pico_double/double_aeabi.S.obj
                0x0000000010003a22                __wrap___aeabi_dcmpun
 *fill*         0x0000000010003a3e        0x2 
 .text.__wrap___aeabi_i2d
                0x0000000010003a40       0x38 CMakeFiles/Pico_Temperature_SPI.dir/mnt/c/Users/efede/pico/pico-sdk/src/rp2_common/pico_double/double_aeabi.S.obj
                0x0000000010003a40                __wrap___aeabi_ui2d
                0x0000000010003a48                __wrap___aeabi_i2d
 .text.__wrap___aeabi_d2iz
                0x0000000010003a78       0x48 CMakeFiles/Pico_Temperature_SPI.dir/mnt/c/Users/efede/pico/pico-sdk/src/rp2_common/pico_double/double_aeabi.S.obj
                0x0000000010003a78                __wrap___aeabi_d2iz
                0x0000000010003a78                double2int_z
 .text.__wrap___aeabi_d2uiz
                0x0000000010003ac0       0x18 CMakeFiles/Pico_Temperature_SPI.dir/mnt/c/Users/efede/pico/pico-sdk/src/rp2_common/pico_double/double_aeabi.S.obj
                0x0000000010003ac0                double2uint
                0x0000000010003ac0                __wrap___aeabi_d2uiz
 .text.__wrap___aeabi_d2f
                0x0000000010003ad8       0x18 CMakeFiles/Pico_Temperature_SPI.dir/mnt/c/Users/efede/pico/pico-sdk/src/rp2_common/pico_double/double_aeabi.S.obj
                0x0000000010003ad8                __wrap___aeabi_d2f
 .text.__aeabi_double_init
                0x0000000010003af0       0xc8 CMakeFiles/Pico_Temperature_SPI.dir/mnt/c/Users/efede/pico/pico-sdk/src/rp2_common/pico_double/double_init_rom.c.obj
                0x0000000010003af0                __aeabi_double_init
 .text.double_table_shim_on_use_helper
                0x0000000010003bb8       0x34 CMakeFiles/Pico_Temperature_SPI.dir/mnt/c/Users/efede/pico/pico-sdk/src/rp2_common/pico_double/double_v1_rom_shim.S.obj
                0x0000000010003bb8                double_table_shim_on_use_helper
 .text.__wrap___aeabi_dsub
                0x0000000010003bec       0x10 CMakeFiles/Pico_Temperature_SPI.dir/mnt/c/Users/efede/pico/pico-sdk/src/rp2_common/pico_double/double_v1_rom_shim.S.obj
                0x0000000010003bec                drsub_shim
                0x0000000010003bf2                dsub_shim
 .text.dadd_shim
                0x0000000010003bfc      0x15c CMakeFiles/Pico_Temperature_SPI.dir/mnt/c/Users/efede/pico/pico-sdk/src/rp2_common/pico_double/double_v1_rom_shim.S.obj
                0x0000000010003bfc                dadd_shim
 .text.dmul_shim
                0x0000000010003d58      0x15c CMakeFiles/Pico_Temperature_SPI.dir/mnt/c/Users/efede/pico/pico-sdk/src/rp2_common/pico_double/double_v1_rom_shim.S.obj
                0x0000000010003d58                dmul_shim
 .text.ddiv_shim
                0x0000000010003eb4      0x1b0 CMakeFiles/Pico_Temperature_SPI.dir/mnt/c/Users/efede/pico/pico-sdk/src/rp2_common/pico_double/double_v1_rom_shim.S.obj
                0x0000000010003eb4                ddiv_shim
 .text.double2uint_shim
                0x0000000010004064        0xe CMakeFiles/Pico_Temperature_SPI.dir/mnt/c/Users/efede/pico/pico-sdk/src/rp2_common/pico_double/double_v1_rom_shim.S.obj
                0x0000000010004064                double2uint_shim
                0x0000000010004066                double2ufix_shim
 *fill*         0x0000000010004072        0x2 
 .text.double2uint64_shim
                0x0000000010004074       0x70 CMakeFiles/Pico_Temperature_SPI.dir/mnt/c/Users/efede/pico/pico-sdk/src/rp2_common/pico_double/double_v1_rom_shim.S.obj
                0x0000000010004074                double2uint64_shim
                0x0000000010004076                double2ufix64_shim
                0x0000000010004096                d2fix_a
 .text.double2float_shim
                0x00000000100040e4       0x5c CMakeFiles/Pico_Temperature_SPI.dir/mnt/c/Users/efede/pico/pico-sdk/src/rp2_common/pico_double/double_v1_rom_shim.S.obj
                0x00000000100040e4                double2float_shim
 .text.dunpacks
                0x0000000010004140       0x3c CMakeFiles/Pico_Temperature_SPI.dir/mnt/c/Users/efede/pico/pico-sdk/src/rp2_common/pico_double/double_v1_rom_shim.S.obj
                0x0000000010004140                dunpacks
 .text.__aeabi_lmul
                0x000000001000417c       0x32 CMakeFiles/Pico_Temperature_SPI.dir/mnt/c/Users/efede/pico/pico-sdk/src/rp2_common/pico_int64_ops/pico_int64_ops_aeabi.S.obj
                0x000000001000417c                __wrap___aeabi_lmul
 *fill*         0x00000000100041ae        0x2 
 .text.__wrap___aeabi_f2d
                0x00000000100041b0       0x14 CMakeFiles/Pico_Temperature_SPI.dir/mnt/c/Users/efede/pico/pico-sdk/src/rp2_common/pico_float/float_aeabi.S.obj
                0x00000000100041b0                __wrap___aeabi_f2d
 .text.__aeabi_float_init
                0x00000000100041c4       0xfc CMakeFiles/Pico_Temperature_SPI.dir/mnt/c/Users/efede/pico/pico-sdk/src/rp2_common/pico_float/float_init_rom.c.obj
                0x00000000100041c4                __aeabi_float_init
 .text.float_table_shim_on_use_helper
                0x00000000100042c0       0x34 CMakeFiles/Pico_Temperature_SPI.dir/mnt/c/Users/efede/pico/pico-sdk/src/rp2_common/pico_float/float_v1_rom_shim.S.obj
                0x00000000100042c0                float_table_shim_on_use_helper
 .text.float2double_shim
                0x00000000100042f4       0x30 CMakeFiles/Pico_Temperature_SPI.dir/mnt/c/Users/efede/pico/pico-sdk/src/rp2_common/pico_float/float_v1_rom_shim.S.obj
                0x00000000100042f4                float2double_shim
 .text          0x0000000010004324       0x10 CMakeFiles/Pico_Temperature_SPI.dir/mnt/c/Users/efede/pico/pico-sdk/src/rp2_common/pico_mem_ops/mem_ops_aeabi.S.obj
                0x0000000010004324                __aeabi_mem_init
 .text.memset   0x0000000010004334        0xc CMakeFiles/Pico_Temperature_SPI.dir/mnt/c/Users/efede/pico/pico-sdk/src/rp2_common/pico_mem_ops/mem_ops_aeabi.S.obj
                0x0000000010004334                __wrap_memset
 .text.memcpy   0x0000000010004340        0xc CMakeFiles/Pico_Temperature_SPI.dir/mnt/c/Users/efede/pico/pico-sdk/src/rp2_common/pico_mem_ops/mem_ops_aeabi.S.obj
                0x0000000010004340                __wrap___aeabi_memcpy
                0x0000000010004340                __wrap_memcpy
 .text.stdio_out_chars_no_crlf
                0x000000001000434c        0xe CMakeFiles/Pico_Temperature_SPI.dir/mnt/c/Users/efede/pico/pico-sdk/src/rp2_common/pico_stdio/stdio.c.obj
 *fill*         0x000000001000435a        0x2 
 .text.stdio_out_chars_crlf
                0x000000001000435c       0x80 CMakeFiles/Pico_Temperature_SPI.dir/mnt/c/Users/efede/pico/pico-sdk/src/rp2_common/pico_stdio/stdio.c.obj
 .text.stdio_stack_buffer_flush
                0x00000000100043dc       0x44 CMakeFiles/Pico_Temperature_SPI.dir/mnt/c/Users/efede/pico/pico-sdk/src/rp2_common/pico_stdio/stdio.c.obj
 .text.stdio_buffered_printer
                0x0000000010004420       0x20 CMakeFiles/Pico_Temperature_SPI.dir/mnt/c/Users/efede/pico/pico-sdk/src/rp2_common/pico_stdio/stdio.c.obj
 .text.stdout_serialize_begin
                0x0000000010004440       0x30 CMakeFiles/Pico_Temperature_SPI.dir/mnt/c/Users/efede/pico/pico-sdk/src/rp2_common/pico_stdio/stdio.c.obj
                0x0000000010004440                stdout_serialize_begin
 .text.stdout_serialize_end
                0x0000000010004470       0x10 CMakeFiles/Pico_Temperature_SPI.dir/mnt/c/Users/efede/pico/pico-sdk/src/rp2_common/pico_stdio/stdio.c.obj
                0x0000000010004470                stdout_serialize_end
 .text.stdio_put_string
                0x0000000010004480       0x98 CMakeFiles/Pico_Temperature_SPI.dir/mnt/c/Users/efede/pico/pico-sdk/src/rp2_common/pico_stdio/stdio.c.obj
 .text.stdio_set_driver_enabled
                0x0000000010004518       0x2c CMakeFiles/Pico_Temperature_SPI.dir/mnt/c/Users/efede/pico/pico-sdk/src/rp2_common/pico_stdio/stdio.c.obj
                0x0000000010004518                stdio_set_driver_enabled
 .text.stdio_flush
                0x0000000010004544       0x20 CMakeFiles/Pico_Temperature_SPI.dir/mnt/c/Users/efede/pico/pico-sdk/src/rp2_common/pico_stdio/stdio.c.obj
                0x0000000010004544                stdio_flush
 .text.__wrap_puts
                0x0000000010004564       0x1e CMakeFiles/Pico_Temperature_SPI.dir/mnt/c/Users/efede/pico/pico-sdk/src/rp2_common/pico_stdio/stdio.c.obj
                0x0000000010004564                __wrap_puts
 *fill*         0x0000000010004582        0x2 
 .text.__wrap_vprintf
                0x0000000010004584       0x44 CMakeFiles/Pico_Temperature_SPI.dir/mnt/c/Users/efede/pico/pico-sdk/src/rp2_common/pico_stdio/stdio.c.obj
                0x0000000010004584                __wrap_vprintf
 .text.__wrap_printf
                0x00000000100045c8       0x18 CMakeFiles/Pico_Temperature_SPI.dir/mnt/c/Users/efede/pico/pico-sdk/src/rp2_common/pico_stdio/stdio.c.obj
                0x00000000100045c8                __wrap_printf
 .text.stdio_init_all
                0x00000000100045e0        0xc CMakeFiles/Pico_Temperature_SPI.dir/mnt/c/Users/efede/pico/pico-sdk/src/rp2_common/pico_stdio/stdio.c.obj
                0x00000000100045e0                stdio_init_all
 .text.stdio_uart_out_chars
                0x00000000100045ec       0x74 CMakeFiles/Pico_Temperature_SPI.dir/mnt/c/Users/efede/pico/pico-sdk/src/rp2_common/pico_stdio_uart/stdio_uart.c.obj
 .text.stdio_uart_in_chars
                0x0000000010004660       0x58 CMakeFiles/Pico_Temperature_SPI.dir/mnt/c/Users/efede/pico/pico-sdk/src/rp2_common/pico_stdio_uart/stdio_uart.c.obj
                0x0000000010004660                stdio_uart_in_chars
 .text.stdio_uart_init_full
                0x00000000100046b8       0x3c CMakeFiles/Pico_Temperature_SPI.dir/mnt/c/Users/efede/pico/pico-sdk/src/rp2_common/pico_stdio_uart/stdio_uart.c.obj
                0x00000000100046b8                stdio_uart_init_full
 .text.stdio_uart_init
                0x00000000100046f4       0x28 CMakeFiles/Pico_Temperature_SPI.dir/mnt/c/Users/efede/pico/pico-sdk/src/rp2_common/pico_stdio_uart/stdio_uart.c.obj
                0x00000000100046f4                stdio_uart_init
 .text.resetd_init
                0x000000001000471c        0x2 CMakeFiles/Pico_Temperature_SPI.dir/mnt/c/Users/efede/pico/pico-sdk/src/rp2_common/pico_stdio_usb/reset_interface.c.obj
 *fill*         0x000000001000471e        0x2 
 .text.resetd_reset
                0x0000000010004720        0xc CMakeFiles/Pico_Temperature_SPI.dir/mnt/c/Users/efede/pico/pico-sdk/src/rp2_common/pico_stdio_usb/reset_interface.c.obj
 .text.resetd_open
                0x000000001000472c       0x34 CMakeFiles/Pico_Temperature_SPI.dir/mnt/c/Users/efede/pico/pico-sdk/src/rp2_common/pico_stdio_usb/reset_interface.c.obj
 .text.resetd_xfer_cb
                0x0000000010004760        0x4 CMakeFiles/Pico_Temperature_SPI.dir/mnt/c/Users/efede/pico/pico-sdk/src/rp2_common/pico_stdio_usb/reset_interface.c.obj
 .text.reset_usb_boot
                0x0000000010004764       0x18 CMakeFiles/Pico_Temperature_SPI.dir/mnt/c/Users/efede/pico/pico-sdk/src/rp2_common/pico_stdio_usb/reset_interface.c.obj
 .text.resetd_control_xfer_cb
                0x000000001000477c       0x5c CMakeFiles/Pico_Temperature_SPI.dir/mnt/c/Users/efede/pico/pico-sdk/src/rp2_common/pico_stdio_usb/reset_interface.c.obj
 .text.usbd_app_driver_get_cb
                0x00000000100047d8        0xc CMakeFiles/Pico_Temperature_SPI.dir/mnt/c/Users/efede/pico/pico-sdk/src/rp2_common/pico_stdio_usb/reset_interface.c.obj
                0x00000000100047d8                usbd_app_driver_get_cb
 .text.tud_cdc_line_coding_cb
                0x00000000100047e4       0x28 CMakeFiles/Pico_Temperature_SPI.dir/mnt/c/Users/efede/pico/pico-sdk/src/rp2_common/pico_stdio_usb/reset_interface.c.obj
                0x00000000100047e4                tud_cdc_line_coding_cb
 .text.stdio_usb_in_chars
                0x000000001000480c       0x70 CMakeFiles/Pico_Temperature_SPI.dir/mnt/c/Users/efede/pico/pico-sdk/src/rp2_common/pico_stdio_usb/stdio_usb.c.obj
                0x000000001000480c                stdio_usb_in_chars
 .text.low_priority_worker_irq
                0x000000001000487c       0x20 CMakeFiles/Pico_Temperature_SPI.dir/mnt/c/Users/efede/pico/pico-sdk/src/rp2_common/pico_stdio_usb/stdio_usb.c.obj
 .text.stdio_usb_out_chars
                0x000000001000489c       0xd4 CMakeFiles/Pico_Temperature_SPI.dir/mnt/c/Users/efede/pico/pico-sdk/src/rp2_common/pico_stdio_usb/stdio_usb.c.obj
 .text.timer_task
                0x0000000010004970       0x10 CMakeFiles/Pico_Temperature_SPI.dir/mnt/c/Users/efede/pico/pico-sdk/src/rp2_common/pico_stdio_usb/stdio_usb.c.obj
 .text.stdio_usb_init
                0x0000000010004980       0xb8 CMakeFiles/Pico_Temperature_SPI.dir/mnt/c/Users/efede/pico/pico-sdk/src/rp2_common/pico_stdio_usb/stdio_usb.c.obj
                0x0000000010004980                stdio_usb_init
 .text.tud_descriptor_device_cb
                0x0000000010004a38        0x8 CMakeFiles/Pico_Temperature_SPI.dir/mnt/c/Users/efede/pico/pico-sdk/src/rp2_common/pico_stdio_usb/stdio_usb_descriptors.c.obj
                0x0000000010004a38                tud_descriptor_device_cb
 .text.tud_descriptor_configuration_cb
                0x0000000010004a40        0x8 CMakeFiles/Pico_Temperature_SPI.dir/mnt/c/Users/efede/pico/pico-sdk/src/rp2_common/pico_stdio_usb/stdio_usb_descriptors.c.obj
                0x0000000010004a40                tud_descriptor_configuration_cb
 .text.tud_descriptor_string_cb
                0x0000000010004a48       0x6c CMakeFiles/Pico_Temperature_SPI.dir/mnt/c/Users/efede/pico/pico-sdk/src/rp2_common/pico_stdio_usb/stdio_usb_descriptors.c.obj
                0x0000000010004a48                tud_descriptor_string_cb
 .text.hw_endpoint_get_by_addr
                0x0000000010004ab4       0x18 CMakeFiles/Pico_Temperature_SPI.dir/mnt/c/Users/efede/pico/pico-sdk/lib/tinyusb/src/portable/raspberrypi/rp2040/dcd_rp2040.c.obj
 .text.reset_ep0_pid
                0x0000000010004acc       0x28 CMakeFiles/Pico_Temperature_SPI.dir/mnt/c/Users/efede/pico/pico-sdk/lib/tinyusb/src/portable/raspberrypi/rp2040/dcd_rp2040.c.obj
 .text._hw_endpoint_alloc
                0x0000000010004af4       0x70 CMakeFiles/Pico_Temperature_SPI.dir/mnt/c/Users/efede/pico/pico-sdk/lib/tinyusb/src/portable/raspberrypi/rp2040/dcd_rp2040.c.obj
 .text.hw_endpoint_init
                0x0000000010004b64       0x88 CMakeFiles/Pico_Temperature_SPI.dir/mnt/c/Users/efede/pico/pico-sdk/lib/tinyusb/src/portable/raspberrypi/rp2040/dcd_rp2040.c.obj
 .text.reset_non_control_endpoints
                0x0000000010004bec       0x40 CMakeFiles/Pico_Temperature_SPI.dir/mnt/c/Users/efede/pico/pico-sdk/lib/tinyusb/src/portable/raspberrypi/rp2040/dcd_rp2040.c.obj
 .text.hw_handle_buff_status
                0x0000000010004c2c       0x8c CMakeFiles/Pico_Temperature_SPI.dir/mnt/c/Users/efede/pico/pico-sdk/lib/tinyusb/src/portable/raspberrypi/rp2040/dcd_rp2040.c.obj
 .text.dcd_rp2040_irq
                0x0000000010004cb8       0xc0 CMakeFiles/Pico_Temperature_SPI.dir/mnt/c/Users/efede/pico/pico-sdk/lib/tinyusb/src/portable/raspberrypi/rp2040/dcd_rp2040.c.obj
 .text.hw_endpoint_xfer
                0x0000000010004d78       0x14 CMakeFiles/Pico_Temperature_SPI.dir/mnt/c/Users/efede/pico/pico-sdk/lib/tinyusb/src/portable/raspberrypi/rp2040/dcd_rp2040.c.obj
 .text.dcd_int_enable
                0x0000000010004d8c       0x2c CMakeFiles/Pico_Temperature_SPI.dir/mnt/c/Users/efede/pico/pico-sdk/lib/tinyusb/src/portable/raspberrypi/rp2040/dcd_rp2040.c.obj
                0x0000000010004d8c                dcd_int_enable
 .text.dcd_set_address
                0x0000000010004db8       0x2c CMakeFiles/Pico_Temperature_SPI.dir/mnt/c/Users/efede/pico/pico-sdk/lib/tinyusb/src/portable/raspberrypi/rp2040/dcd_rp2040.c.obj
                0x0000000010004db8                dcd_set_address
 .text.dcd_connect
                0x0000000010004de4       0x10 CMakeFiles/Pico_Temperature_SPI.dir/mnt/c/Users/efede/pico/pico-sdk/lib/tinyusb/src/portable/raspberrypi/rp2040/dcd_rp2040.c.obj
                0x0000000010004de4                dcd_connect
 .text.dcd_init
                0x0000000010004df4       0x7c CMakeFiles/Pico_Temperature_SPI.dir/mnt/c/Users/efede/pico/pico-sdk/lib/tinyusb/src/portable/raspberrypi/rp2040/dcd_rp2040.c.obj
                0x0000000010004df4                dcd_init
 .text.dcd_edpt0_status_complete
                0x0000000010004e70       0x1c CMakeFiles/Pico_Temperature_SPI.dir/mnt/c/Users/efede/pico/pico-sdk/lib/tinyusb/src/portable/raspberrypi/rp2040/dcd_rp2040.c.obj
                0x0000000010004e70                dcd_edpt0_status_complete
 .text.dcd_edpt_open
                0x0000000010004e8c       0x40 CMakeFiles/Pico_Temperature_SPI.dir/mnt/c/Users/efede/pico/pico-sdk/lib/tinyusb/src/portable/raspberrypi/rp2040/dcd_rp2040.c.obj
                0x0000000010004e8c                dcd_edpt_open
 .text.dcd_edpt_close_all
                0x0000000010004ecc        0x8 CMakeFiles/Pico_Temperature_SPI.dir/mnt/c/Users/efede/pico/pico-sdk/lib/tinyusb/src/portable/raspberrypi/rp2040/dcd_rp2040.c.obj
                0x0000000010004ecc                dcd_edpt_close_all
 .text.dcd_edpt_xfer
                0x0000000010004ed4       0x30 CMakeFiles/Pico_Temperature_SPI.dir/mnt/c/Users/efede/pico/pico-sdk/lib/tinyusb/src/portable/raspberrypi/rp2040/dcd_rp2040.c.obj
                0x0000000010004ed4                dcd_edpt_xfer
 .text.dcd_edpt_stall
                0x0000000010004f04       0x2c CMakeFiles/Pico_Temperature_SPI.dir/mnt/c/Users/efede/pico/pico-sdk/lib/tinyusb/src/portable/raspberrypi/rp2040/dcd_rp2040.c.obj
                0x0000000010004f04                dcd_edpt_stall
 .text.dcd_edpt_clear_stall
                0x0000000010004f30       0x20 CMakeFiles/Pico_Temperature_SPI.dir/mnt/c/Users/efede/pico/pico-sdk/lib/tinyusb/src/portable/raspberrypi/rp2040/dcd_rp2040.c.obj
                0x0000000010004f30                dcd_edpt_clear_stall
 .text.prepare_ep_buffer
                0x0000000010004f50       0x70 CMakeFiles/Pico_Temperature_SPI.dir/mnt/c/Users/efede/pico/pico-sdk/lib/tinyusb/src/portable/raspberrypi/rp2040/rp2040_usb.c.obj
 .text.sync_ep_buffer
                0x0000000010004fc0       0x7c CMakeFiles/Pico_Temperature_SPI.dir/mnt/c/Users/efede/pico/pico-sdk/lib/tinyusb/src/portable/raspberrypi/rp2040/rp2040_usb.c.obj
 .text._hw_endpoint_xfer_sync
                0x000000001000503c       0x28 CMakeFiles/Pico_Temperature_SPI.dir/mnt/c/Users/efede/pico/pico-sdk/lib/tinyusb/src/portable/raspberrypi/rp2040/rp2040_usb.c.obj
 .text.rp2040_usb_init
                0x0000000010005064       0x4c CMakeFiles/Pico_Temperature_SPI.dir/mnt/c/Users/efede/pico/pico-sdk/lib/tinyusb/src/portable/raspberrypi/rp2040/rp2040_usb.c.obj
                0x0000000010005064                rp2040_usb_init
 .text.hw_endpoint_reset_transfer
                0x00000000100050b0        0xc CMakeFiles/Pico_Temperature_SPI.dir/mnt/c/Users/efede/pico/pico-sdk/lib/tinyusb/src/portable/raspberrypi/rp2040/rp2040_usb.c.obj
                0x00000000100050b0                hw_endpoint_reset_transfer
 .text._hw_endpoint_buffer_control_update32
                0x00000000100050bc       0x58 CMakeFiles/Pico_Temperature_SPI.dir/mnt/c/Users/efede/pico/pico-sdk/lib/tinyusb/src/portable/raspberrypi/rp2040/rp2040_usb.c.obj
                0x00000000100050bc                _hw_endpoint_buffer_control_update32
 .text._hw_endpoint_start_next_buffer
                0x0000000010005114       0x74 CMakeFiles/Pico_Temperature_SPI.dir/mnt/c/Users/efede/pico/pico-sdk/lib/tinyusb/src/portable/raspberrypi/rp2040/rp2040_usb.c.obj
 .text.hw_endpoint_xfer_start
                0x0000000010005188       0x48 CMakeFiles/Pico_Temperature_SPI.dir/mnt/c/Users/efede/pico/pico-sdk/lib/tinyusb/src/portable/raspberrypi/rp2040/rp2040_usb.c.obj
                0x0000000010005188                hw_endpoint_xfer_start
 .text.hw_endpoint_xfer_continue
                0x00000000100051d0       0x38 CMakeFiles/Pico_Temperature_SPI.dir/mnt/c/Users/efede/pico/pico-sdk/lib/tinyusb/src/portable/raspberrypi/rp2040/rp2040_usb.c.obj
                0x00000000100051d0                hw_endpoint_xfer_continue
 .text.configuration_reset
                0x0000000010005208       0x84 CMakeFiles/Pico_Temperature_SPI.dir/mnt/c/Users/efede/pico/pico-sdk/lib/tinyusb/src/device/usbd.c.obj
 .text.usbd_reset
                0x000000001000528c        0xc CMakeFiles/Pico_Temperature_SPI.dir/mnt/c/Users/efede/pico/pico-sdk/lib/tinyusb/src/device/usbd.c.obj
 .text.invoke_class_control
                0x0000000010005298       0x1a CMakeFiles/Pico_Temperature_SPI.dir/mnt/c/Users/efede/pico/pico-sdk/lib/tinyusb/src/device/usbd.c.obj
 *fill*         0x00000000100052b2        0x2 
 .text.process_set_config
                0x00000000100052b4      0x1b0 CMakeFiles/Pico_Temperature_SPI.dir/mnt/c/Users/efede/pico/pico-sdk/lib/tinyusb/src/device/usbd.c.obj
 .text.process_get_descriptor
                0x0000000010005464       0xec CMakeFiles/Pico_Temperature_SPI.dir/mnt/c/Users/efede/pico/pico-sdk/lib/tinyusb/src/device/usbd.c.obj
 .text.tud_mounted
                0x0000000010005550       0x10 CMakeFiles/Pico_Temperature_SPI.dir/mnt/c/Users/efede/pico/pico-sdk/lib/tinyusb/src/device/usbd.c.obj
                0x0000000010005550                tud_mounted
 .text.tud_suspended
                0x0000000010005560       0x10 CMakeFiles/Pico_Temperature_SPI.dir/mnt/c/Users/efede/pico/pico-sdk/lib/tinyusb/src/device/usbd.c.obj
                0x0000000010005560                tud_suspended
 .text.tud_inited
                0x0000000010005570        0xc CMakeFiles/Pico_Temperature_SPI.dir/mnt/c/Users/efede/pico/pico-sdk/lib/tinyusb/src/device/usbd.c.obj
                0x0000000010005570                tud_inited
 .text.tud_init
                0x000000001000557c       0xcc CMakeFiles/Pico_Temperature_SPI.dir/mnt/c/Users/efede/pico/pico-sdk/lib/tinyusb/src/device/usbd.c.obj
                0x000000001000557c                tud_init
 .text.dcd_event_handler
                0x0000000010005648      0x1e0 CMakeFiles/Pico_Temperature_SPI.dir/mnt/c/Users/efede/pico/pico-sdk/lib/tinyusb/src/device/usbd.c.obj
                0x0000000010005648                dcd_event_handler
 .text.dcd_event_bus_signal
                0x0000000010005828       0x26 CMakeFiles/Pico_Temperature_SPI.dir/mnt/c/Users/efede/pico/pico-sdk/lib/tinyusb/src/device/usbd.c.obj
                0x0000000010005828                dcd_event_bus_signal
 .text.dcd_event_bus_reset
                0x000000001000584e       0x2a CMakeFiles/Pico_Temperature_SPI.dir/mnt/c/Users/efede/pico/pico-sdk/lib/tinyusb/src/device/usbd.c.obj
                0x000000001000584e                dcd_event_bus_reset
 .text.dcd_event_setup_received
                0x0000000010005878       0x34 CMakeFiles/Pico_Temperature_SPI.dir/mnt/c/Users/efede/pico/pico-sdk/lib/tinyusb/src/device/usbd.c.obj
                0x0000000010005878                dcd_event_setup_received
 .text.dcd_event_xfer_complete
                0x00000000100058ac       0x44 CMakeFiles/Pico_Temperature_SPI.dir/mnt/c/Users/efede/pico/pico-sdk/lib/tinyusb/src/device/usbd.c.obj
                0x00000000100058ac                dcd_event_xfer_complete
 .text.usbd_edpt_open
                0x00000000100058f0       0x58 CMakeFiles/Pico_Temperature_SPI.dir/mnt/c/Users/efede/pico/pico-sdk/lib/tinyusb/src/device/usbd.c.obj
                0x00000000100058f0                usbd_edpt_open
 .text.usbd_open_edpt_pair
                0x0000000010005948       0x8c CMakeFiles/Pico_Temperature_SPI.dir/mnt/c/Users/efede/pico/pico-sdk/lib/tinyusb/src/device/usbd.c.obj
                0x0000000010005948                usbd_open_edpt_pair
 .text.usbd_edpt_claim
                0x00000000100059d4       0x8c CMakeFiles/Pico_Temperature_SPI.dir/mnt/c/Users/efede/pico/pico-sdk/lib/tinyusb/src/device/usbd.c.obj
                0x00000000100059d4                usbd_edpt_claim
 .text.usbd_edpt_release
                0x0000000010005a60       0x68 CMakeFiles/Pico_Temperature_SPI.dir/mnt/c/Users/efede/pico/pico-sdk/lib/tinyusb/src/device/usbd.c.obj
                0x0000000010005a60                usbd_edpt_release
 .text.usbd_edpt_xfer
                0x0000000010005ac8       0x80 CMakeFiles/Pico_Temperature_SPI.dir/mnt/c/Users/efede/pico/pico-sdk/lib/tinyusb/src/device/usbd.c.obj
                0x0000000010005ac8                usbd_edpt_xfer
 .text.usbd_edpt_stall
                0x0000000010005b48       0x40 CMakeFiles/Pico_Temperature_SPI.dir/mnt/c/Users/efede/pico/pico-sdk/lib/tinyusb/src/device/usbd.c.obj
                0x0000000010005b48                usbd_edpt_stall
 .text.usbd_edpt_clear_stall
                0x0000000010005b88       0x40 CMakeFiles/Pico_Temperature_SPI.dir/mnt/c/Users/efede/pico/pico-sdk/lib/tinyusb/src/device/usbd.c.obj
                0x0000000010005b88                usbd_edpt_clear_stall
 .text.usbd_edpt_stalled
                0x0000000010005bc8       0x1c CMakeFiles/Pico_Temperature_SPI.dir/mnt/c/Users/efede/pico/pico-sdk/lib/tinyusb/src/device/usbd.c.obj
                0x0000000010005bc8                usbd_edpt_stalled
 .text.process_control_request
                0x0000000010005be4      0x3b8 CMakeFiles/Pico_Temperature_SPI.dir/mnt/c/Users/efede/pico/pico-sdk/lib/tinyusb/src/device/usbd.c.obj
 .text.tud_task
                0x0000000010005f9c      0x218 CMakeFiles/Pico_Temperature_SPI.dir/mnt/c/Users/efede/pico/pico-sdk/lib/tinyusb/src/device/usbd.c.obj
                0x0000000010005f9c                tud_task
 .text._data_stage_xact
                0x00000000100061b4       0x58 CMakeFiles/Pico_Temperature_SPI.dir/mnt/c/Users/efede/pico/pico-sdk/lib/tinyusb/src/device/usbd_control.c.obj
 .text.tud_control_status
                0x000000001000620c       0x38 CMakeFiles/Pico_Temperature_SPI.dir/mnt/c/Users/efede/pico/pico-sdk/lib/tinyusb/src/device/usbd_control.c.obj
                0x000000001000620c                tud_control_status
 .text.tud_control_xfer
                0x0000000010006244       0xa8 CMakeFiles/Pico_Temperature_SPI.dir/mnt/c/Users/efede/pico/pico-sdk/lib/tinyusb/src/device/usbd_control.c.obj
                0x0000000010006244                tud_control_xfer
 .text.usbd_control_reset
                0x00000000100062ec       0x14 CMakeFiles/Pico_Temperature_SPI.dir/mnt/c/Users/efede/pico/pico-sdk/lib/tinyusb/src/device/usbd_control.c.obj
                0x00000000100062ec                usbd_control_reset
 .text.usbd_control_set_complete_callback
                0x0000000010006300        0xc CMakeFiles/Pico_Temperature_SPI.dir/mnt/c/Users/efede/pico/pico-sdk/lib/tinyusb/src/device/usbd_control.c.obj
                0x0000000010006300                usbd_control_set_complete_callback
 .text.usbd_control_set_request
                0x000000001000630c       0x1c CMakeFiles/Pico_Temperature_SPI.dir/mnt/c/Users/efede/pico/pico-sdk/lib/tinyusb/src/device/usbd_control.c.obj
                0x000000001000630c                usbd_control_set_request
 .text.usbd_control_xfer_cb
                0x0000000010006328       0xfc CMakeFiles/Pico_Temperature_SPI.dir/mnt/c/Users/efede/pico/pico-sdk/lib/tinyusb/src/device/usbd_control.c.obj
                0x0000000010006328                usbd_control_xfer_cb
 .text._prep_out_transaction
                0x0000000010006424       0x46 CMakeFiles/Pico_Temperature_SPI.dir/mnt/c/Users/efede/pico/pico-sdk/lib/tinyusb/src/class/cdc/cdc_device.c.obj
 *fill*         0x000000001000646a        0x2 
 .text.tud_cdc_n_connected
                0x000000001000646c       0x44 CMakeFiles/Pico_Temperature_SPI.dir/mnt/c/Users/efede/pico/pico-sdk/lib/tinyusb/src/class/cdc/cdc_device.c.obj
                0x000000001000646c                tud_cdc_n_connected
 .text.tud_cdc_n_available
                0x00000000100064b0       0x18 CMakeFiles/Pico_Temperature_SPI.dir/mnt/c/Users/efede/pico/pico-sdk/lib/tinyusb/src/class/cdc/cdc_device.c.obj
                0x00000000100064b0                tud_cdc_n_available
 .text.tud_cdc_n_read
                0x00000000100064c8       0x28 CMakeFiles/Pico_Temperature_SPI.dir/mnt/c/Users/efede/pico/pico-sdk/lib/tinyusb/src/class/cdc/cdc_device.c.obj
                0x00000000100064c8                tud_cdc_n_read
 .text.tud_cdc_n_write_flush
                0x00000000100064f0       0xcc CMakeFiles/Pico_Temperature_SPI.dir/mnt/c/Users/efede/pico/pico-sdk/lib/tinyusb/src/class/cdc/cdc_device.c.obj
                0x00000000100064f0                tud_cdc_n_write_flush
 .text.tud_cdc_n_write
                0x00000000100065bc       0x38 CMakeFiles/Pico_Temperature_SPI.dir/mnt/c/Users/efede/pico/pico-sdk/lib/tinyusb/src/class/cdc/cdc_device.c.obj
                0x00000000100065bc                tud_cdc_n_write
 .text.tud_cdc_n_write_available
                0x00000000100065f4       0x1c CMakeFiles/Pico_Temperature_SPI.dir/mnt/c/Users/efede/pico/pico-sdk/lib/tinyusb/src/class/cdc/cdc_device.c.obj
                0x00000000100065f4                tud_cdc_n_write_available
 .text.cdcd_init
                0x0000000010006610       0xbc CMakeFiles/Pico_Temperature_SPI.dir/mnt/c/Users/efede/pico/pico-sdk/lib/tinyusb/src/class/cdc/cdc_device.c.obj
                0x0000000010006610                cdcd_init
 .text.cdcd_reset
                0x00000000100066cc       0x44 CMakeFiles/Pico_Temperature_SPI.dir/mnt/c/Users/efede/pico/pico-sdk/lib/tinyusb/src/class/cdc/cdc_device.c.obj
                0x00000000100066cc                cdcd_reset
 .text.cdcd_open
                0x0000000010006710       0xf8 CMakeFiles/Pico_Temperature_SPI.dir/mnt/c/Users/efede/pico/pico-sdk/lib/tinyusb/src/class/cdc/cdc_device.c.obj
                0x0000000010006710                cdcd_open
 .text.cdcd_control_xfer_cb
                0x0000000010006808      0x134 CMakeFiles/Pico_Temperature_SPI.dir/mnt/c/Users/efede/pico/pico-sdk/lib/tinyusb/src/class/cdc/cdc_device.c.obj
                0x0000000010006808                cdcd_control_xfer_cb
 .text.cdcd_xfer_cb
                0x000000001000693c      0x144 CMakeFiles/Pico_Temperature_SPI.dir/mnt/c/Users/efede/pico/pico-sdk/lib/tinyusb/src/class/cdc/cdc_device.c.obj
                0x000000001000693c                cdcd_xfer_cb
 .text.tusb_init
                0x0000000010006a80       0x24 CMakeFiles/Pico_Temperature_SPI.dir/mnt/c/Users/efede/pico/pico-sdk/lib/tinyusb/src/tusb.c.obj
                0x0000000010006a80                tusb_init
 .text.tusb_inited
                0x0000000010006aa4        0xe CMakeFiles/Pico_Temperature_SPI.dir/mnt/c/Users/efede/pico/pico-sdk/lib/tinyusb/src/tusb.c.obj
                0x0000000010006aa4                tusb_inited
 *fill*         0x0000000010006ab2        0x2 
 .text.tu_edpt_validate
                0x0000000010006ab4       0xa8 CMakeFiles/Pico_Temperature_SPI.dir/mnt/c/Users/efede/pico/pico-sdk/lib/tinyusb/src/tusb.c.obj
                0x0000000010006ab4                tu_edpt_validate
 .text.tu_edpt_bind_driver
                0x0000000010006b5c       0x2a CMakeFiles/Pico_Temperature_SPI.dir/mnt/c/Users/efede/pico/pico-sdk/lib/tinyusb/src/tusb.c.obj
                0x0000000010006b5c                tu_edpt_bind_driver
 .text.advance_pointer
                0x0000000010006b86       0x18 CMakeFiles/Pico_Temperature_SPI.dir/mnt/c/Users/efede/pico/pico-sdk/lib/tinyusb/src/common/tusb_fifo.c.obj
 .text.backward_pointer
                0x0000000010006b9e       0x1e CMakeFiles/Pico_Temperature_SPI.dir/mnt/c/Users/efede/pico/pico-sdk/lib/tinyusb/src/common/tusb_fifo.c.obj
 .text.get_relative_pointer
                0x0000000010006bbc       0x10 CMakeFiles/Pico_Temperature_SPI.dir/mnt/c/Users/efede/pico/pico-sdk/lib/tinyusb/src/common/tusb_fifo.c.obj
 .text._tu_fifo_peek
                0x0000000010006bcc       0x50 CMakeFiles/Pico_Temperature_SPI.dir/mnt/c/Users/efede/pico/pico-sdk/lib/tinyusb/src/common/tusb_fifo.c.obj
 .text._ff_pull_const_addr
                0x0000000010006c1c       0x4c CMakeFiles/Pico_Temperature_SPI.dir/mnt/c/Users/efede/pico/pico-sdk/lib/tinyusb/src/common/tusb_fifo.c.obj
 .text._ff_pull_n
                0x0000000010006c68      0x10c CMakeFiles/Pico_Temperature_SPI.dir/mnt/c/Users/efede/pico/pico-sdk/lib/tinyusb/src/common/tusb_fifo.c.obj
 .text._tu_fifo_peek_n
                0x0000000010006d74       0x5e CMakeFiles/Pico_Temperature_SPI.dir/mnt/c/Users/efede/pico/pico-sdk/lib/tinyusb/src/common/tusb_fifo.c.obj
 .text._tu_fifo_read_n
                0x0000000010006dd2       0x4e CMakeFiles/Pico_Temperature_SPI.dir/mnt/c/Users/efede/pico/pico-sdk/lib/tinyusb/src/common/tusb_fifo.c.obj
 .text._ff_push_const_addr
                0x0000000010006e20       0x40 CMakeFiles/Pico_Temperature_SPI.dir/mnt/c/Users/efede/pico/pico-sdk/lib/tinyusb/src/common/tusb_fifo.c.obj
 .text._ff_push_n
                0x0000000010006e60      0x108 CMakeFiles/Pico_Temperature_SPI.dir/mnt/c/Users/efede/pico/pico-sdk/lib/tinyusb/src/common/tusb_fifo.c.obj
 .text._tu_fifo_write_n
                0x0000000010006f68       0x9e CMakeFiles/Pico_Temperature_SPI.dir/mnt/c/Users/efede/pico/pico-sdk/lib/tinyusb/src/common/tusb_fifo.c.obj
 .text.tu_fifo_config
                0x0000000010007006       0x72 CMakeFiles/Pico_Temperature_SPI.dir/mnt/c/Users/efede/pico/pico-sdk/lib/tinyusb/src/common/tusb_fifo.c.obj
                0x0000000010007006                tu_fifo_config
 .text.tu_fifo_count
                0x0000000010007078       0x26 CMakeFiles/Pico_Temperature_SPI.dir/mnt/c/Users/efede/pico/pico-sdk/lib/tinyusb/src/common/tusb_fifo.c.obj
                0x0000000010007078                tu_fifo_count
 .text.tu_fifo_empty
                0x000000001000709e       0x10 CMakeFiles/Pico_Temperature_SPI.dir/mnt/c/Users/efede/pico/pico-sdk/lib/tinyusb/src/common/tusb_fifo.c.obj
                0x000000001000709e                tu_fifo_empty
 .text.tu_fifo_remaining
                0x00000000100070ae       0x20 CMakeFiles/Pico_Temperature_SPI.dir/mnt/c/Users/efede/pico/pico-sdk/lib/tinyusb/src/common/tusb_fifo.c.obj
                0x00000000100070ae                tu_fifo_remaining
 .text.tu_fifo_read
                0x00000000100070ce       0x42 CMakeFiles/Pico_Temperature_SPI.dir/mnt/c/Users/efede/pico/pico-sdk/lib/tinyusb/src/common/tusb_fifo.c.obj
                0x00000000100070ce                tu_fifo_read
 .text.tu_fifo_read_n
                0x0000000010007110        0xa CMakeFiles/Pico_Temperature_SPI.dir/mnt/c/Users/efede/pico/pico-sdk/lib/tinyusb/src/common/tusb_fifo.c.obj
                0x0000000010007110                tu_fifo_read_n
 .text.tu_fifo_write
                0x000000001000711a       0x6c CMakeFiles/Pico_Temperature_SPI.dir/mnt/c/Users/efede/pico/pico-sdk/lib/tinyusb/src/common/tusb_fifo.c.obj
                0x000000001000711a                tu_fifo_write
 .text.tu_fifo_write_n
                0x0000000010007186        0xa CMakeFiles/Pico_Temperature_SPI.dir/mnt/c/Users/efede/pico/pico-sdk/lib/tinyusb/src/common/tusb_fifo.c.obj
                0x0000000010007186                tu_fifo_write_n
 .text.tu_fifo_clear
                0x0000000010007190       0x4c CMakeFiles/Pico_Temperature_SPI.dir/mnt/c/Users/efede/pico/pico-sdk/lib/tinyusb/src/common/tusb_fifo.c.obj
                0x0000000010007190                tu_fifo_clear
 .text.tu_fifo_set_overwritable
                0x00000000100071dc       0x3c CMakeFiles/Pico_Temperature_SPI.dir/mnt/c/Users/efede/pico/pico-sdk/lib/tinyusb/src/common/tusb_fifo.c.obj
                0x00000000100071dc                tu_fifo_set_overwritable
 .text._retrieve_unique_id_on_boot
                0x0000000010007218       0x10 CMakeFiles/Pico_Temperature_SPI.dir/mnt/c/Users/efede/pico/pico-sdk/src/rp2_common/pico_unique_id/unique_id.c.obj
 .text.pico_get_unique_board_id_string
                0x0000000010007228       0x60 CMakeFiles/Pico_Temperature_SPI.dir/mnt/c/Users/efede/pico/pico-sdk/src/rp2_common/pico_unique_id/unique_id.c.obj
                0x0000000010007228                pico_get_unique_board_id_string
 .text.flash_get_unique_id
                0x0000000010007288       0x46 CMakeFiles/Pico_Temperature_SPI.dir/mnt/c/Users/efede/pico/pico-sdk/src/rp2_common/hardware_flash/flash.c.obj
                0x0000000010007288                flash_get_unique_id
 .text.spi_set_baudrate
                0x00000000100072ce       0x92 CMakeFiles/Pico_Temperature_SPI.dir/mnt/c/Users/efede/pico/pico-sdk/src/rp2_common/hardware_spi/spi.c.obj
                0x00000000100072ce                spi_set_baudrate
 .text.spi_init
                0x0000000010007360       0x68 CMakeFiles/Pico_Temperature_SPI.dir/mnt/c/Users/efede/pico/pico-sdk/src/rp2_common/hardware_spi/spi.c.obj
                0x0000000010007360                spi_init
 .text          0x00000000100073c8       0x5c /usr/lib/gcc/arm-none-eabi/10.3.1/../../../arm-none-eabi/lib/thumb/v6-m/nofp/libg.a(lib_a-strlen-stub.o)
                0x00000000100073c8                strlen
 *(.fini)
 .fini          0x0000000010007424        0x4 /usr/lib/gcc/arm-none-eabi/10.3.1/thumb/v6-m/nofp/crti.o
                0x0000000010007424                _fini
 .fini.__stub   0x0000000010007428       0x90 linker stubs
 *crtbegin.o(.ctors)
 *crtbegin?.o(.ctors)
 *(EXCLUDE_FILE(*crtend.o *crtend?.o) .ctors)
 *(SORT_BY_NAME(.ctors.*))
 *(.ctors)
 *crtbegin.o(.dtors)
 *crtbegin?.o(.dtors)
 *(EXCLUDE_FILE(*crtend.o *crtend?.o) .dtors)
 *(SORT_BY_NAME(.dtors.*))
 *(.dtors)
 *(.eh_frame*)
 .eh_frame      0x00000000100074b8        0x0 /usr/lib/gcc/arm-none-eabi/10.3.1/thumb/v6-m/nofp/crtbegin.o
                0x00000000100074b8                . = ALIGN (0x4)

.glue_7         0x00000000100074b8        0x0
 .glue_7        0x00000000100074b8        0x0 linker stubs

.glue_7t        0x00000000100074b8        0x0
 .glue_7t       0x00000000100074b8        0x0 linker stubs

.vfp11_veneer   0x00000000100074b8        0x0
 .vfp11_veneer  0x00000000100074b8        0x0 linker stubs

.v4_bx          0x00000000100074b8        0x0
 .v4_bx         0x00000000100074b8        0x0 linker stubs

.iplt           0x00000000100074b8        0x0
 .iplt          0x00000000100074b8        0x0 /usr/lib/gcc/arm-none-eabi/10.3.1/thumb/v6-m/nofp/crtbegin.o

.rodata         0x00000000100074b8     0x1684
 *(EXCLUDE_FILE(*libm.a: *libc.a:*lib_a-mem*.o *libgcc.a:) .rodata*)
 .rodata.main.str1.4
                0x00000000100074b8        0xd CMakeFiles/Pico_Temperature_SPI.dir/Pico_Temperature_SPI.c.obj
 *fill*         0x00000000100074c5        0x3 
 .rodata.spin_lock_claim_unused.str1.4
                0x00000000100074c8       0x1b CMakeFiles/Pico_Temperature_SPI.dir/mnt/c/Users/efede/pico/pico-sdk/src/rp2_common/hardware_sync/sync.c.obj
 *fill*         0x00000000100074e3        0x1 
 .rodata.repeating_timer_callback.str1.4
                0x00000000100074e4       0x51 CMakeFiles/Pico_Temperature_SPI.dir/mnt/c/Users/efede/pico/pico-sdk/src/common/pico_time/time.c.obj
 *fill*         0x0000000010007535        0x3 
 .rodata.alarm_pool_dump_key.str1.4
                0x0000000010007538       0x33 CMakeFiles/Pico_Temperature_SPI.dir/mnt/c/Users/efede/pico/pico-sdk/src/common/pico_time/time.c.obj
 *fill*         0x000000001000756b        0x1 
 .rodata.ph_add_child_node.str1.4
                0x000000001000756c       0x9a CMakeFiles/Pico_Temperature_SPI.dir/mnt/c/Users/efede/pico/pico-sdk/src/common/pico_time/time.c.obj
 *fill*         0x0000000010007606        0x2 
 .rodata.add_alarm_under_lock.str1.4
                0x0000000010007608       0x28 CMakeFiles/Pico_Temperature_SPI.dir/mnt/c/Users/efede/pico/pico-sdk/src/common/pico_time/time.c.obj
                                         0x2b (size before relaxing)
 .rodata.alarm_pool_alarm_callback.str1.4
                0x0000000010007630       0xea CMakeFiles/Pico_Temperature_SPI.dir/mnt/c/Users/efede/pico/pico-sdk/src/common/pico_time/time.c.obj
 *fill*         0x000000001000771a        0x2 
 .rodata.alarm_pool_get_default.str1.4
                0x000000001000771c       0x21 CMakeFiles/Pico_Temperature_SPI.dir/mnt/c/Users/efede/pico/pico-sdk/src/common/pico_time/time.c.obj
 *fill*         0x000000001000773d        0x3 
 .rodata.alarm_pool_cancel_alarm.str1.4
                0x0000000010007740       0x27 CMakeFiles/Pico_Temperature_SPI.dir/mnt/c/Users/efede/pico/pico-sdk/src/common/pico_time/time.c.obj
 *fill*         0x0000000010007767        0x1 
 .rodata.sleep_until.str1.4
                0x0000000010007768       0x4d CMakeFiles/Pico_Temperature_SPI.dir/mnt/c/Users/efede/pico/pico-sdk/src/common/pico_time/time.c.obj
 *fill*         0x00000000100077b5        0x3 
 .rodata.__func__.1
                0x00000000100077b8       0x18 CMakeFiles/Pico_Temperature_SPI.dir/mnt/c/Users/efede/pico/pico-sdk/src/common/pico_time/time.c.obj
 .rodata.__func__.10
                0x00000000100077d0       0x15 CMakeFiles/Pico_Temperature_SPI.dir/mnt/c/Users/efede/pico/pico-sdk/src/common/pico_time/time.c.obj
 *fill*         0x00000000100077e5        0x3 
 .rodata.__func__.11
                0x00000000100077e8       0x1a CMakeFiles/Pico_Temperature_SPI.dir/mnt/c/Users/efede/pico/pico-sdk/src/common/pico_time/time.c.obj
 *fill*         0x0000000010007802        0x2 
 .rodata.__func__.12
                0x0000000010007804        0xa CMakeFiles/Pico_Temperature_SPI.dir/mnt/c/Users/efede/pico/pico-sdk/src/common/pico_time/time.c.obj
 *fill*         0x000000001000780e        0x2 
 .rodata.__func__.3
                0x0000000010007810       0x17 CMakeFiles/Pico_Temperature_SPI.dir/mnt/c/Users/efede/pico/pico-sdk/src/common/pico_time/time.c.obj
 *fill*         0x0000000010007827        0x1 
 .rodata.__func__.4
                0x0000000010007828       0x12 CMakeFiles/Pico_Temperature_SPI.dir/mnt/c/Users/efede/pico/pico-sdk/src/common/pico_time/time.c.obj
 *fill*         0x000000001000783a        0x2 
 .rodata.__func__.5
                0x000000001000783c        0xd CMakeFiles/Pico_Temperature_SPI.dir/mnt/c/Users/efede/pico/pico-sdk/src/common/pico_time/time.c.obj
 *fill*         0x0000000010007849        0x3 
 .rodata.__func__.6
                0x000000001000784c       0x12 CMakeFiles/Pico_Temperature_SPI.dir/mnt/c/Users/efede/pico/pico-sdk/src/common/pico_time/time.c.obj
 *fill*         0x000000001000785e        0x2 
 .rodata.__func__.7
                0x0000000010007860        0xf CMakeFiles/Pico_Temperature_SPI.dir/mnt/c/Users/efede/pico/pico-sdk/src/common/pico_time/time.c.obj
 *fill*         0x000000001000786f        0x1 
 .rodata.__func__.8
                0x0000000010007870        0xc CMakeFiles/Pico_Temperature_SPI.dir/mnt/c/Users/efede/pico/pico-sdk/src/common/pico_time/time.c.obj
 .rodata.__func__.9
                0x000000001000787c       0x15 CMakeFiles/Pico_Temperature_SPI.dir/mnt/c/Users/efede/pico/pico-sdk/src/common/pico_time/time.c.obj
 *fill*         0x0000000010007891        0x3 
 .rodata.hardware_alarm_claim.str1.4
                0x0000000010007894       0x22 CMakeFiles/Pico_Temperature_SPI.dir/mnt/c/Users/efede/pico/pico-sdk/src/rp2_common/hardware_timer/timer.c.obj
 *fill*         0x00000000100078b6        0x2 
 .rodata.hardware_alarm_set_target.str1.4
                0x00000000100078b8       0x6b CMakeFiles/Pico_Temperature_SPI.dir/mnt/c/Users/efede/pico/pico-sdk/src/rp2_common/hardware_timer/timer.c.obj
 *fill*         0x0000000010007923        0x1 
 .rodata.__func__.0
                0x0000000010007924       0x1a CMakeFiles/Pico_Temperature_SPI.dir/mnt/c/Users/efede/pico/pico-sdk/src/rp2_common/hardware_timer/timer.c.obj
 *fill*         0x000000001000793e        0x2 
 .rodata.str1.4
                0x0000000010007940       0x91 CMakeFiles/Pico_Temperature_SPI.dir/mnt/c/Users/efede/pico/pico-sdk/src/common/pico_sync/mutex.c.obj
                                         0xf9 (size before relaxing)
 *fill*         0x00000000100079d1        0x3 
 .rodata.__func__.1
                0x00000000100079d4        0xb CMakeFiles/Pico_Temperature_SPI.dir/mnt/c/Users/efede/pico/pico-sdk/src/common/pico_sync/mutex.c.obj
 *fill*         0x00000000100079df        0x1 
 .rodata.__func__.3
                0x00000000100079e0       0x18 CMakeFiles/Pico_Temperature_SPI.dir/mnt/c/Users/efede/pico/pico-sdk/src/common/pico_sync/mutex.c.obj
 .rodata.__func__.4
                0x00000000100079f8       0x15 CMakeFiles/Pico_Temperature_SPI.dir/mnt/c/Users/efede/pico/pico-sdk/src/common/pico_sync/mutex.c.obj
 .rodata.ph_add_child_node.str1.4
                0x0000000010007a0d       0x9a CMakeFiles/Pico_Temperature_SPI.dir/mnt/c/Users/efede/pico/pico-sdk/src/common/pico_util/pheap.c.obj
 *fill*         0x0000000010007a0d        0x3 
 .rodata.ph_remove_any_head.str1.4
                0x0000000010007a10       0x94 CMakeFiles/Pico_Temperature_SPI.dir/mnt/c/Users/efede/pico/pico-sdk/src/common/pico_util/pheap.c.obj
 .rodata.ph_remove_and_free_node.str1.4
                0x0000000010007aa4       0x26 CMakeFiles/Pico_Temperature_SPI.dir/mnt/c/Users/efede/pico/pico-sdk/src/common/pico_util/pheap.c.obj
 *fill*         0x0000000010007aca        0x2 
 .rodata.__func__.0
                0x0000000010007acc       0x18 CMakeFiles/Pico_Temperature_SPI.dir/mnt/c/Users/efede/pico/pico-sdk/src/common/pico_util/pheap.c.obj
 .rodata.__func__.1
                0x0000000010007ae4       0x13 CMakeFiles/Pico_Temperature_SPI.dir/mnt/c/Users/efede/pico/pico-sdk/src/common/pico_util/pheap.c.obj
 *fill*         0x0000000010007af7        0x1 
 .rodata.__func__.2
                0x0000000010007af8       0x12 CMakeFiles/Pico_Temperature_SPI.dir/mnt/c/Users/efede/pico/pico-sdk/src/common/pico_util/pheap.c.obj
 *fill*         0x0000000010007b0a        0x2 
 .rodata.__func__.3
                0x0000000010007b0c        0xc CMakeFiles/Pico_Temperature_SPI.dir/mnt/c/Users/efede/pico/pico-sdk/src/common/pico_util/pheap.c.obj
 .rodata.__assert_func.str1.4
                0x0000000010007b18       0x3f CMakeFiles/Pico_Temperature_SPI.dir/mnt/c/Users/efede/pico/pico-sdk/src/rp2_common/pico_runtime/runtime.c.obj
                                         0x43 (size before relaxing)
 *fill*         0x0000000010007b57        0x1 
 .rodata.runtime_init.str1.4
                0x0000000010007b58       0x67 CMakeFiles/Pico_Temperature_SPI.dir/mnt/c/Users/efede/pico/pico-sdk/src/rp2_common/pico_runtime/runtime.c.obj
 *fill*         0x0000000010007bbf        0x1 
 .rodata.panic.str1.4
                0x0000000010007bc0       0x12 CMakeFiles/Pico_Temperature_SPI.dir/mnt/c/Users/efede/pico/pico-sdk/src/rp2_common/pico_runtime/runtime.c.obj
 *fill*         0x0000000010007bd2        0x2 
 .rodata.__func__.1
                0x0000000010007bd4        0xd CMakeFiles/Pico_Temperature_SPI.dir/mnt/c/Users/efede/pico/pico-sdk/src/rp2_common/pico_runtime/runtime.c.obj
 *fill*         0x0000000010007be1        0x3 
 .rodata.clock_configure.str1.4
                0x0000000010007be4       0x5d CMakeFiles/Pico_Temperature_SPI.dir/mnt/c/Users/efede/pico/pico-sdk/src/rp2_common/hardware_clocks/clocks.c.obj
 *fill*         0x0000000010007c41        0x3 
 .rodata.__func__.1
                0x0000000010007c44       0x10 CMakeFiles/Pico_Temperature_SPI.dir/mnt/c/Users/efede/pico/pico-sdk/src/rp2_common/hardware_clocks/clocks.c.obj
 .rodata.make_branch.str1.4
                0x0000000010007c54       0x73 CMakeFiles/Pico_Temperature_SPI.dir/mnt/c/Users/efede/pico/pico-sdk/src/rp2_common/hardware_irq/irq.c.obj
 *fill*         0x0000000010007cc7        0x1 
 .rodata.insert_branch_and_link.str1.4
                0x0000000010007cc8       0x10 CMakeFiles/Pico_Temperature_SPI.dir/mnt/c/Users/efede/pico/pico-sdk/src/rp2_common/hardware_irq/irq.c.obj
 .rodata.irq_set_exclusive_handler.str1.4
                0x0000000010007cd8       0x36 CMakeFiles/Pico_Temperature_SPI.dir/mnt/c/Users/efede/pico/pico-sdk/src/rp2_common/hardware_irq/irq.c.obj
 *fill*         0x0000000010007d0e        0x2 
 .rodata.irq_add_shared_handler.str1.4
                0x0000000010007d10       0xd9 CMakeFiles/Pico_Temperature_SPI.dir/mnt/c/Users/efede/pico/pico-sdk/src/rp2_common/hardware_irq/irq.c.obj
 *fill*         0x0000000010007de9        0x3 
 .rodata.irq_remove_handler.str1.4
                0x0000000010007dec       0x2a CMakeFiles/Pico_Temperature_SPI.dir/mnt/c/Users/efede/pico/pico-sdk/src/rp2_common/hardware_irq/irq.c.obj
 *fill*         0x0000000010007e16        0x2 
 .rodata.irq_add_tail_to_free_list.str1.4
                0x0000000010007e18       0x32 CMakeFiles/Pico_Temperature_SPI.dir/mnt/c/Users/efede/pico/pico-sdk/src/rp2_common/hardware_irq/irq.c.obj
                                         0x3a (size before relaxing)
 *fill*         0x0000000010007e4a        0x2 
 .rodata.__func__.0
                0x0000000010007e4c       0x1a CMakeFiles/Pico_Temperature_SPI.dir/mnt/c/Users/efede/pico/pico-sdk/src/rp2_common/hardware_irq/irq.c.obj
 *fill*         0x0000000010007e66        0x2 
 .rodata.__func__.1
                0x0000000010007e68       0x17 CMakeFiles/Pico_Temperature_SPI.dir/mnt/c/Users/efede/pico/pico-sdk/src/rp2_common/hardware_irq/irq.c.obj
 *fill*         0x0000000010007e7f        0x1 
 .rodata.__func__.2
                0x0000000010007e80       0x13 CMakeFiles/Pico_Temperature_SPI.dir/mnt/c/Users/efede/pico/pico-sdk/src/rp2_common/hardware_irq/irq.c.obj
 *fill*         0x0000000010007e93        0x1 
 .rodata.__func__.3
                0x0000000010007e94        0xc CMakeFiles/Pico_Temperature_SPI.dir/mnt/c/Users/efede/pico/pico-sdk/src/rp2_common/hardware_irq/irq.c.obj
 .rodata.__func__.4
                0x0000000010007ea0        0xf CMakeFiles/Pico_Temperature_SPI.dir/mnt/c/Users/efede/pico/pico-sdk/src/rp2_common/hardware_irq/irq.c.obj
 *fill*         0x0000000010007eaf        0x1 
 .rodata.__func__.6
                0x0000000010007eb0       0x1a CMakeFiles/Pico_Temperature_SPI.dir/mnt/c/Users/efede/pico/pico-sdk/src/rp2_common/hardware_irq/irq.c.obj
 *fill*         0x0000000010007eca        0x2 
 .rodata.pll_init.str1.4
                0x0000000010007ecc       0xdf CMakeFiles/Pico_Temperature_SPI.dir/mnt/c/Users/efede/pico/pico-sdk/src/rp2_common/hardware_pll/pll.c.obj
 *fill*         0x0000000010007fab        0x1 
 .rodata.__func__.0
                0x0000000010007fac        0x9 CMakeFiles/Pico_Temperature_SPI.dir/mnt/c/Users/efede/pico/pico-sdk/src/rp2_common/hardware_pll/pll.c.obj
 *fill*         0x0000000010007fb5        0x3 
 .rodata._ftoa.str1.4
                0x0000000010007fb8       0x15 CMakeFiles/Pico_Temperature_SPI.dir/mnt/c/Users/efede/pico/pico-sdk/src/rp2_common/pico_printf/printf.c.obj
 *fill*         0x0000000010007fcd        0x3 
 .rodata._vsnprintf
                0x0000000010007fd0      0x1e0 CMakeFiles/Pico_Temperature_SPI.dir/mnt/c/Users/efede/pico/pico-sdk/src/rp2_common/pico_printf/printf.c.obj
 .rodata.pow10.0
                0x00000000100081b0       0x50 CMakeFiles/Pico_Temperature_SPI.dir/mnt/c/Users/efede/pico/pico-sdk/src/rp2_common/pico_printf/printf.c.obj
 .rodata.__aeabi_double_init.str1.4
                0x0000000010008200       0xae CMakeFiles/Pico_Temperature_SPI.dir/mnt/c/Users/efede/pico/pico-sdk/src/rp2_common/pico_double/double_init_rom.c.obj
 *fill*         0x00000000100082ae        0x2 
 .rodata.__func__.0
                0x00000000100082b0       0x14 CMakeFiles/Pico_Temperature_SPI.dir/mnt/c/Users/efede/pico/pico-sdk/src/rp2_common/pico_double/double_init_rom.c.obj
 .rodata.__aeabi_float_init.str1.4
                0x00000000100082c4       0x80 CMakeFiles/Pico_Temperature_SPI.dir/mnt/c/Users/efede/pico/pico-sdk/src/rp2_common/pico_float/float_init_rom.c.obj
                                         0x84 (size before relaxing)
 .rodata.__func__.0
                0x0000000010008344       0x13 CMakeFiles/Pico_Temperature_SPI.dir/mnt/c/Users/efede/pico/pico-sdk/src/rp2_common/pico_float/float_init_rom.c.obj
 *fill*         0x0000000010008357        0x1 
 .rodata.str1.4
                0x0000000010008358       0x50 CMakeFiles/Pico_Temperature_SPI.dir/mnt/c/Users/efede/pico/pico-sdk/src/rp2_common/pico_standard_link/binary_info.c.obj
 .rodata.__bi_44
                0x00000000100083a8        0xc CMakeFiles/Pico_Temperature_SPI.dir/mnt/c/Users/efede/pico/pico-sdk/src/rp2_common/pico_standard_link/binary_info.c.obj
 .rodata.__bi_56
                0x00000000100083b4        0xc CMakeFiles/Pico_Temperature_SPI.dir/mnt/c/Users/efede/pico/pico-sdk/src/rp2_common/pico_standard_link/binary_info.c.obj
 .rodata.__bi_75
                0x00000000100083c0        0xc CMakeFiles/Pico_Temperature_SPI.dir/mnt/c/Users/efede/pico/pico-sdk/src/rp2_common/pico_standard_link/binary_info.c.obj
 .rodata.__bi_81
                0x00000000100083cc        0xc CMakeFiles/Pico_Temperature_SPI.dir/mnt/c/Users/efede/pico/pico-sdk/src/rp2_common/pico_standard_link/binary_info.c.obj
 .rodata.crlf_str.3
                0x00000000100083d8        0x2 CMakeFiles/Pico_Temperature_SPI.dir/mnt/c/Users/efede/pico/pico-sdk/src/rp2_common/pico_stdio/stdio.c.obj
 *fill*         0x00000000100083da        0x2 
 .rodata.str1.4
                0x00000000100083dc       0x2c CMakeFiles/Pico_Temperature_SPI.dir/mnt/c/Users/efede/pico/pico-sdk/src/rp2_common/pico_stdio_uart/stdio_uart.c.obj
 .rodata.__bi_28.4
                0x0000000010008408        0xc CMakeFiles/Pico_Temperature_SPI.dir/mnt/c/Users/efede/pico/pico-sdk/src/rp2_common/pico_stdio_uart/stdio_uart.c.obj
 .rodata.__bi_29.5
                0x0000000010008414        0x8 CMakeFiles/Pico_Temperature_SPI.dir/mnt/c/Users/efede/pico/pico-sdk/src/rp2_common/pico_stdio_uart/stdio_uart.c.obj
 .rodata._resetd_driver
                0x000000001000841c       0x18 CMakeFiles/Pico_Temperature_SPI.dir/mnt/c/Users/efede/pico/pico-sdk/src/rp2_common/pico_stdio_usb/reset_interface.c.obj
 .rodata.stdio_usb_init.str1.4
                0x0000000010008434       0x67 CMakeFiles/Pico_Temperature_SPI.dir/mnt/c/Users/efede/pico/pico-sdk/src/rp2_common/pico_stdio_usb/stdio_usb.c.obj
 .rodata.str1.4
                0x0000000010008434       0x13 CMakeFiles/Pico_Temperature_SPI.dir/mnt/c/Users/efede/pico/pico-sdk/src/rp2_common/pico_stdio_usb/stdio_usb.c.obj
 *fill*         0x0000000010008447        0x1 
 .rodata.__bi_93.1
                0x0000000010008448        0xc CMakeFiles/Pico_Temperature_SPI.dir/mnt/c/Users/efede/pico/pico-sdk/src/rp2_common/pico_stdio_usb/stdio_usb.c.obj
 .rodata.__func__.0
                0x0000000010008454       0x15 CMakeFiles/Pico_Temperature_SPI.dir/mnt/c/Users/efede/pico/pico-sdk/src/rp2_common/pico_stdio_usb/stdio_usb.c.obj
 *fill*         0x0000000010008469        0x3 
 .rodata.str1.4
                0x000000001000846c       0x2a CMakeFiles/Pico_Temperature_SPI.dir/mnt/c/Users/efede/pico/pico-sdk/src/rp2_common/pico_stdio_usb/stdio_usb_descriptors.c.obj
 *fill*         0x0000000010008496        0x2 
 .rodata.usbd_desc_cfg
                0x0000000010008498       0x54 CMakeFiles/Pico_Temperature_SPI.dir/mnt/c/Users/efede/pico/pico-sdk/src/rp2_common/pico_stdio_usb/stdio_usb_descriptors.c.obj
 .rodata.usbd_desc_device
                0x00000000100084ec       0x12 CMakeFiles/Pico_Temperature_SPI.dir/mnt/c/Users/efede/pico/pico-sdk/src/rp2_common/pico_stdio_usb/stdio_usb_descriptors.c.obj
 *fill*         0x00000000100084fe        0x2 
 .rodata.usbd_desc_str
                0x0000000010008500       0x18 CMakeFiles/Pico_Temperature_SPI.dir/mnt/c/Users/efede/pico/pico-sdk/src/rp2_common/pico_stdio_usb/stdio_usb_descriptors.c.obj
 .rodata._hw_endpoint_alloc.str1.4
                0x0000000010008518       0xbd CMakeFiles/Pico_Temperature_SPI.dir/mnt/c/Users/efede/pico/pico-sdk/lib/tinyusb/src/portable/raspberrypi/rp2040/dcd_rp2040.c.obj
 *fill*         0x00000000100085d5        0x3 
 .rodata.dcd_rp2040_irq.str1.4
                0x00000000100085d8       0x14 CMakeFiles/Pico_Temperature_SPI.dir/mnt/c/Users/efede/pico/pico-sdk/lib/tinyusb/src/portable/raspberrypi/rp2040/dcd_rp2040.c.obj
 .rodata.dcd_int_enable.str1.4
                0x00000000100085ec        0xc CMakeFiles/Pico_Temperature_SPI.dir/mnt/c/Users/efede/pico/pico-sdk/lib/tinyusb/src/portable/raspberrypi/rp2040/dcd_rp2040.c.obj
 .rodata.__func__.0
                0x00000000100085f8        0xe CMakeFiles/Pico_Temperature_SPI.dir/mnt/c/Users/efede/pico/pico-sdk/lib/tinyusb/src/portable/raspberrypi/rp2040/dcd_rp2040.c.obj
 *fill*         0x0000000010008606        0x2 
 .rodata.__func__.1
                0x0000000010008608        0xe CMakeFiles/Pico_Temperature_SPI.dir/mnt/c/Users/efede/pico/pico-sdk/lib/tinyusb/src/portable/raspberrypi/rp2040/dcd_rp2040.c.obj
 *fill*         0x0000000010008616        0x2 
 .rodata.__func__.3
                0x0000000010008618       0x10 CMakeFiles/Pico_Temperature_SPI.dir/mnt/c/Users/efede/pico/pico-sdk/lib/tinyusb/src/portable/raspberrypi/rp2040/dcd_rp2040.c.obj
 .rodata.__func__.5
                0x0000000010008628        0xf CMakeFiles/Pico_Temperature_SPI.dir/mnt/c/Users/efede/pico/pico-sdk/lib/tinyusb/src/portable/raspberrypi/rp2040/dcd_rp2040.c.obj
 *fill*         0x0000000010008637        0x1 
 .rodata.__func__.6
                0x0000000010008638       0x13 CMakeFiles/Pico_Temperature_SPI.dir/mnt/c/Users/efede/pico/pico-sdk/lib/tinyusb/src/portable/raspberrypi/rp2040/dcd_rp2040.c.obj
 *fill*         0x000000001000864b        0x1 
 .rodata.__func__.7
                0x000000001000864c        0x9 CMakeFiles/Pico_Temperature_SPI.dir/mnt/c/Users/efede/pico/pico-sdk/lib/tinyusb/src/portable/raspberrypi/rp2040/dcd_rp2040.c.obj
 *fill*         0x0000000010008655        0x3 
 .rodata.sync_ep_buffer.str1.4
                0x0000000010008658       0x99 CMakeFiles/Pico_Temperature_SPI.dir/mnt/c/Users/efede/pico/pico-sdk/lib/tinyusb/src/portable/raspberrypi/rp2040/rp2040_usb.c.obj
 *fill*         0x00000000100086f1        0x3 
 .rodata._hw_endpoint_buffer_control_update32.str1.4
                0x00000000100086f4       0x1f CMakeFiles/Pico_Temperature_SPI.dir/mnt/c/Users/efede/pico/pico-sdk/lib/tinyusb/src/portable/raspberrypi/rp2040/rp2040_usb.c.obj
 *fill*         0x0000000010008713        0x1 
 .rodata.hw_endpoint_xfer_start.str1.4
                0x0000000010008714       0x38 CMakeFiles/Pico_Temperature_SPI.dir/mnt/c/Users/efede/pico/pico-sdk/lib/tinyusb/src/portable/raspberrypi/rp2040/rp2040_usb.c.obj
 .rodata.hw_endpoint_xfer_continue.str1.4
                0x000000001000874c       0x29 CMakeFiles/Pico_Temperature_SPI.dir/mnt/c/Users/efede/pico/pico-sdk/lib/tinyusb/src/portable/raspberrypi/rp2040/rp2040_usb.c.obj
 .rodata.str1.4
                0x0000000010008775       0x29 CMakeFiles/Pico_Temperature_SPI.dir/mnt/c/Users/efede/pico/pico-sdk/lib/tinyusb/src/portable/raspberrypi/rp2040/rp2040_usb.c.obj
                                          0x7 (size before relaxing)
 *fill*         0x0000000010008775        0x3 
 .rodata.__func__.0
                0x0000000010008778        0xf CMakeFiles/Pico_Temperature_SPI.dir/mnt/c/Users/efede/pico/pico-sdk/lib/tinyusb/src/portable/raspberrypi/rp2040/rp2040_usb.c.obj
 *fill*         0x0000000010008787        0x1 
 .rodata.process_set_config.str1.4
                0x0000000010008788       0x17 CMakeFiles/Pico_Temperature_SPI.dir/mnt/c/Users/efede/pico/pico-sdk/lib/tinyusb/src/device/usbd.c.obj
 *fill*         0x000000001000879f        0x1 
 .rodata.process_get_descriptor
                0x00000000100087a0       0x40 CMakeFiles/Pico_Temperature_SPI.dir/mnt/c/Users/efede/pico/pico-sdk/lib/tinyusb/src/device/usbd.c.obj
 .rodata.process_control_request
                0x00000000100087e0       0x28 CMakeFiles/Pico_Temperature_SPI.dir/mnt/c/Users/efede/pico/pico-sdk/lib/tinyusb/src/device/usbd.c.obj
 .rodata.tud_task
                0x0000000010008808       0x24 CMakeFiles/Pico_Temperature_SPI.dir/mnt/c/Users/efede/pico/pico-sdk/lib/tinyusb/src/device/usbd.c.obj
 .rodata.__func__.2
                0x000000001000882c        0xf CMakeFiles/Pico_Temperature_SPI.dir/mnt/c/Users/efede/pico/pico-sdk/lib/tinyusb/src/device/usbd.c.obj
 *fill*         0x000000001000883b        0x1 
 .rodata.__func__.3
                0x000000001000883c        0xf CMakeFiles/Pico_Temperature_SPI.dir/mnt/c/Users/efede/pico/pico-sdk/lib/tinyusb/src/device/usbd.c.obj
 *fill*         0x000000001000884b        0x1 
 .rodata.__func__.4
                0x000000001000884c       0x14 CMakeFiles/Pico_Temperature_SPI.dir/mnt/c/Users/efede/pico/pico-sdk/lib/tinyusb/src/device/usbd.c.obj
 .rodata.__func__.5
                0x0000000010008860       0x10 CMakeFiles/Pico_Temperature_SPI.dir/mnt/c/Users/efede/pico/pico-sdk/lib/tinyusb/src/device/usbd.c.obj
 .rodata.__func__.6
                0x0000000010008870       0x17 CMakeFiles/Pico_Temperature_SPI.dir/mnt/c/Users/efede/pico/pico-sdk/lib/tinyusb/src/device/usbd.c.obj
 *fill*         0x0000000010008887        0x1 
 .rodata.__func__.7
                0x0000000010008888       0x13 CMakeFiles/Pico_Temperature_SPI.dir/mnt/c/Users/efede/pico/pico-sdk/lib/tinyusb/src/device/usbd.c.obj
 *fill*         0x000000001000889b        0x1 
 .rodata.__func__.8
                0x000000001000889c       0x18 CMakeFiles/Pico_Temperature_SPI.dir/mnt/c/Users/efede/pico/pico-sdk/lib/tinyusb/src/device/usbd.c.obj
 .rodata.__func__.9
                0x00000000100088b4        0x9 CMakeFiles/Pico_Temperature_SPI.dir/mnt/c/Users/efede/pico/pico-sdk/lib/tinyusb/src/device/usbd.c.obj
 *fill*         0x00000000100088bd        0x3 
 .rodata._usbd_driver
                0x00000000100088c0       0x18 CMakeFiles/Pico_Temperature_SPI.dir/mnt/c/Users/efede/pico/pico-sdk/lib/tinyusb/src/device/usbd.c.obj
 .rodata.tud_control_xfer.str1.4
                0x00000000100088d8       0x17 CMakeFiles/Pico_Temperature_SPI.dir/mnt/c/Users/efede/pico/pico-sdk/lib/tinyusb/src/device/usbd_control.c.obj
 .rodata.__func__.0
                0x00000000100088d8       0x15 CMakeFiles/Pico_Temperature_SPI.dir/mnt/c/Users/efede/pico/pico-sdk/lib/tinyusb/src/device/usbd_control.c.obj
 *fill*         0x00000000100088ed        0x3 
 .rodata.__func__.1
                0x00000000100088f0       0x11 CMakeFiles/Pico_Temperature_SPI.dir/mnt/c/Users/efede/pico/pico-sdk/lib/tinyusb/src/device/usbd_control.c.obj
 .rodata.tud_cdc_n_write_flush.str1.4
                0x0000000010008901       0x17 CMakeFiles/Pico_Temperature_SPI.dir/mnt/c/Users/efede/pico/pico-sdk/lib/tinyusb/src/class/cdc/cdc_device.c.obj
 *fill*         0x0000000010008901        0x3 
 .rodata.__func__.0
                0x0000000010008904        0xd CMakeFiles/Pico_Temperature_SPI.dir/mnt/c/Users/efede/pico/pico-sdk/lib/tinyusb/src/class/cdc/cdc_device.c.obj
 *fill*         0x0000000010008911        0x3 
 .rodata.__func__.1
                0x0000000010008914        0xa CMakeFiles/Pico_Temperature_SPI.dir/mnt/c/Users/efede/pico/pico-sdk/lib/tinyusb/src/class/cdc/cdc_device.c.obj
 *fill*         0x000000001000891e        0x2 
 .rodata.__func__.2
                0x0000000010008920       0x16 CMakeFiles/Pico_Temperature_SPI.dir/mnt/c/Users/efede/pico/pico-sdk/lib/tinyusb/src/class/cdc/cdc_device.c.obj
 .rodata.tusb_init.str1.4
                0x0000000010008936       0x17 CMakeFiles/Pico_Temperature_SPI.dir/mnt/c/Users/efede/pico/pico-sdk/lib/tinyusb/src/tusb.c.obj
 *fill*         0x0000000010008936        0x2 
 .rodata.__func__.0
                0x0000000010008938       0x11 CMakeFiles/Pico_Temperature_SPI.dir/mnt/c/Users/efede/pico/pico-sdk/lib/tinyusb/src/tusb.c.obj
 *fill*         0x0000000010008949        0x3 
 .rodata.__func__.1
                0x000000001000894c        0xa CMakeFiles/Pico_Temperature_SPI.dir/mnt/c/Users/efede/pico/pico-sdk/lib/tinyusb/src/tusb.c.obj
 *fill*         0x0000000010008956        0x2 
 .rodata.pico_get_unique_board_id_string.str1.4
                0x0000000010008958       0x53 CMakeFiles/Pico_Temperature_SPI.dir/mnt/c/Users/efede/pico/pico-sdk/src/rp2_common/pico_unique_id/unique_id.c.obj
 *fill*         0x00000000100089ab        0x1 
 .rodata.__func__.0
                0x00000000100089ac       0x20 CMakeFiles/Pico_Temperature_SPI.dir/mnt/c/Users/efede/pico/pico-sdk/src/rp2_common/pico_unique_id/unique_id.c.obj
 .rodata.str1.4
                0x00000000100089cc      0x15e CMakeFiles/Pico_Temperature_SPI.dir/mnt/c/Users/efede/pico/pico-sdk/src/rp2_common/hardware_flash/flash.c.obj
 *fill*         0x0000000010008b2a        0x2 
 .rodata.__func__.0
                0x0000000010008b2c        0xd CMakeFiles/Pico_Temperature_SPI.dir/mnt/c/Users/efede/pico/pico-sdk/src/rp2_common/hardware_flash/flash.c.obj
                0x0000000010008b3c                . = ALIGN (0x4)
 *fill*         0x0000000010008b39        0x3 
 *(SORT_BY_ALIGNMENT(SORT_BY_NAME(.flashdata*)))
                0x0000000010008b3c                . = ALIGN (0x4)

.rel.dyn        0x0000000010008b3c        0x0
 .rel.iplt      0x0000000010008b3c        0x0 /usr/lib/gcc/arm-none-eabi/10.3.1/thumb/v6-m/nofp/crtbegin.o

.ARM.extab
 *(.ARM.extab* .gnu.linkonce.armextab.*)
                0x0000000010008b3c                __exidx_start = .

.ARM.exidx
 *(.ARM.exidx* .gnu.linkonce.armexidx.*)
                0x0000000010008b3c                __exidx_end = .