Archive member included to satisfy reference by file (symbol)

/usr/lib/gcc/arm-none-eabi/10.3.1/thumb/v6-m/nofp/libgcc.a(_dvmd_tls.o)
                              CMakeFiles/Blutooh_test.dir/mnt/c/Users/efede/pico/pico-sdk/src/rp2_common/pico_divider/divider.S.obj (__aeabi_idiv0)
/usr/lib/gcc/arm-none-eabi/10.3.1/../../../arm-none-eabi/lib/thumb/v6-m/nofp/libg.a(lib_a-atexit.o)
                              /usr/lib/gcc/arm-none-eabi/10.3.1/../../../arm-none-eabi/lib/thumb/v6-m/nofp/crt0.o (atexit)
/usr/lib/gcc/arm-none-eabi/10.3.1/../../../arm-none-eabi/lib/thumb/v6-m/nofp/libg.a(lib_a-calloc.o)
                              CMakeFiles/Blutooh_test.dir/mnt/c/Users/efede/pico/pico-sdk/src/rp2_common/pico_malloc/pico_malloc.c.obj (calloc)
/usr/lib/gcc/arm-none-eabi/10.3.1/../../../arm-none-eabi/lib/thumb/v6-m/nofp/libg.a(lib_a-callocr.o)
                              /usr/lib/gcc/arm-none-eabi/10.3.1/../../../arm-none-eabi/lib/thumb/v6-m/nofp/libg.a(lib_a-calloc.o) (_calloc_r)
/usr/lib/gcc/arm-none-eabi/10.3.1/../../../arm-none-eabi/lib/thumb/v6-m/nofp/libg.a(lib_a-fini.o)
                              /usr/lib/gcc/arm-none-eabi/10.3.1/../../../arm-none-eabi/lib/thumb/v6-m/nofp/crt0.o (__libc_fini_array)
/usr/lib/gcc/arm-none-eabi/10.3.1/../../../arm-none-eabi/lib/thumb/v6-m/nofp/libg.a(lib_a-impure.o)
                              /usr/lib/gcc/arm-none-eabi/10.3.1/../../../arm-none-eabi/lib/thumb/v6-m/nofp/libg.a(lib_a-calloc.o) (_impure_ptr)
/usr/lib/gcc/arm-none-eabi/10.3.1/../../../arm-none-eabi/lib/thumb/v6-m/nofp/libg.a(lib_a-init.o)
                              /usr/lib/gcc/arm-none-eabi/10.3.1/../../../arm-none-eabi/lib/thumb/v6-m/nofp/crt0.o (__libc_init_array)
/usr/lib/gcc/arm-none-eabi/10.3.1/../../../arm-none-eabi/lib/thumb/v6-m/nofp/libg.a(lib_a-malloc.o)
                              CMakeFiles/Blutooh_test.dir/mnt/c/Users/efede/pico/pico-sdk/src/rp2_common/pico_malloc/pico_malloc.c.obj (malloc)
/usr/lib/gcc/arm-none-eabi/10.3.1/../../../arm-none-eabi/lib/thumb/v6-m/nofp/libg.a(lib_a-mallocr.o)
                              /usr/lib/gcc/arm-none-eabi/10.3.1/../../../arm-none-eabi/lib/thumb/v6-m/nofp/libg.a(lib_a-callocr.o) (_malloc_r)
/usr/lib/gcc/arm-none-eabi/10.3.1/../../../arm-none-eabi/lib/thumb/v6-m/nofp/libg.a(lib_a-mlock.o)
                              /usr/lib/gcc/arm-none-eabi/10.3.1/../../../arm-none-eabi/lib/thumb/v6-m/nofp/libg.a(lib_a-mallocr.o) (__malloc_lock)
/usr/lib/gcc/arm-none-eabi/10.3.1/../../../arm-none-eabi/lib/thumb/v6-m/nofp/libg.a(lib_a-sbrkr.o)
                              /usr/lib/gcc/arm-none-eabi/10.3.1/../../../arm-none-eabi/lib/thumb/v6-m/nofp/libg.a(lib_a-mallocr.o) (_sbrk_r)
/usr/lib/gcc/arm-none-eabi/10.3.1/../../../arm-none-eabi/lib/thumb/v6-m/nofp/libg.a(lib_a-strlen-stub.o)
                              CMakeFiles/Blutooh_test.dir/mnt/c/Users/efede/pico/pico-sdk/src/rp2_common/pico_stdio/stdio.c.obj (strlen)
/usr/lib/gcc/arm-none-eabi/10.3.1/../../../arm-none-eabi/lib/thumb/v6-m/nofp/libg.a(lib_a-__atexit.o)
                              /usr/lib/gcc/arm-none-eabi/10.3.1/../../../arm-none-eabi/lib/thumb/v6-m/nofp/libg.a(lib_a-atexit.o) (__register_exitproc)
/usr/lib/gcc/arm-none-eabi/10.3.1/../../../arm-none-eabi/lib/thumb/v6-m/nofp/libg.a(lib_a-freer.o)
                              /usr/lib/gcc/arm-none-eabi/10.3.1/../../../arm-none-eabi/lib/thumb/v6-m/nofp/libg.a(lib_a-malloc.o) (_free_r)
/usr/lib/gcc/arm-none-eabi/10.3.1/../../../arm-none-eabi/lib/thumb/v6-m/nofp/libg.a(lib_a-reent.o)
                              /usr/lib/gcc/arm-none-eabi/10.3.1/../../../arm-none-eabi/lib/thumb/v6-m/nofp/libg.a(lib_a-sbrkr.o) (errno)

Discarded input sections

 .text          0x0000000000000000        0x0 /usr/lib/gcc/arm-none-eabi/10.3.1/thumb/v6-m/nofp/crti.o
 .data          0x0000000000000000        0x0 /usr/lib/gcc/arm-none-eabi/10.3.1/thumb/v6-m/nofp/crti.o
 .bss           0x0000000000000000        0x0 /usr/lib/gcc/arm-none-eabi/10.3.1/thumb/v6-m/nofp/crti.o
 .data          0x0000000000000000        0x4 /usr/lib/gcc/arm-none-eabi/10.3.1/thumb/v6-m/nofp/crtbegin.o
 .rodata        0x0000000000000000       0x24 /usr/lib/gcc/arm-none-eabi/10.3.1/thumb/v6-m/nofp/crtbegin.o
 .fini_array    0x0000000000000000        0x4 /usr/lib/gcc/arm-none-eabi/10.3.1/thumb/v6-m/nofp/crtbegin.o
 .text          0x0000000000000000       0x74 /usr/lib/gcc/arm-none-eabi/10.3.1/../../../arm-none-eabi/lib/thumb/v6-m/nofp/crt0.o
 .data          0x0000000000000000        0x0 /usr/lib/gcc/arm-none-eabi/10.3.1/../../../arm-none-eabi/lib/thumb/v6-m/nofp/crt0.o
 .bss           0x0000000000000000        0x0 /usr/lib/gcc/arm-none-eabi/10.3.1/../../../arm-none-eabi/lib/thumb/v6-m/nofp/crt0.o
 .ARM.extab     0x0000000000000000        0x0 /usr/lib/gcc/arm-none-eabi/10.3.1/../../../arm-none-eabi/lib/thumb/v6-m/nofp/crt0.o
 .ARM.exidx     0x0000000000000000       0x10 /usr/lib/gcc/arm-none-eabi/10.3.1/../../../arm-none-eabi/lib/thumb/v6-m/nofp/crt0.o
[...]
Memory Configuration

Name             Origin             Length             Attributes
FLASH            0x0000000010000000 0x0000000000200000 xr
RAM              0x0000000020000000 0x0000000000040000 xrw
SCRATCH_X        0x0000000020040000 0x0000000000001000 xrw
SCRATCH_Y        0x0000000020041000 0x0000000000001000 xrw
*default*        0x0000000000000000 0xffffffffffffffff

Linker script and memory map

LOAD /usr/lib/gcc/arm-none-eabi/10.3.1/thumb/v6-m/nofp/crti.o
LOAD /usr/lib/gcc/arm-none-eabi/10.3.1/thumb/v6-m/nofp/crtbegin.o
LOAD /usr/lib/gcc/arm-none-eabi/10.3.1/../../../arm-none-eabi/lib/thumb/v6-m/nofp/crt0.o

.flash_begin    0x0000000010000000        0x0
                0x0000000010000000                __flash_binary_start = .

.boot2          0x0000000010000000      0x100
                0x0000000010000000                __boot2_start__ = .
 *(.boot2)
 .boot2         0x0000000010000000      0x100 /tmp/ccx3CfhU.o
                0x0000000010000100                __boot2_end__ = .
                0x0000000000000001                ASSERT (((__boot2_end__ - __boot2_start__) == 0x100), ERROR: Pico second stage bootloader must be 256 bytes in size)

.text           0x0000000010000100     0x4348
                0x0000000010000100                __logical_binary_start = .
 *(.vectors)
 .vectors       0x0000000010000100       0xd4 CMakeFiles/Blutooh_test.dir/mnt/c/Users/efede/pico/pico-sdk/src/rp2_common/pico_standard_link/crt0.S.obj
                0x0000000010000100                __vectors
                0x0000000010000100                __VECTOR_TABLE
                0x00000000100001c0                isr_invalid
                0x00000000100001c0                __default_isrs_start
                0x00000000100001c2                isr_nmi
                0x00000000100001c4                isr_hardfault
                0x00000000100001c6                isr_svcall
                0x00000000100001c8                isr_pendsv
                0x00000000100001ca                isr_systick
                0x00000000100001cc                isr_irq30
                0x00000000100001cc                __unhandled_user_irq
                0x00000000100001cc                isr_irq13
                0x00000000100001cc                isr_irq27
                0x00000000100001cc                isr_irq31
                0x00000000100001cc                isr_irq5
                0x00000000100001cc                isr_irq11
                0x00000000100001cc                isr_irq23
                0x00000000100001cc                isr_irq18
                0x00000000100001cc                isr_irq28
                0x00000000100001cc                isr_irq19
                0x00000000100001cc                isr_irq0
                0x00000000100001cc                isr_irq6
                0x00000000100001cc                isr_irq22
                0x00000000100001cc                isr_irq17
                0x00000000100001cc                isr_irq14
                0x00000000100001cc                isr_irq2
                0x00000000100001cc                isr_irq10
                0x00000000100001cc                isr_irq8
                0x00000000100001cc                isr_irq24
                0x00000000100001cc                isr_irq1
                0x00000000100001cc                isr_irq7
                0x00000000100001cc                isr_irq21
                0x00000000100001cc                isr_irq20
                0x00000000100001cc                isr_irq15
                0x00000000100001cc                isr_irq25
                0x00000000100001cc                isr_irq4
                0x00000000100001cc                isr_irq16
                0x00000000100001cc                isr_irq29
                0x00000000100001cc                isr_irq26
                0x00000000100001cc                __default_isrs_end
                0x00000000100001cc                isr_irq3
                0x00000000100001cc                isr_irq12
                0x00000000100001cc                isr_irq9
                0x00000000100001d2                unhandled_user_irq_num_in_r0
 *(.binary_info_header)
 .binary_info_header
                0x00000000100001d4       0x14 CMakeFiles/Blutooh_test.dir/mnt/c/Users/efede/pico/pico-sdk/src/rp2_common/pico_standard_link/crt0.S.obj
                0x00000000100001e8                __binary_info_header_end = .
 *(.reset)
 .reset         0x00000000100001e8       0xa8 CMakeFiles/Blutooh_test.dir/mnt/c/Users/efede/pico/pico-sdk/src/rp2_common/pico_standard_link/crt0.S.obj
                0x00000000100001e8                _entry_point
                0x0000000010000266                __get_current_exception
 .reset         0x0000000010000290       0x30 CMakeFiles/Blutooh_test.dir/mnt/c/Users/efede/pico/pico-sdk/src/rp2_common/pico_standard_link/binary_info.c.obj
 *(.init)
 .init          0x00000000100002c0        0x4 /usr/lib/gcc/arm-none-eabi/10.3.1/thumb/v6-m/nofp/crti.o
                0x00000000100002c0                _init
 *(EXCLUDE_FILE(*libm.a: *libc.a:*lib_a-mem*.o *libgcc.a:) .text*)
 .text          0x00000000100002c4       0x98 /usr/lib/gcc/arm-none-eabi/10.3.1/thumb/v6-m/nofp/crtbegin.o
 .text.uart_puts
                0x000000001000035c       0x98 CMakeFiles/Blutooh_test.dir/Blutooh_test.c.obj
 .text.main     0x00000000100003f4       0x54 CMakeFiles/Blutooh_test.dir/Blutooh_test.c.obj
                0x00000000100003f4                main
 .text.gpio_set_function
                0x0000000010000448       0x30 CMakeFiles/Blutooh_test.dir/mnt/c/Users/efede/pico/pico-sdk/src/rp2_common/hardware_gpio/gpio.c.obj
                0x0000000010000448                gpio_set_function
 .text.hw_claim_lock
                0x0000000010000478       0x18 CMakeFiles/Blutooh_test.dir/mnt/c/Users/efede/pico/pico-sdk/src/rp2_common/hardware_claim/claim.c.obj
                0x0000000010000478                hw_claim_lock
 .text.hw_claim_unlock
                0x0000000010000490       0x14 CMakeFiles/Blutooh_test.dir/mnt/c/Users/efede/pico/pico-sdk/src/rp2_common/hardware_claim/claim.c.obj
                0x0000000010000490                hw_claim_unlock
 .text.hw_claim_or_assert
                0x00000000100004a4       0x32 CMakeFiles/Blutooh_test.dir/mnt/c/Users/efede/pico/pico-sdk/src/rp2_common/hardware_claim/claim.c.obj
                0x00000000100004a4                hw_claim_or_assert
 *fill*         0x00000000100004d6        0x2 
 .text.running_on_fpga
                0x00000000100004d8       0x14 CMakeFiles/Blutooh_test.dir/mnt/c/Users/efede/pico/pico-sdk/src/rp2_common/pico_platform/platform.c.obj
                0x00000000100004d8                running_on_fpga
 .text.spin_locks_reset
                0x00000000100004ec       0x20 CMakeFiles/Blutooh_test.dir/mnt/c/Users/efede/pico/pico-sdk/src/rp2_common/hardware_sync/sync.c.obj
                0x00000000100004ec                spin_locks_reset
 .text.next_striped_spin_lock_num
                0x000000001000050c       0x1c CMakeFiles/Blutooh_test.dir/mnt/c/Users/efede/pico/pico-sdk/src/rp2_common/hardware_sync/sync.c.obj
                0x000000001000050c                next_striped_spin_lock_num
 .text.uart_set_baudrate
                0x0000000010000528       0x5c CMakeFiles/Blutooh_test.dir/mnt/c/Users/efede/pico/pico-sdk/src/rp2_common/hardware_uart/uart.c.obj
                0x0000000010000528                uart_set_baudrate
 .text.uart_set_translate_crlf
                0x0000000010000584       0x28 CMakeFiles/Blutooh_test.dir/mnt/c/Users/efede/pico/pico-sdk/src/rp2_common/hardware_uart/uart.c.obj
                0x0000000010000584                uart_set_translate_crlf
 .text.uart_init
                0x00000000100005ac       0x80 CMakeFiles/Blutooh_test.dir/mnt/c/Users/efede/pico/pico-sdk/src/rp2_common/hardware_uart/uart.c.obj
                0x00000000100005ac                uart_init
 .text.alarm_pool_post_alloc_init
                0x000000001000062c       0x40 CMakeFiles/Blutooh_test.dir/mnt/c/Users/efede/pico/pico-sdk/src/common/pico_time/time.c.obj
 .text.sleep_until_callback
                0x000000001000066c       0x30 CMakeFiles/Blutooh_test.dir/mnt/c/Users/efede/pico/pico-sdk/src/common/pico_time/time.c.obj
 .text.timer_pool_entry_comparator
                0x000000001000069c       0x7c CMakeFiles/Blutooh_test.dir/mnt/c/Users/efede/pico/pico-sdk/src/common/pico_time/time.c.obj
                0x000000001000069c                timer_pool_entry_comparator
 .text.ph_add_child_node
                0x0000000010000718       0xa4 CMakeFiles/Blutooh_test.dir/mnt/c/Users/efede/pico/pico-sdk/src/common/pico_time/time.c.obj
 .text.ph_merge_nodes
                0x00000000100007bc       0x3e CMakeFiles/Blutooh_test.dir/mnt/c/Users/efede/pico/pico-sdk/src/common/pico_time/time.c.obj
 *fill*         0x00000000100007fa        0x2 
 .text.add_alarm_under_lock
                0x00000000100007fc      0x174 CMakeFiles/Blutooh_test.dir/mnt/c/Users/efede/pico/pico-sdk/src/common/pico_time/time.c.obj
 .text.alarm_pool_alarm_callback
                0x0000000010000970      0x328 CMakeFiles/Blutooh_test.dir/mnt/c/Users/efede/pico/pico-sdk/src/common/pico_time/time.c.obj
 .text.alarm_pool_init_default
                0x0000000010000c98       0x38 CMakeFiles/Blutooh_test.dir/mnt/c/Users/efede/pico/pico-sdk/src/common/pico_time/time.c.obj
                0x0000000010000c98                alarm_pool_init_default
 .text.alarm_pool_get_default
                0x0000000010000cd0       0x2c CMakeFiles/Blutooh_test.dir/mnt/c/Users/efede/pico/pico-sdk/src/common/pico_time/time.c.obj
                0x0000000010000cd0                alarm_pool_get_default
 .text.alarm_pool_add_alarm_at
                0x0000000010000cfc      0x170 CMakeFiles/Blutooh_test.dir/mnt/c/Users/efede/pico/pico-sdk/src/common/pico_time/time.c.obj
                0x0000000010000cfc                alarm_pool_add_alarm_at
 .text.sleep_until
                0x0000000010000e6c       0xfc CMakeFiles/Blutooh_test.dir/mnt/c/Users/efede/pico/pico-sdk/src/common/pico_time/time.c.obj
                0x0000000010000e6c                sleep_until
 .text.sleep_us
                0x0000000010000f68       0x58 CMakeFiles/Blutooh_test.dir/mnt/c/Users/efede/pico/pico-sdk/src/common/pico_time/time.c.obj
                0x0000000010000f68                sleep_us
 .text.sleep_ms
                0x0000000010000fc0       0x14 CMakeFiles/Blutooh_test.dir/mnt/c/Users/efede/pico/pico-sdk/src/common/pico_time/time.c.obj
                0x0000000010000fc0                sleep_ms
 .text.hardware_alarm_irq_handler
                0x0000000010000fd4       0x8c CMakeFiles/Blutooh_test.dir/mnt/c/Users/efede/pico/pico-sdk/src/rp2_common/hardware_timer/timer.c.obj
 .text.hardware_alarm_claim
                0x0000000010001060       0x18 CMakeFiles/Blutooh_test.dir/mnt/c/Users/efede/pico/pico-sdk/src/rp2_common/hardware_timer/timer.c.obj
                0x0000000010001060                hardware_alarm_claim
 .text.time_us_64
                0x0000000010001078       0x18 CMakeFiles/Blutooh_test.dir/mnt/c/Users/efede/pico/pico-sdk/src/rp2_common/hardware_timer/timer.c.obj
                0x0000000010001078                time_us_64
 .text.busy_wait_until
                0x0000000010001090       0x28 CMakeFiles/Blutooh_test.dir/mnt/c/Users/efede/pico/pico-sdk/src/rp2_common/hardware_timer/timer.c.obj
                0x0000000010001090                busy_wait_until
 .text.hardware_alarm_set_callback
                0x00000000100010b8       0x90 CMakeFiles/Blutooh_test.dir/mnt/c/Users/efede/pico/pico-sdk/src/rp2_common/hardware_timer/timer.c.obj
                0x00000000100010b8                hardware_alarm_set_callback
 .text.hardware_alarm_set_target
                0x0000000010001148       0xe8 CMakeFiles/Blutooh_test.dir/mnt/c/Users/efede/pico/pico-sdk/src/rp2_common/hardware_timer/timer.c.obj
                0x0000000010001148                hardware_alarm_set_target
 .text.hardware_alarm_cancel
                0x0000000010001230       0x40 CMakeFiles/Blutooh_test.dir/mnt/c/Users/efede/pico/pico-sdk/src/rp2_common/hardware_timer/timer.c.obj
                0x0000000010001230                hardware_alarm_cancel
 .text.lock_init
                0x0000000010001270       0x10 CMakeFiles/Blutooh_test.dir/mnt/c/Users/efede/pico/pico-sdk/src/common/pico_sync/lock_core.c.obj
                0x0000000010001270                lock_init
 .text.mutex_init
                0x0000000010001280       0x1a CMakeFiles/Blutooh_test.dir/mnt/c/Users/efede/pico/pico-sdk/src/common/pico_sync/mutex.c.obj
                0x0000000010001280                mutex_init
 .text.recursive_mutex_init
                0x000000001000129a       0x1e CMakeFiles/Blutooh_test.dir/mnt/c/Users/efede/pico/pico-sdk/src/common/pico_sync/mutex.c.obj
                0x000000001000129a                recursive_mutex_init
 .text.ph_add_child_node
                0x00000000100012b8       0xa4 CMakeFiles/Blutooh_test.dir/mnt/c/Users/efede/pico/pico-sdk/src/common/pico_util/pheap.c.obj
 .text.ph_merge_nodes
                0x000000001000135c       0x3e CMakeFiles/Blutooh_test.dir/mnt/c/Users/efede/pico/pico-sdk/src/common/pico_util/pheap.c.obj
 *fill*         0x000000001000139a        0x2 
 .text.ph_clear
                0x000000001000139c       0x70 CMakeFiles/Blutooh_test.dir/mnt/c/Users/efede/pico/pico-sdk/src/common/pico_util/pheap.c.obj
                0x000000001000139c                ph_clear
 .text.ph_post_alloc_init
                0x000000001000140c        0xe CMakeFiles/Blutooh_test.dir/mnt/c/Users/efede/pico/pico-sdk/src/common/pico_util/pheap.c.obj
                0x000000001000140c                ph_post_alloc_init
 *fill*         0x000000001000141a        0x2 
 .text.ph_merge_two_pass
                0x000000001000141c       0xa8 CMakeFiles/Blutooh_test.dir/mnt/c/Users/efede/pico/pico-sdk/src/common/pico_util/pheap.c.obj
                0x000000001000141c                ph_merge_two_pass
 .text.ph_remove_any_head
                0x00000000100014c4      0x108 CMakeFiles/Blutooh_test.dir/mnt/c/Users/efede/pico/pico-sdk/src/common/pico_util/pheap.c.obj
 .text.ph_remove_head
                0x00000000100015cc       0x14 CMakeFiles/Blutooh_test.dir/mnt/c/Users/efede/pico/pico-sdk/src/common/pico_util/pheap.c.obj
                0x00000000100015cc                ph_remove_head
 .text.ph_remove_and_free_node
                0x00000000100015e0       0xf8 CMakeFiles/Blutooh_test.dir/mnt/c/Users/efede/pico/pico-sdk/src/common/pico_util/pheap.c.obj
                0x00000000100015e0                ph_remove_and_free_node
 .text._exit    0x00000000100016d8        0x4 CMakeFiles/Blutooh_test.dir/mnt/c/Users/efede/pico/pico-sdk/src/rp2_common/pico_runtime/runtime.c.obj
                0x00000000100016d8                _exit
 .text.exit     0x00000000100016dc        0x6 CMakeFiles/Blutooh_test.dir/mnt/c/Users/efede/pico/pico-sdk/src/rp2_common/pico_runtime/runtime.c.obj
                0x00000000100016dc                exit
 *fill*         0x00000000100016e2        0x2 
 .text.__assert_func
                0x00000000100016e4       0x3c CMakeFiles/Blutooh_test.dir/mnt/c/Users/efede/pico/pico-sdk/src/rp2_common/pico_runtime/runtime.c.obj
                0x00000000100016e4                __assert_func
 .text.runtime_init
                0x0000000010001720       0xf8 CMakeFiles/Blutooh_test.dir/mnt/c/Users/efede/pico/pico-sdk/src/rp2_common/pico_runtime/runtime.c.obj
                0x0000000010001720                runtime_init
 .text.panic    0x0000000010001818       0x30 CMakeFiles/Blutooh_test.dir/mnt/c/Users/efede/pico/pico-sdk/src/rp2_common/pico_runtime/runtime.c.obj
                0x0000000010001818                panic
 .text.clock_configure
                0x0000000010001848      0x104 CMakeFiles/Blutooh_test.dir/mnt/c/Users/efede/pico/pico-sdk/src/rp2_common/hardware_clocks/clocks.c.obj
                0x0000000010001848                clock_configure
 .text.clocks_init
                0x000000001000194c      0x100 CMakeFiles/Blutooh_test.dir/mnt/c/Users/efede/pico/pico-sdk/src/rp2_common/hardware_clocks/clocks.c.obj
                0x000000001000194c                clocks_init
 .text.clock_get_hz
                0x0000000010001a4c        0xc CMakeFiles/Blutooh_test.dir/mnt/c/Users/efede/pico/pico-sdk/src/rp2_common/hardware_clocks/clocks.c.obj
                0x0000000010001a4c                clock_get_hz
 .text.set_raw_irq_handler_and_unlock
                0x0000000010001a58       0x28 CMakeFiles/Blutooh_test.dir/mnt/c/Users/efede/pico/pico-sdk/src/rp2_common/hardware_irq/irq.c.obj
 .text.make_branch
                0x0000000010001a80       0x48 CMakeFiles/Blutooh_test.dir/mnt/c/Users/efede/pico/pico-sdk/src/rp2_common/hardware_irq/irq.c.obj
 .text.insert_branch_and_link
                0x0000000010001ac8       0x40 CMakeFiles/Blutooh_test.dir/mnt/c/Users/efede/pico/pico-sdk/src/rp2_common/hardware_irq/irq.c.obj
 .text.irq_is_enabled
                0x0000000010001b08       0x18 CMakeFiles/Blutooh_test.dir/mnt/c/Users/efede/pico/pico-sdk/src/rp2_common/hardware_irq/irq.c.obj
                0x0000000010001b08                irq_is_enabled
 .text.irq_set_mask_enabled
                0x0000000010001b20       0x20 CMakeFiles/Blutooh_test.dir/mnt/c/Users/efede/pico/pico-sdk/src/rp2_common/hardware_irq/irq.c.obj
                0x0000000010001b20                irq_set_mask_enabled
 .text.irq_set_enabled
                0x0000000010001b40        0xe CMakeFiles/Blutooh_test.dir/mnt/c/Users/efede/pico/pico-sdk/src/rp2_common/hardware_irq/irq.c.obj
                0x0000000010001b40                irq_set_enabled
 *fill*         0x0000000010001b4e        0x2 
 .text.irq_get_vtable_handler
                0x0000000010001b50       0x10 CMakeFiles/Blutooh_test.dir/mnt/c/Users/efede/pico/pico-sdk/src/rp2_common/hardware_irq/irq.c.obj
                0x0000000010001b50                irq_get_vtable_handler
 .text.irq_set_exclusive_handler
                0x0000000010001b60       0x54 CMakeFiles/Blutooh_test.dir/mnt/c/Users/efede/pico/pico-sdk/src/rp2_common/hardware_irq/irq.c.obj
                0x0000000010001b60                irq_set_exclusive_handler
 .text.irq_remove_handler
                0x0000000010001bb4      0x1a8 CMakeFiles/Blutooh_test.dir/mnt/c/Users/efede/pico/pico-sdk/src/rp2_common/hardware_irq/irq.c.obj
                0x0000000010001bb4                irq_remove_handler
 .text.irq_add_tail_to_free_list
                0x0000000010001d5c       0xf0 CMakeFiles/Blutooh_test.dir/mnt/c/Users/efede/pico/pico-sdk/src/rp2_common/hardware_irq/irq.c.obj
                0x0000000010001d5c                irq_add_tail_to_free_list
 .text.irq_init_priorities
                0x0000000010001e4c       0x1c CMakeFiles/Blutooh_test.dir/mnt/c/Users/efede/pico/pico-sdk/src/rp2_common/hardware_irq/irq.c.obj
                0x0000000010001e4c                irq_init_priorities
 .text.pll_init
                0x0000000010001e68      0x120 CMakeFiles/Blutooh_test.dir/mnt/c/Users/efede/pico/pico-sdk/src/rp2_common/hardware_pll/pll.c.obj
                0x0000000010001e68                pll_init
 .text.watchdog_start_tick
                0x0000000010001f88       0x10 CMakeFiles/Blutooh_test.dir/mnt/c/Users/efede/pico/pico-sdk/src/rp2_common/hardware_watchdog/watchdog.c.obj
                0x0000000010001f88                watchdog_start_tick
 .text.xosc_init
                0x0000000010001f98       0x28 CMakeFiles/Blutooh_test.dir/mnt/c/Users/efede/pico/pico-sdk/src/rp2_common/hardware_xosc/xosc.c.obj
                0x0000000010001f98                xosc_init
 .text._out_null
                0x0000000010001fc0        0x2 CMakeFiles/Blutooh_test.dir/mnt/c/Users/efede/pico/pico-sdk/src/rp2_common/pico_printf/printf.c.obj
 .text._out_fct
                0x0000000010001fc2        0xe CMakeFiles/Blutooh_test.dir/mnt/c/Users/efede/pico/pico-sdk/src/rp2_common/pico_printf/printf.c.obj
 .text._atoi    0x0000000010001fd0       0x24 CMakeFiles/Blutooh_test.dir/mnt/c/Users/efede/pico/pico-sdk/src/rp2_common/pico_printf/printf.c.obj
 .text._out_rev
                0x0000000010001ff4       0xae CMakeFiles/Blutooh_test.dir/mnt/c/Users/efede/pico/pico-sdk/src/rp2_common/pico_printf/printf.c.obj
 .text._ntoa_format
                0x00000000100020a2      0x112 CMakeFiles/Blutooh_test.dir/mnt/c/Users/efede/pico/pico-sdk/src/rp2_common/pico_printf/printf.c.obj
 .text._ntoa_long
                0x00000000100021b4       0xbc CMakeFiles/Blutooh_test.dir/mnt/c/Users/efede/pico/pico-sdk/src/rp2_common/pico_printf/printf.c.obj
 .text._ntoa_long_long
                0x0000000010002270       0xe2 CMakeFiles/Blutooh_test.dir/mnt/c/Users/efede/pico/pico-sdk/src/rp2_common/pico_printf/printf.c.obj
 *fill*         0x0000000010002352        0x2 
 .text._etoa    0x0000000010002354      0x414 CMakeFiles/Blutooh_test.dir/mnt/c/Users/efede/pico/pico-sdk/src/rp2_common/pico_printf/printf.c.obj
 .text._ftoa    0x0000000010002768      0x354 CMakeFiles/Blutooh_test.dir/mnt/c/Users/efede/pico/pico-sdk/src/rp2_common/pico_printf/printf.c.obj
 .text._vsnprintf
                0x0000000010002abc      0x624 CMakeFiles/Blutooh_test.dir/mnt/c/Users/efede/pico/pico-sdk/src/rp2_common/pico_printf/printf.c.obj
 .text.vfctprintf
                0x00000000100030e0       0x20 CMakeFiles/Blutooh_test.dir/mnt/c/Users/efede/pico/pico-sdk/src/rp2_common/pico_printf/printf.c.obj
                0x00000000100030e0                vfctprintf
 .text          0x0000000010003100       0x10 CMakeFiles/Blutooh_test.dir/mnt/c/Users/efede/pico/pico-sdk/src/rp2_common/pico_bit_ops/bit_ops_aeabi.S.obj
 .text.rom_func_lookup
                0x0000000010003110       0x10 CMakeFiles/Blutooh_test.dir/mnt/c/Users/efede/pico/pico-sdk/src/rp2_common/pico_bootrom/bootrom.c.obj
                0x0000000010003110                rom_func_lookup
 .text.rom_data_lookup
                0x0000000010003120       0x10 CMakeFiles/Blutooh_test.dir/mnt/c/Users/efede/pico/pico-sdk/src/rp2_common/pico_bootrom/bootrom.c.obj
                0x0000000010003120                rom_data_lookup
 .text.rom_funcs_lookup
                0x0000000010003130       0x36 CMakeFiles/Blutooh_test.dir/mnt/c/Users/efede/pico/pico-sdk/src/rp2_common/pico_bootrom/bootrom.c.obj
                0x0000000010003130                rom_funcs_lookup
 *fill*         0x0000000010003166        0x2 
 .text.__wrap___aeabi_idiv
                0x0000000010003168       0x50 CMakeFiles/Blutooh_test.dir/mnt/c/Users/efede/pico/pico-sdk/src/rp2_common/pico_divider/divider.S.obj
                0x0000000010003168                __wrap___aeabi_idivmod
                0x0000000010003168                divmod_s32s32
                0x0000000010003168                div_s32s32
                0x0000000010003168                __wrap___aeabi_idiv
                0x0000000010003170                divmod_s32s32_unsafe
                0x000000001000319c                divmod_s32s32_savestate
 .text.__wrap___aeabi_uidiv
                0x00000000100031b8       0x4c CMakeFiles/Blutooh_test.dir/mnt/c/Users/efede/pico/pico-sdk/src/rp2_common/pico_divider/divider.S.obj
                0x00000000100031b8                __wrap___aeabi_uidiv
                0x00000000100031b8                __wrap___aeabi_uidivmod
                0x00000000100031b8                div_u32u32
                0x00000000100031b8                divmod_u32u32
                0x00000000100031c0                divmod_u32u32_unsafe
                0x00000000100031e8                divmod_u32u32_savestate
 .text.__wrap___aeabi_ldiv
                0x0000000010003204      0x434 CMakeFiles/Blutooh_test.dir/mnt/c/Users/efede/pico/pico-sdk/src/rp2_common/pico_divider/divider.S.obj
                0x0000000010003204                div_s64s64
                0x0000000010003204                divmod_s64s64
                0x0000000010003204                __wrap___aeabi_ldivmod
                0x000000001000323c                div_u64u64
                0x000000001000323c                divmod_u64u64
                0x000000001000323c                __wrap___aeabi_uldivmod
                0x000000001000324c                divmod_u64u64_savestate
                0x0000000010003274                divmod_s64s64_unsafe
                0x00000000100032fc                divmod_u64u64_unsafe
 .text.__wrap___aeabi_darithmetic
                0x0000000010003638       0x80 CMakeFiles/Blutooh_test.dir/mnt/c/Users/efede/pico/pico-sdk/src/rp2_common/pico_double/double_aeabi.S.obj
                0x0000000010003638                __wrap___aeabi_drsub
                0x000000001000363e                __wrap___aeabi_dsub
                0x0000000010003650                __wrap___aeabi_dadd
                0x0000000010003662                __wrap___aeabi_ddiv
                0x000000001000369e                __wrap___aeabi_dmul
 .text.__wrap___aeabi_cdcmple
                0x00000000100036b8       0x6c CMakeFiles/Blutooh_test.dir/mnt/c/Users/efede/pico/pico-sdk/src/rp2_common/pico_double/double_aeabi.S.obj
                0x00000000100036b8                __wrap___aeabi_cdrcmple
                0x00000000100036c8                __wrap___aeabi_cdcmple
                0x00000000100036c8                __wrap___aeabi_cdcmpeq
 .text.__wrap___aeabi_dcmplt
                0x0000000010003724        0xc CMakeFiles/Blutooh_test.dir/mnt/c/Users/efede/pico/pico-sdk/src/rp2_common/pico_double/double_aeabi.S.obj
                0x0000000010003724                __wrap___aeabi_dcmplt
 .text.__wrap___aeabi_dcmple
                0x0000000010003730       0x10 CMakeFiles/Blutooh_test.dir/mnt/c/Users/efede/pico/pico-sdk/src/rp2_common/pico_double/double_aeabi.S.obj
                0x0000000010003730                __wrap___aeabi_dcmple
 .text.__wrap___aeabi_dcmpge
                0x0000000010003740       0x10 CMakeFiles/Blutooh_test.dir/mnt/c/Users/efede/pico/pico-sdk/src/rp2_common/pico_double/double_aeabi.S.obj
                0x0000000010003740                __wrap___aeabi_dcmpge
 .text.__wrap___aeabi_dcmpgt
                0x0000000010003750        0xa CMakeFiles/Blutooh_test.dir/mnt/c/Users/efede/pico/pico-sdk/src/rp2_common/pico_double/double_aeabi.S.obj
                0x0000000010003750                __wrap___aeabi_dcmpgt
 .text.__wrap___aeabi_dcmpun
                0x000000001000375a       0x1c CMakeFiles/Blutooh_test.dir/mnt/c/Users/efede/pico/pico-sdk/src/rp2_common/pico_double/double_aeabi.S.obj
                0x000000001000375a                __wrap___aeabi_dcmpun
 *fill*         0x0000000010003776        0x2 
 .text.__wrap___aeabi_i2d
                0x0000000010003778       0x38 CMakeFiles/Blutooh_test.dir/mnt/c/Users/efede/pico/pico-sdk/src/rp2_common/pico_double/double_aeabi.S.obj
                0x0000000010003778                __wrap___aeabi_ui2d
                0x0000000010003780                __wrap___aeabi_i2d
 .text.__wrap___aeabi_d2iz
                0x00000000100037b0       0x48 CMakeFiles/Blutooh_test.dir/mnt/c/Users/efede/pico/pico-sdk/src/rp2_common/pico_double/double_aeabi.S.obj
                0x00000000100037b0                __wrap___aeabi_d2iz
                0x00000000100037b0                double2int_z
 .text.__wrap___aeabi_d2uiz
                0x00000000100037f8       0x18 CMakeFiles/Blutooh_test.dir/mnt/c/Users/efede/pico/pico-sdk/src/rp2_common/pico_double/double_aeabi.S.obj
                0x00000000100037f8                double2uint
                0x00000000100037f8                __wrap___aeabi_d2uiz
 .text.__aeabi_double_init
                0x0000000010003810       0xc8 CMakeFiles/Blutooh_test.dir/mnt/c/Users/efede/pico/pico-sdk/src/rp2_common/pico_double/double_init_rom.c.obj
                0x0000000010003810                __aeabi_double_init
 .text.double_table_shim_on_use_helper
                0x00000000100038d8       0x34 CMakeFiles/Blutooh_test.dir/mnt/c/Users/efede/pico/pico-sdk/src/rp2_common/pico_double/double_v1_rom_shim.S.obj
                0x00000000100038d8                double_table_shim_on_use_helper
 .text.__wrap___aeabi_dsub
                0x000000001000390c       0x10 CMakeFiles/Blutooh_test.dir/mnt/c/Users/efede/pico/pico-sdk/src/rp2_common/pico_double/double_v1_rom_shim.S.obj
                0x000000001000390c                drsub_shim
                0x0000000010003912                dsub_shim
 .text.dadd_shim
                0x000000001000391c      0x15c CMakeFiles/Blutooh_test.dir/mnt/c/Users/efede/pico/pico-sdk/src/rp2_common/pico_double/double_v1_rom_shim.S.obj
                0x000000001000391c                dadd_shim
 .text.dmul_shim
                0x0000000010003a78      0x15c CMakeFiles/Blutooh_test.dir/mnt/c/Users/efede/pico/pico-sdk/src/rp2_common/pico_double/double_v1_rom_shim.S.obj
                0x0000000010003a78                dmul_shim
 .text.ddiv_shim
                0x0000000010003bd4      0x1b0 CMakeFiles/Blutooh_test.dir/mnt/c/Users/efede/pico/pico-sdk/src/rp2_common/pico_double/double_v1_rom_shim.S.obj
                0x0000000010003bd4                ddiv_shim
 .text.double2uint_shim
                0x0000000010003d84        0xe CMakeFiles/Blutooh_test.dir/mnt/c/Users/efede/pico/pico-sdk/src/rp2_common/pico_double/double_v1_rom_shim.S.obj
                0x0000000010003d84                double2uint_shim
                0x0000000010003d86                double2ufix_shim
 *fill*         0x0000000010003d92        0x2 
 .text.double2uint64_shim
                0x0000000010003d94       0x70 CMakeFiles/Blutooh_test.dir/mnt/c/Users/efede/pico/pico-sdk/src/rp2_common/pico_double/double_v1_rom_shim.S.obj
                0x0000000010003d94                double2uint64_shim
                0x0000000010003d96                double2ufix64_shim
                0x0000000010003db6                d2fix_a
 .text.dunpacks
                0x0000000010003e04       0x3c CMakeFiles/Blutooh_test.dir/mnt/c/Users/efede/pico/pico-sdk/src/rp2_common/pico_double/double_v1_rom_shim.S.obj
                0x0000000010003e04                dunpacks
 .text.__aeabi_lmul
                0x0000000010003e40       0x32 CMakeFiles/Blutooh_test.dir/mnt/c/Users/efede/pico/pico-sdk/src/rp2_common/pico_int64_ops/pico_int64_ops_aeabi.S.obj
                0x0000000010003e40                __wrap___aeabi_lmul
 *fill*         0x0000000010003e72        0x2 
 .text.__aeabi_float_init
                0x0000000010003e74       0xfc CMakeFiles/Blutooh_test.dir/mnt/c/Users/efede/pico/pico-sdk/src/rp2_common/pico_float/float_init_rom.c.obj
                0x0000000010003e74                __aeabi_float_init
 .text.float_table_shim_on_use_helper
                0x0000000010003f70       0x34 CMakeFiles/Blutooh_test.dir/mnt/c/Users/efede/pico/pico-sdk/src/rp2_common/pico_float/float_v1_rom_shim.S.obj
                0x0000000010003f70                float_table_shim_on_use_helper
 .text          0x0000000010003fa4       0x10 CMakeFiles/Blutooh_test.dir/mnt/c/Users/efede/pico/pico-sdk/src/rp2_common/pico_mem_ops/mem_ops_aeabi.S.obj
                0x0000000010003fa4                __aeabi_mem_init
 .text.memset   0x0000000010003fb4        0xc CMakeFiles/Blutooh_test.dir/mnt/c/Users/efede/pico/pico-sdk/src/rp2_common/pico_mem_ops/mem_ops_aeabi.S.obj
                0x0000000010003fb4                __wrap_memset
 .text.memcpy   0x0000000010003fc0        0xc CMakeFiles/Blutooh_test.dir/mnt/c/Users/efede/pico/pico-sdk/src/rp2_common/pico_mem_ops/mem_ops_aeabi.S.obj
                0x0000000010003fc0                __wrap___aeabi_memcpy
                0x0000000010003fc0                __wrap_memcpy
 .text.stdio_out_chars_no_crlf
                0x0000000010003fcc        0xe CMakeFiles/Blutooh_test.dir/mnt/c/Users/efede/pico/pico-sdk/src/rp2_common/pico_stdio/stdio.c.obj
 *fill*         0x0000000010003fda        0x2 
 .text.stdio_out_chars_crlf
                0x0000000010003fdc       0x80 CMakeFiles/Blutooh_test.dir/mnt/c/Users/efede/pico/pico-sdk/src/rp2_common/pico_stdio/stdio.c.obj
 .text.stdio_stack_buffer_flush
                0x000000001000405c       0x44 CMakeFiles/Blutooh_test.dir/mnt/c/Users/efede/pico/pico-sdk/src/rp2_common/pico_stdio/stdio.c.obj
 .text.stdio_buffered_printer
                0x00000000100040a0       0x20 CMakeFiles/Blutooh_test.dir/mnt/c/Users/efede/pico/pico-sdk/src/rp2_common/pico_stdio/stdio.c.obj
 .text.stdout_serialize_begin
                0x00000000100040c0       0x30 CMakeFiles/Blutooh_test.dir/mnt/c/Users/efede/pico/pico-sdk/src/rp2_common/pico_stdio/stdio.c.obj
                0x00000000100040c0                stdout_serialize_begin
 .text.stdout_serialize_end
                0x00000000100040f0       0x10 CMakeFiles/Blutooh_test.dir/mnt/c/Users/efede/pico/pico-sdk/src/rp2_common/pico_stdio/stdio.c.obj
                0x00000000100040f0                stdout_serialize_end
 .text.stdio_put_string
                0x0000000010004100       0x98 CMakeFiles/Blutooh_test.dir/mnt/c/Users/efede/pico/pico-sdk/src/rp2_common/pico_stdio/stdio.c.obj
 .text.stdio_set_driver_enabled
                0x0000000010004198       0x2c CMakeFiles/Blutooh_test.dir/mnt/c/Users/efede/pico/pico-sdk/src/rp2_common/pico_stdio/stdio.c.obj
                0x0000000010004198                stdio_set_driver_enabled
 .text.stdio_flush
                0x00000000100041c4       0x20 CMakeFiles/Blutooh_test.dir/mnt/c/Users/efede/pico/pico-sdk/src/rp2_common/pico_stdio/stdio.c.obj
                0x00000000100041c4                stdio_flush
 .text.__wrap_puts
                0x00000000100041e4       0x1e CMakeFiles/Blutooh_test.dir/mnt/c/Users/efede/pico/pico-sdk/src/rp2_common/pico_stdio/stdio.c.obj
                0x00000000100041e4                __wrap_puts
 *fill*         0x0000000010004202        0x2 
 .text.__wrap_vprintf
                0x0000000010004204       0x44 CMakeFiles/Blutooh_test.dir/mnt/c/Users/efede/pico/pico-sdk/src/rp2_common/pico_stdio/stdio.c.obj
                0x0000000010004204                __wrap_vprintf
 .text.__wrap_printf
                0x0000000010004248       0x18 CMakeFiles/Blutooh_test.dir/mnt/c/Users/efede/pico/pico-sdk/src/rp2_common/pico_stdio/stdio.c.obj
                0x0000000010004248                __wrap_printf
 .text.stdio_init_all
                0x0000000010004260        0x8 CMakeFiles/Blutooh_test.dir/mnt/c/Users/efede/pico/pico-sdk/src/rp2_common/pico_stdio/stdio.c.obj
                0x0000000010004260                stdio_init_all
 .text.stdio_uart_out_chars
                0x0000000010004268       0x74 CMakeFiles/Blutooh_test.dir/mnt/c/Users/efede/pico/pico-sdk/src/rp2_common/pico_stdio_uart/stdio_uart.c.obj
 .text.stdio_uart_in_chars
                0x00000000100042dc       0x58 CMakeFiles/Blutooh_test.dir/mnt/c/Users/efede/pico/pico-sdk/src/rp2_common/pico_stdio_uart/stdio_uart.c.obj
                0x00000000100042dc                stdio_uart_in_chars
 .text.stdio_uart_init_full
                0x0000000010004334       0x3c CMakeFiles/Blutooh_test.dir/mnt/c/Users/efede/pico/pico-sdk/src/rp2_common/pico_stdio_uart/stdio_uart.c.obj
                0x0000000010004334                stdio_uart_init_full
 .text.stdio_uart_init
                0x0000000010004370       0x28 CMakeFiles/Blutooh_test.dir/mnt/c/Users/efede/pico/pico-sdk/src/rp2_common/pico_stdio_uart/stdio_uart.c.obj
                0x0000000010004370                stdio_uart_init
 .text          0x0000000010004398       0x5c /usr/lib/gcc/arm-none-eabi/10.3.1/../../../arm-none-eabi/lib/thumb/v6-m/nofp/libg.a(lib_a-strlen-stub.o)
                0x0000000010004398                strlen
 *(.fini)
 .fini          0x00000000100043f4        0x4 /usr/lib/gcc/arm-none-eabi/10.3.1/thumb/v6-m/nofp/crti.o
                0x00000000100043f4                _fini
 .fini.__stub   0x00000000100043f8       0x50 linker stubs
 *crtbegin.o(.ctors)
 *crtbegin?.o(.ctors)
 *(EXCLUDE_FILE(*crtend.o *crtend?.o) .ctors)
 *(SORT_BY_NAME(.ctors.*))
 *(.ctors)
 *crtbegin.o(.dtors)
 *crtbegin?.o(.dtors)
 *(EXCLUDE_FILE(*crtend.o *crtend?.o) .dtors)
 *(SORT_BY_NAME(.dtors.*))
 *(.dtors)
 *(.eh_frame*)
 .eh_frame      0x0000000010004448        0x0 /usr/lib/gcc/arm-none-eabi/10.3.1/thumb/v6-m/nofp/crtbegin.o
                0x0000000010004448                . = ALIGN (0x4)

.glue_7         0x0000000010004448        0x0
 .glue_7        0x0000000010004448        0x0 linker stubs

.glue_7t        0x0000000010004448        0x0
 .glue_7t       0x0000000010004448        0x0 linker stubs

.vfp11_veneer   0x0000000010004448        0x0
 .vfp11_veneer  0x0000000010004448        0x0 linker stubs

.v4_bx          0x0000000010004448        0x0
 .v4_bx         0x0000000010004448        0x0 linker stubs

.iplt           0x0000000010004448        0x0
 .iplt          0x0000000010004448        0x0 /usr/lib/gcc/arm-none-eabi/10.3.1/thumb/v6-m/nofp/crtbegin.o

.rodata         0x0000000010004448      0xedc
 *(EXCLUDE_FILE(*libm.a: *libc.a:*lib_a-mem*.o *libgcc.a:) .rodata*)
 .rodata.main.str1.4
                0x0000000010004448       0x1b CMakeFiles/Blutooh_test.dir/Blutooh_test.c.obj
 *fill*         0x0000000010004463        0x1 
 .rodata.repeating_timer_callback.str1.4
                0x0000000010004464       0x51 CMakeFiles/Blutooh_test.dir/mnt/c/Users/efede/pico/pico-sdk/src/common/pico_time/time.c.obj
 *fill*         0x00000000100044b5        0x3 
 .rodata.alarm_pool_dump_key.str1.4
                0x00000000100044b8       0x33 CMakeFiles/Blutooh_test.dir/mnt/c/Users/efede/pico/pico-sdk/src/common/pico_time/time.c.obj
 *fill*         0x00000000100044eb        0x1 
 .rodata.ph_add_child_node.str1.4
                0x00000000100044ec       0x9a CMakeFiles/Blutooh_test.dir/mnt/c/Users/efede/pico/pico-sdk/src/common/pico_time/time.c.obj
 *fill*         0x0000000010004586        0x2 
 .rodata.add_alarm_under_lock.str1.4
                0x0000000010004588       0x28 CMakeFiles/Blutooh_test.dir/mnt/c/Users/efede/pico/pico-sdk/src/common/pico_time/time.c.obj
                                         0x2b (size before relaxing)
 .rodata.alarm_pool_alarm_callback.str1.4
                0x00000000100045b0       0xea CMakeFiles/Blutooh_test.dir/mnt/c/Users/efede/pico/pico-sdk/src/common/pico_time/time.c.obj
 *fill*         0x000000001000469a        0x2 
 .rodata.alarm_pool_get_default.str1.4
                0x000000001000469c       0x21 CMakeFiles/Blutooh_test.dir/mnt/c/Users/efede/pico/pico-sdk/src/common/pico_time/time.c.obj
 *fill*         0x00000000100046bd        0x3 
 .rodata.sleep_until.str1.4
                0x00000000100046c0       0x4d CMakeFiles/Blutooh_test.dir/mnt/c/Users/efede/pico/pico-sdk/src/common/pico_time/time.c.obj
 *fill*         0x000000001000470d        0x3 
 .rodata.__func__.10
                0x0000000010004710       0x15 CMakeFiles/Blutooh_test.dir/mnt/c/Users/efede/pico/pico-sdk/src/common/pico_time/time.c.obj
 *fill*         0x0000000010004725        0x3 
 .rodata.__func__.11
                0x0000000010004728       0x1a CMakeFiles/Blutooh_test.dir/mnt/c/Users/efede/pico/pico-sdk/src/common/pico_time/time.c.obj
 *fill*         0x0000000010004742        0x2 
 .rodata.__func__.12
                0x0000000010004744        0xa CMakeFiles/Blutooh_test.dir/mnt/c/Users/efede/pico/pico-sdk/src/common/pico_time/time.c.obj
 *fill*         0x000000001000474e        0x2 
 .rodata.__func__.3
                0x0000000010004750       0x17 CMakeFiles/Blutooh_test.dir/mnt/c/Users/efede/pico/pico-sdk/src/common/pico_time/time.c.obj
 *fill*         0x0000000010004767        0x1 
 .rodata.__func__.4
                0x0000000010004768       0x12 CMakeFiles/Blutooh_test.dir/mnt/c/Users/efede/pico/pico-sdk/src/common/pico_time/time.c.obj
 *fill*         0x000000001000477a        0x2 
 .rodata.__func__.5
                0x000000001000477c        0xd CMakeFiles/Blutooh_test.dir/mnt/c/Users/efede/pico/pico-sdk/src/common/pico_time/time.c.obj
 *fill*         0x0000000010004789        0x3 
 .rodata.__func__.6
                0x000000001000478c       0x12 CMakeFiles/Blutooh_test.dir/mnt/c/Users/efede/pico/pico-sdk/src/common/pico_time/time.c.obj
 *fill*         0x000000001000479e        0x2 
 .rodata.__func__.7
                0x00000000100047a0        0xf CMakeFiles/Blutooh_test.dir/mnt/c/Users/efede/pico/pico-sdk/src/common/pico_time/time.c.obj
 *fill*         0x00000000100047af        0x1 
 .rodata.__func__.8
                0x00000000100047b0        0xc CMakeFiles/Blutooh_test.dir/mnt/c/Users/efede/pico/pico-sdk/src/common/pico_time/time.c.obj
 .rodata.__func__.9
                0x00000000100047bc       0x15 CMakeFiles/Blutooh_test.dir/mnt/c/Users/efede/pico/pico-sdk/src/common/pico_time/time.c.obj
 *fill*         0x00000000100047d1        0x3 
 .rodata.hardware_alarm_claim.str1.4
                0x00000000100047d4       0x22 CMakeFiles/Blutooh_test.dir/mnt/c/Users/efede/pico/pico-sdk/src/rp2_common/hardware_timer/timer.c.obj
 *fill*         0x00000000100047f6        0x2 
 .rodata.hardware_alarm_set_target.str1.4
                0x00000000100047f8       0x6b CMakeFiles/Blutooh_test.dir/mnt/c/Users/efede/pico/pico-sdk/src/rp2_common/hardware_timer/timer.c.obj
 *fill*         0x0000000010004863        0x1 
 .rodata.__func__.0
                0x0000000010004864       0x1a CMakeFiles/Blutooh_test.dir/mnt/c/Users/efede/pico/pico-sdk/src/rp2_common/hardware_timer/timer.c.obj
 *fill*         0x000000001000487e        0x2 
 .rodata.str1.4
                0x0000000010004880       0x91 CMakeFiles/Blutooh_test.dir/mnt/c/Users/efede/pico/pico-sdk/src/common/pico_sync/mutex.c.obj
                                         0xf9 (size before relaxing)
 *fill*         0x0000000010004911        0x3 
 .rodata.__func__.1
                0x0000000010004914        0xb CMakeFiles/Blutooh_test.dir/mnt/c/Users/efede/pico/pico-sdk/src/common/pico_sync/mutex.c.obj
 .rodata.ph_add_child_node.str1.4
                0x000000001000491f       0x9a CMakeFiles/Blutooh_test.dir/mnt/c/Users/efede/pico/pico-sdk/src/common/pico_util/pheap.c.obj
 *fill*         0x000000001000491f        0x1 
 .rodata.ph_remove_any_head.str1.4
                0x0000000010004920       0x94 CMakeFiles/Blutooh_test.dir/mnt/c/Users/efede/pico/pico-sdk/src/common/pico_util/pheap.c.obj
 .rodata.ph_remove_and_free_node.str1.4
                0x00000000100049b4       0x26 CMakeFiles/Blutooh_test.dir/mnt/c/Users/efede/pico/pico-sdk/src/common/pico_util/pheap.c.obj
 *fill*         0x00000000100049da        0x2 
 .rodata.__func__.0
                0x00000000100049dc       0x18 CMakeFiles/Blutooh_test.dir/mnt/c/Users/efede/pico/pico-sdk/src/common/pico_util/pheap.c.obj
 .rodata.__func__.1
                0x00000000100049f4       0x13 CMakeFiles/Blutooh_test.dir/mnt/c/Users/efede/pico/pico-sdk/src/common/pico_util/pheap.c.obj
 *fill*         0x0000000010004a07        0x1 
 .rodata.__func__.2
                0x0000000010004a08       0x12 CMakeFiles/Blutooh_test.dir/mnt/c/Users/efede/pico/pico-sdk/src/common/pico_util/pheap.c.obj
 *fill*         0x0000000010004a1a        0x2 
 .rodata.__func__.3
                0x0000000010004a1c        0xc CMakeFiles/Blutooh_test.dir/mnt/c/Users/efede/pico/pico-sdk/src/common/pico_util/pheap.c.obj
 .rodata.__assert_func.str1.4
                0x0000000010004a28       0x3f CMakeFiles/Blutooh_test.dir/mnt/c/Users/efede/pico/pico-sdk/src/rp2_common/pico_runtime/runtime.c.obj
                                         0x43 (size before relaxing)
 *fill*         0x0000000010004a67        0x1 
 .rodata.runtime_init.str1.4
                0x0000000010004a68       0x67 CMakeFiles/Blutooh_test.dir/mnt/c/Users/efede/pico/pico-sdk/src/rp2_common/pico_runtime/runtime.c.obj
 *fill*         0x0000000010004acf        0x1 
 .rodata.panic.str1.4
                0x0000000010004ad0       0x12 CMakeFiles/Blutooh_test.dir/mnt/c/Users/efede/pico/pico-sdk/src/rp2_common/pico_runtime/runtime.c.obj
 *fill*         0x0000000010004ae2        0x2 
 .rodata.__func__.1
                0x0000000010004ae4        0xd CMakeFiles/Blutooh_test.dir/mnt/c/Users/efede/pico/pico-sdk/src/rp2_common/pico_runtime/runtime.c.obj
 *fill*         0x0000000010004af1        0x3 
 .rodata.clock_configure.str1.4
                0x0000000010004af4       0x5d CMakeFiles/Blutooh_test.dir/mnt/c/Users/efede/pico/pico-sdk/src/rp2_common/hardware_clocks/clocks.c.obj
 *fill*         0x0000000010004b51        0x3 
 .rodata.__func__.1
                0x0000000010004b54       0x10 CMakeFiles/Blutooh_test.dir/mnt/c/Users/efede/pico/pico-sdk/src/rp2_common/hardware_clocks/clocks.c.obj
 .rodata.make_branch.str1.4
                0x0000000010004b64       0x73 CMakeFiles/Blutooh_test.dir/mnt/c/Users/efede/pico/pico-sdk/src/rp2_common/hardware_irq/irq.c.obj
 *fill*         0x0000000010004bd7        0x1 
 .rodata.insert_branch_and_link.str1.4
                0x0000000010004bd8       0x10 CMakeFiles/Blutooh_test.dir/mnt/c/Users/efede/pico/pico-sdk/src/rp2_common/hardware_irq/irq.c.obj
 .rodata.irq_set_exclusive_handler.str1.4
                0x0000000010004be8       0x36 CMakeFiles/Blutooh_test.dir/mnt/c/Users/efede/pico/pico-sdk/src/rp2_common/hardware_irq/irq.c.obj
 *fill*         0x0000000010004c1e        0x2 
 .rodata.irq_add_shared_handler.str1.4
                0x0000000010004c20       0xd9 CMakeFiles/Blutooh_test.dir/mnt/c/Users/efede/pico/pico-sdk/src/rp2_common/hardware_irq/irq.c.obj
 *fill*         0x0000000010004cf9        0x3 
 .rodata.irq_remove_handler.str1.4
                0x0000000010004cfc       0x2a CMakeFiles/Blutooh_test.dir/mnt/c/Users/efede/pico/pico-sdk/src/rp2_common/hardware_irq/irq.c.obj
 *fill*         0x0000000010004d26        0x2 
 .rodata.irq_add_tail_to_free_list.str1.4
                0x0000000010004d28       0x32 CMakeFiles/Blutooh_test.dir/mnt/c/Users/efede/pico/pico-sdk/src/rp2_common/hardware_irq/irq.c.obj
                                         0x3a (size before relaxing)
 *fill*         0x0000000010004d5a        0x2 
 .rodata.__func__.0
                0x0000000010004d5c       0x1a CMakeFiles/Blutooh_test.dir/mnt/c/Users/efede/pico/pico-sdk/src/rp2_common/hardware_irq/irq.c.obj
 *fill*         0x0000000010004d76        0x2 
 .rodata.__func__.1
                0x0000000010004d78       0x17 CMakeFiles/Blutooh_test.dir/mnt/c/Users/efede/pico/pico-sdk/src/rp2_common/hardware_irq/irq.c.obj
 *fill*         0x0000000010004d8f        0x1 
 .rodata.__func__.2
                0x0000000010004d90       0x13 CMakeFiles/Blutooh_test.dir/mnt/c/Users/efede/pico/pico-sdk/src/rp2_common/hardware_irq/irq.c.obj
 *fill*         0x0000000010004da3        0x1 
 .rodata.__func__.3
                0x0000000010004da4        0xc CMakeFiles/Blutooh_test.dir/mnt/c/Users/efede/pico/pico-sdk/src/rp2_common/hardware_irq/irq.c.obj
 .rodata.__func__.4
                0x0000000010004db0        0xf CMakeFiles/Blutooh_test.dir/mnt/c/Users/efede/pico/pico-sdk/src/rp2_common/hardware_irq/irq.c.obj
 *fill*         0x0000000010004dbf        0x1 
 .rodata.__func__.6
                0x0000000010004dc0       0x1a CMakeFiles/Blutooh_test.dir/mnt/c/Users/efede/pico/pico-sdk/src/rp2_common/hardware_irq/irq.c.obj
 *fill*         0x0000000010004dda        0x2 
 .rodata.pll_init.str1.4
                0x0000000010004ddc       0xdf CMakeFiles/Blutooh_test.dir/mnt/c/Users/efede/pico/pico-sdk/src/rp2_common/hardware_pll/pll.c.obj
 *fill*         0x0000000010004ebb        0x1 
 .rodata.__func__.0
                0x0000000010004ebc        0x9 CMakeFiles/Blutooh_test.dir/mnt/c/Users/efede/pico/pico-sdk/src/rp2_common/hardware_pll/pll.c.obj
 *fill*         0x0000000010004ec5        0x3 
 .rodata._ftoa.str1.4
                0x0000000010004ec8       0x15 CMakeFiles/Blutooh_test.dir/mnt/c/Users/efede/pico/pico-sdk/src/rp2_common/pico_printf/printf.c.obj
 *fill*         0x0000000010004edd        0x3 
 .rodata._vsnprintf
                0x0000000010004ee0      0x1e0 CMakeFiles/Blutooh_test.dir/mnt/c/Users/efede/pico/pico-sdk/src/rp2_common/pico_printf/printf.c.obj
 .rodata.pow10.0
                0x00000000100050c0       0x50 CMakeFiles/Blutooh_test.dir/mnt/c/Users/efede/pico/pico-sdk/src/rp2_common/pico_printf/printf.c.obj
 .rodata.__aeabi_double_init.str1.4
                0x0000000010005110       0xae CMakeFiles/Blutooh_test.dir/mnt/c/Users/efede/pico/pico-sdk/src/rp2_common/pico_double/double_init_rom.c.obj
 *fill*         0x00000000100051be        0x2 
 .rodata.__func__.0
                0x00000000100051c0       0x14 CMakeFiles/Blutooh_test.dir/mnt/c/Users/efede/pico/pico-sdk/src/rp2_common/pico_double/double_init_rom.c.obj
 .rodata.__aeabi_float_init.str1.4
                0x00000000100051d4       0x80 CMakeFiles/Blutooh_test.dir/mnt/c/Users/efede/pico/pico-sdk/src/rp2_common/pico_float/float_init_rom.c.obj
                                         0x84 (size before relaxing)
 .rodata.__func__.0
                0x0000000010005254       0x13 CMakeFiles/Blutooh_test.dir/mnt/c/Users/efede/pico/pico-sdk/src/rp2_common/pico_float/float_init_rom.c.obj
 *fill*         0x0000000010005267        0x1 
 .rodata.str1.4
                0x0000000010005268       0x48 CMakeFiles/Blutooh_test.dir/mnt/c/Users/efede/pico/pico-sdk/src/rp2_common/pico_standard_link/binary_info.c.obj
 .rodata.__bi_44
                0x00000000100052b0        0xc CMakeFiles/Blutooh_test.dir/mnt/c/Users/efede/pico/pico-sdk/src/rp2_common/pico_standard_link/binary_info.c.obj
 .rodata.__bi_56
                0x00000000100052bc        0xc CMakeFiles/Blutooh_test.dir/mnt/c/Users/efede/pico/pico-sdk/src/rp2_common/pico_standard_link/binary_info.c.obj
 .rodata.__bi_75
                0x00000000100052c8        0xc CMakeFiles/Blutooh_test.dir/mnt/c/Users/efede/pico/pico-sdk/src/rp2_common/pico_standard_link/binary_info.c.obj
 .rodata.__bi_81
                0x00000000100052d4        0xc CMakeFiles/Blutooh_test.dir/mnt/c/Users/efede/pico/pico-sdk/src/rp2_common/pico_standard_link/binary_info.c.obj
 .rodata.crlf_str.3
                0x00000000100052e0        0x2 CMakeFiles/Blutooh_test.dir/mnt/c/Users/efede/pico/pico-sdk/src/rp2_common/pico_stdio/stdio.c.obj
 *fill*         0x00000000100052e2        0x2 
 .rodata.str1.4
                0x00000000100052e4       0x2c CMakeFiles/Blutooh_test.dir/mnt/c/Users/efede/pico/pico-sdk/src/rp2_common/pico_stdio_uart/stdio_uart.c.obj
 .rodata.__bi_28.4
                0x0000000010005310        0xc CMakeFiles/Blutooh_test.dir/mnt/c/Users/efede/pico/pico-sdk/src/rp2_common/pico_stdio_uart/stdio_uart.c.obj
 .rodata.__bi_29.5
                0x000000001000531c        0x8 CMakeFiles/Blutooh_test.dir/mnt/c/Users/efede/pico/pico-sdk/src/rp2_common/pico_stdio_uart/stdio_uart.c.obj
                0x0000000010005324                . = ALIGN (0x4)
 *(SORT_BY_ALIGNMENT(SORT_BY_NAME(.flashdata*)))
                0x0000000010005324                . = ALIGN (0x4)

.rel.dyn        0x0000000010005324        0x0
 .rel.iplt      0x0000000010005324        0x0 /usr/lib/gcc/arm-none-eabi/10.3.1/thumb/v6-m/nofp/crtbegin.o

.ARM.extab
 *(.ARM.extab* .gnu.linkonce.armextab.*)
                0x0000000010005324                __exidx_start = .

.ARM.exidx
 *(.ARM.exidx* .gnu.linkonce.armexidx.*)
                0x0000000010005324                __exidx_end = .
                0x0000000010005324                . = ALIGN (0x4)
                0x0000000010005324                __binary_info_start = .

.binary_info    0x0000000010005324       0x28
 *(.binary_info.keep.*)
 .binary_info.keep.__bi_ptr22
                0x0000000010005324        0x4 CMakeFiles/Blutooh_test.dir/mnt/c/Users/efede/pico/pico-sdk/src/rp2_common/pico_standard_link/binary_info.c.obj
 .binary_info.keep.__bi_ptr30
                0x0000000010005328        0x4 CMakeFiles/Blutooh_test.dir/mnt/c/Users/efede/pico/pico-sdk/src/rp2_common/pico_standard_link/binary_info.c.obj
 .binary_info.keep.__bi_ptr38
                0x000000001000532c        0x4 CMakeFiles/Blutooh_test.dir/mnt/c/Users/efede/pico/pico-sdk/src/rp2_common/pico_standard_link/binary_info.c.obj
 .binary_info.keep.__bi_ptr44
                0x0000000010005330        0x4 CMakeFiles/Blutooh_test.dir/mnt/c/Users/efede/pico/pico-sdk/src/rp2_common/pico_standard_link/binary_info.c.obj
 .binary_info.keep.__bi_ptr50
                0x0000000010005334        0x4 CMakeFiles/Blutooh_test.dir/mnt/c/Users/efede/pico/pico-sdk/src/rp2_common/pico_standard_link/binary_info.c.obj
 .binary_info.keep.__bi_ptr56
                0x0000000010005338        0x4 CMakeFiles/Blutooh_test.dir/mnt/c/Users/efede/pico/pico-sdk/src/rp2_common/pico_standard_link/binary_info.c.obj
 .binary_info.keep.__bi_ptr75
                0x000000001000533c        0x4 CMakeFiles/Blutooh_test.dir/mnt/c/Users/efede/pico/pico-sdk/src/rp2_common/pico_standard_link/binary_info.c.obj
 .binary_info.keep.__bi_ptr81
                0x0000000010005340        0x4 CMakeFiles/Blutooh_test.dir/mnt/c/Users/efede/pico/pico-sdk/src/rp2_common/pico_standard_link/binary_info.c.obj
 *(.binary_info.*)
 .binary_info.__bi_ptr28
                0x0000000010005344        0x4 CMakeFiles/Blutooh_test.dir/mnt/c/Users/efede/pico/pico-sdk/src/rp2_common/pico_stdio_uart/stdio_uart.c.obj
 .binary_info.__bi_ptr29
                0x0000000010005348        0x4 CMakeFiles/Blutooh_test.dir/mnt/c/Users/efede/pico/pico-sdk/src/rp2_common/pico_stdio_uart/stdio_uart.c.obj
                0x000000001000534c                __binary_info_end = .
                0x000000001000534c                . = ALIGN (0x4)
                0x000000001000534c                __etext = .

.ram_vector_table
                0x0000000020000000       0xc0
 *(.ram_vector_table)
 .ram_vector_table
                0x0000000020000000       0xc0 CMakeFiles/Blutooh_test.dir/mnt/c/Users/efede/pico/pico-sdk/src/rp2_common/pico_runtime/runtime.c.obj
                0x0000000020000000                ram_vector_table

.data           0x00000000200000c0      0x1c0 load address 0x000000001000534c
                0x00000000200000c0                __data_start__ = .
 *(vtable)
 *(.time_critical*)
 .time_critical.mutex_enter_blocking
                0x00000000200000c0       0x48 CMakeFiles/Blutooh_test.dir/mnt/c/Users/efede/pico/pico-sdk/src/common/pico_sync/mutex.c.obj
                0x00000000200000c0                mutex_enter_blocking
 .time_critical.mutex_try_enter
                0x0000000020000108       0x46 CMakeFiles/Blutooh_test.dir/mnt/c/Users/efede/pico/pico-sdk/src/common/pico_sync/mutex.c.obj
                0x0000000020000108                mutex_try_enter
 *fill*         0x000000002000014e        0x2 
 .time_critical.mutex_exit
                0x0000000020000150       0x4c CMakeFiles/Blutooh_test.dir/mnt/c/Users/efede/pico/pico-sdk/src/common/pico_sync/mutex.c.obj
                0x0000000020000150                mutex_exit
 *(.text*)
 .text          0x000000002000019c        0x4 /usr/lib/gcc/arm-none-eabi/10.3.1/thumb/v6-m/nofp/libgcc.a(_dvmd_tls.o)
                0x000000002000019c                __aeabi_ldiv0
                0x000000002000019c                __aeabi_idiv0
 .text.__stub   0x00000000200001a0       0x10 linker stubs
                0x00000000200001b0                . = ALIGN (0x4)
 *(.rodata*)
                0x00000000200001b0                . = ALIGN (0x4)
 *(.data*)
 .data.striped_spin_lock_num
                0x00000000200001b0        0x1 CMakeFiles/Blutooh_test.dir/mnt/c/Users/efede/pico/pico-sdk/src/rp2_common/hardware_sync/sync.c.obj
 *fill*         0x00000000200001b1        0x3 
 .data.default_alarm_pool
                0x00000000200001b4       0x18 CMakeFiles/Blutooh_test.dir/mnt/c/Users/efede/pico/pico-sdk/src/common/pico_time/time.c.obj
 .data.default_alarm_pool_heap
                0x00000000200001cc       0x10 CMakeFiles/Blutooh_test.dir/mnt/c/Users/efede/pico/pico-sdk/src/common/pico_time/time.c.obj
 .data          0x00000000200001dc       0x48 CMakeFiles/Blutooh_test.dir/mnt/c/Users/efede/pico/pico-sdk/src/rp2_common/hardware_irq/irq_handler_chain.S.obj
                0x00000000200001dc                irq_handler_chain_slots
                0x000000002000020c                irq_handler_chain_first_slot
                0x0000000020000216                irq_handler_chain_remove_tail
 *fill*         0x0000000020000224        0xc 
 .data.aeabi_bits_funcs
                0x0000000020000230       0x10 CMakeFiles/Blutooh_test.dir/mnt/c/Users/efede/pico/pico-sdk/src/rp2_common/pico_bit_ops/bit_ops_aeabi.S.obj
                0x0000000020000230                aeabi_bits_funcs
                0x0000000020000240                aeabi_bits_funcs_end
 .data.aeabi_mem_funcs
                0x0000000020000240       0x10 CMakeFiles/Blutooh_test.dir/mnt/c/Users/efede/pico/pico-sdk/src/rp2_common/pico_mem_ops/mem_ops_aeabi.S.obj
                0x0000000020000240                aeabi_mem_funcs
                0x0000000020000250                aeabi_mem_funcs_end
 .data.stdio_uart
                0x0000000020000250       0x14 CMakeFiles/Blutooh_test.dir/mnt/c/Users/efede/pico/pico-sdk/src/rp2_common/pico_stdio_uart/stdio_uart.c.obj
                0x0000000020000250                stdio_uart
                0x0000000020000264                . = ALIGN (0x4)
 *(.after_data.*)
                0x0000000020000264                . = ALIGN (0x4)
                0x0000000020000264                PROVIDE (__mutex_array_start = .)
 *(SORT_BY_NAME(.mutex_array.*))
 *(.mutex_array)
 .mutex_array   0x0000000020000264        0x8 CMakeFiles/Blutooh_test.dir/mnt/c/Users/efede/pico/pico-sdk/src/rp2_common/pico_stdio/stdio.c.obj
                0x000000002000026c                PROVIDE (__mutex_array_end = .)
                0x000000002000026c                . = ALIGN (0x4)
                0x000000002000026c                PROVIDE (__preinit_array_start = .)
 *(SORT_BY_NAME(.preinit_array.*))
 .preinit_array.00001
                0x000000002000026c        0x4 CMakeFiles/Blutooh_test.dir/mnt/c/Users/efede/pico/pico-sdk/src/rp2_common/pico_mem_ops/mem_ops_aeabi.S.obj
 .preinit_array.00010
                0x0000000020000270        0x4 CMakeFiles/Blutooh_test.dir/mnt/c/Users/efede/pico/pico-sdk/src/rp2_common/pico_bit_ops/bit_ops_aeabi.S.obj
 .preinit_array.00020
                0x0000000020000274        0x4 CMakeFiles/Blutooh_test.dir/mnt/c/Users/efede/pico/pico-sdk/src/rp2_common/pico_double/double_aeabi.S.obj
 .preinit_array.00020
                0x0000000020000278        0x4 CMakeFiles/Blutooh_test.dir/mnt/c/Users/efede/pico/pico-sdk/src/rp2_common/pico_float/float_aeabi.S.obj
 *(.preinit_array)
                0x000000002000027c                PROVIDE (__preinit_array_end = .)
                0x000000002000027c                . = ALIGN (0x4)
                0x000000002000027c                PROVIDE (__init_array_start = .)
 *(SORT_BY_NAME(.init_array.*))
 *(.init_array)
 .init_array    0x000000002000027c        0x4 /usr/lib/gcc/arm-none-eabi/10.3.1/thumb/v6-m/nofp/crtbegin.o
                0x0000000020000280                PROVIDE (__init_array_end = .)
                0x0000000020000280                . = ALIGN (0x4)
                0x0000000020000280                PROVIDE (__fini_array_start = .)
 *(SORT_BY_NAME(.fini_array.*))
 *(.fini_array)
                0x0000000020000280                PROVIDE (__fini_array_end = .)
 *(.jcr)
                0x0000000020000280                . = ALIGN (0x4)
                0x0000000020000280                __data_end__ = .

.tm_clone_table
                0x0000000020000280        0x0 load address 0x000000001000550c
 .tm_clone_table
                0x0000000020000280        0x0 /usr/lib/gcc/arm-none-eabi/10.3.1/thumb/v6-m/nofp/crtbegin.o
 .tm_clone_table
                0x0000000020000280        0x0 /usr/lib/gcc/arm-none-eabi/10.3.1/thumb/v6-m/nofp/crtend.o

.igot.plt       0x0000000020000280        0x0 load address 0x000000001000550c
 .igot.plt      0x0000000020000280        0x0 /usr/lib/gcc/arm-none-eabi/10.3.1/thumb/v6-m/nofp/crtbegin.o

.uninitialized_data
                0x0000000020000280        0x0 load address 0x000000001000550c
                0x0000000020000280                . = ALIGN (0x4)
 *(.uninitialized_data*)

.scratch_x      0x0000000020040000        0x0 load address 0x000000001000550c
                0x0000000020040000                __scratch_x_start__ = .
 *(.scratch_x.*)
                0x0000000020040000                . = ALIGN (0x4)
                0x0000000020040000                __scratch_x_end__ = .
                0x000000001000550c                __scratch_x_source__ = LOADADDR (.scratch_x)

.scratch_y      0x0000000020041000        0x0 load address 0x000000001000550c
                0x0000000020041000                __scratch_y_start__ = .
 *(.scratch_y.*)
                0x0000000020041000                . = ALIGN (0x4)
                0x0000000020041000                __scratch_y_end__ = .
                0x000000001000550c                __scratch_y_source__ = LOADADDR (.scratch_y)

.bss            0x0000000020000280      0x3d0
                0x0000000020000280                . = ALIGN (0x4)
                0x0000000020000280                __bss_start__ = .
 *(SORT_BY_ALIGNMENT(SORT_BY_NAME(.bss*)))
 .bss.default_alarm_pool_entries
                0x0000000020000280      0x100 CMakeFiles/Blutooh_test.dir/mnt/c/Users/efede/pico/pico-sdk/src/common/pico_time/time.c.obj
 .bss           0x0000000020000380       0x1c /usr/lib/gcc/arm-none-eabi/10.3.1/thumb/v6-m/nofp/crtbegin.o
 .bss.alarm_callbacks
                0x000000002000039c       0x10 CMakeFiles/Blutooh_test.dir/mnt/c/Users/efede/pico/pico-sdk/src/rp2_common/hardware_timer/timer.c.obj
 .bss.configured_freq
                0x00000000200003ac       0x28 CMakeFiles/Blutooh_test.dir/mnt/c/Users/efede/pico/pico-sdk/src/rp2_common/hardware_clocks/clocks.c.obj
 .bss.default_alarm_pool_entry_ids_high
                0x00000000200003d4       0x10 CMakeFiles/Blutooh_test.dir/mnt/c/Users/efede/pico/pico-sdk/src/common/pico_time/time.c.obj
 .bss.default_alarm_pool_heap_nodes
                0x00000000200003e4       0x30 CMakeFiles/Blutooh_test.dir/mnt/c/Users/efede/pico/pico-sdk/src/common/pico_time/time.c.obj
 .bss.drivers   0x0000000020000414        0x4 CMakeFiles/Blutooh_test.dir/mnt/c/Users/efede/pico/pico-sdk/src/rp2_common/pico_stdio/stdio.c.obj
 .bss.filter    0x0000000020000418        0x4 CMakeFiles/Blutooh_test.dir/mnt/c/Users/efede/pico/pico-sdk/src/rp2_common/pico_stdio/stdio.c.obj
 .bss.pools     0x000000002000041c       0x10 CMakeFiles/Blutooh_test.dir/mnt/c/Users/efede/pico/pico-sdk/src/common/pico_time/time.c.obj
 .bss.sd_table  0x000000002000042c      0x100 CMakeFiles/Blutooh_test.dir/mnt/c/Users/efede/pico/pico-sdk/src/rp2_common/pico_double/double_init_rom.c.obj
                0x000000002000042c                sd_table
 .bss.sf_clz_func
                0x000000002000052c        0x4 CMakeFiles/Blutooh_test.dir/mnt/c/Users/efede/pico/pico-sdk/src/rp2_common/pico_double/double_init_rom.c.obj
                0x000000002000052c                sf_clz_func
 .bss.sf_table  0x0000000020000530      0x100 CMakeFiles/Blutooh_test.dir/mnt/c/Users/efede/pico/pico-sdk/src/rp2_common/pico_float/float_init_rom.c.obj
                0x0000000020000530                sf_table
 .bss.sleep_notifier
                0x0000000020000630        0x4 CMakeFiles/Blutooh_test.dir/mnt/c/Users/efede/pico/pico-sdk/src/common/pico_time/time.c.obj
 .bss.target_hi
                0x0000000020000634       0x10 CMakeFiles/Blutooh_test.dir/mnt/c/Users/efede/pico/pico-sdk/src/rp2_common/hardware_timer/timer.c.obj
 .bss.uart_char_to_line_feed
                0x0000000020000644        0x4 CMakeFiles/Blutooh_test.dir/mnt/c/Users/efede/pico/pico-sdk/src/rp2_common/hardware_uart/uart.c.obj
                0x0000000020000644                uart_char_to_line_feed
 .bss.uart_instance
                0x0000000020000648        0x4 CMakeFiles/Blutooh_test.dir/mnt/c/Users/efede/pico/pico-sdk/src/rp2_common/pico_stdio_uart/stdio_uart.c.obj
 .bss.claimed   0x000000002000064c        0x1 CMakeFiles/Blutooh_test.dir/mnt/c/Users/efede/pico/pico-sdk/src/rp2_common/hardware_timer/timer.c.obj
 .bss.irq_hander_chain_free_slot_head
                0x000000002000064d        0x1 CMakeFiles/Blutooh_test.dir/mnt/c/Users/efede/pico/pico-sdk/src/rp2_common/hardware_irq/irq.c.obj
 .bss.timer_callbacks_pending
                0x000000002000064e        0x1 CMakeFiles/Blutooh_test.dir/mnt/c/Users/efede/pico/pico-sdk/src/rp2_common/hardware_timer/timer.c.obj
 *(COMMON)
                0x0000000020000650                . = ALIGN (0x4)
 *fill*         0x000000002000064f        0x1 
                0x0000000020000650                __bss_end__ = .

.heap           0x0000000020000650      0x800
                0x0000000020000650                __end__ = .
                0x0000000020000650                end = __end__
 *(.heap*)
 .heap          0x0000000020000650      0x800 CMakeFiles/Blutooh_test.dir/mnt/c/Users/efede/pico/pico-sdk/src/rp2_common/pico_standard_link/crt0.S.obj
                0x0000000020000e50                __HeapLimit = .

.stack1_dummy   0x0000000020040000        0x0
 *(.stack1*)

.stack_dummy    0x0000000020041000      0x800
 *(.stack*)
 .stack         0x0000000020041000      0x800 CMakeFiles/Blutooh_test.dir/mnt/c/Users/efede/pico/pico-sdk/src/rp2_common/pico_standard_link/crt0.S.obj

.flash_end      0x000000001000550c        0x0
                0x000000001000550c                __flash_binary_end = .
                0x0000000020040000                __StackLimit = (ORIGIN (RAM) + LENGTH (RAM))
                0x0000000020041000                __StackOneTop = (ORIGIN (SCRATCH_X) + LENGTH (SCRATCH_X))
                0x0000000020042000                __StackTop = (ORIGIN (SCRATCH_Y) + LENGTH (SCRATCH_Y))
                0x0000000020041000                __StackOneBottom = (__StackOneTop - SIZEOF (.stack1_dummy))
                0x0000000020041800                __StackBottom = (__StackTop - SIZEOF (.stack_dummy))
                0x0000000020042000                PROVIDE (__stack = __StackTop)
                0x0000000000000001                ASSERT ((__StackLimit >= __HeapLimit), region RAM overflowed)
                0x0000000000000001                ASSERT (((__binary_info_header_end - __logical_binary_start) <= 0x100), Binary info must be in first 256 bytes of the binary)
LOAD CMakeFiles/Blutooh_test.dir/Blutooh_test.c.obj
LOAD CMakeFiles/Blutooh_test.dir/mnt/c/Users/efede/pico/pico-sdk/src/rp2_common/pico_stdlib/stdlib.c.obj
LOAD CMakeFiles/Blutooh_test.dir/mnt/c/Users/efede/pico/pico-sdk/src/rp2_common/hardware_gpio/gpio.c.obj
LOAD CMakeFiles/Blutooh_test.dir/mnt/c/Users/efede/pico/pico-sdk/src/rp2_common/hardware_claim/claim.c.obj
LOAD CMakeFiles/Blutooh_test.dir/mnt/c/Users/efede/pico/pico-sdk/src/rp2_common/pico_platform/platform.c.obj
LOAD CMakeFiles/Blutooh_test.dir/mnt/c/Users/efede/pico/pico-sdk/src/rp2_common/hardware_sync/sync.c.obj
LOAD CMakeFiles/Blutooh_test.dir/mnt/c/Users/efede/pico/pico-sdk/src/rp2_common/hardware_uart/uart.c.obj
LOAD CMakeFiles/Blutooh_test.dir/mnt/c/Users/efede/pico/pico-sdk/src/rp2_common/hardware_divider/divider.S.obj
LOAD CMakeFiles/Blutooh_test.dir/mnt/c/Users/efede/pico/pico-sdk/src/common/pico_time/time.c.obj
LOAD CMakeFiles/Blutooh_test.dir/mnt/c/Users/efede/pico/pico-sdk/src/common/pico_time/timeout_helper.c.obj
LOAD CMakeFiles/Blutooh_test.dir/mnt/c/Users/efede/pico/pico-sdk/src/rp2_common/hardware_timer/timer.c.obj
LOAD CMakeFiles/Blutooh_test.dir/mnt/c/Users/efede/pico/pico-sdk/src/common/pico_sync/sem.c.obj
LOAD CMakeFiles/Blutooh_test.dir/mnt/c/Users/efede/pico/pico-sdk/src/common/pico_sync/lock_core.c.obj
LOAD CMakeFiles/Blutooh_test.dir/mnt/c/Users/efede/pico/pico-sdk/src/common/pico_sync/mutex.c.obj
LOAD CMakeFiles/Blutooh_test.dir/mnt/c/Users/efede/pico/pico-sdk/src/common/pico_sync/critical_section.c.obj
LOAD CMakeFiles/Blutooh_test.dir/mnt/c/Users/efede/pico/pico-sdk/src/common/pico_util/datetime.c.obj
LOAD CMakeFiles/Blutooh_test.dir/mnt/c/Users/efede/pico/pico-sdk/src/common/pico_util/pheap.c.obj
LOAD CMakeFiles/Blutooh_test.dir/mnt/c/Users/efede/pico/pico-sdk/src/common/pico_util/queue.c.obj
LOAD CMakeFiles/Blutooh_test.dir/mnt/c/Users/efede/pico/pico-sdk/src/rp2_common/pico_runtime/runtime.c.obj
LOAD CMakeFiles/Blutooh_test.dir/mnt/c/Users/efede/pico/pico-sdk/src/rp2_common/hardware_clocks/clocks.c.obj
LOAD CMakeFiles/Blutooh_test.dir/mnt/c/Users/efede/pico/pico-sdk/src/rp2_common/hardware_irq/irq.c.obj
LOAD CMakeFiles/Blutooh_test.dir/mnt/c/Users/efede/pico/pico-sdk/src/rp2_common/hardware_irq/irq_handler_chain.S.obj
LOAD CMakeFiles/Blutooh_test.dir/mnt/c/Users/efede/pico/pico-sdk/src/rp2_common/hardware_pll/pll.c.obj
LOAD CMakeFiles/Blutooh_test.dir/mnt/c/Users/efede/pico/pico-sdk/src/rp2_common/hardware_vreg/vreg.c.obj
LOAD CMakeFiles/Blutooh_test.dir/mnt/c/Users/efede/pico/pico-sdk/src/rp2_common/hardware_watchdog/watchdog.c.obj
LOAD CMakeFiles/Blutooh_test.dir/mnt/c/Users/efede/pico/pico-sdk/src/rp2_common/hardware_xosc/xosc.c.obj
LOAD CMakeFiles/Blutooh_test.dir/mnt/c/Users/efede/pico/pico-sdk/src/rp2_common/pico_printf/printf.c.obj
LOAD CMakeFiles/Blutooh_test.dir/mnt/c/Users/efede/pico/pico-sdk/src/rp2_common/pico_bit_ops/bit_ops_aeabi.S.obj
LOAD CMakeFiles/Blutooh_test.dir/mnt/c/Users/efede/pico/pico-sdk/src/rp2_common/pico_bootrom/bootrom.c.obj
LOAD CMakeFiles/Blutooh_test.dir/mnt/c/Users/efede/pico/pico-sdk/src/rp2_common/pico_divider/divider.S.obj
LOAD CMakeFiles/Blutooh_test.dir/mnt/c/Users/efede/pico/pico-sdk/src/rp2_common/pico_double/double_aeabi.S.obj
LOAD CMakeFiles/Blutooh_test.dir/mnt/c/Users/efede/pico/pico-sdk/src/rp2_common/pico_double/double_init_rom.c.obj
LOAD CMakeFiles/Blutooh_test.dir/mnt/c/Users/efede/pico/pico-sdk/src/rp2_common/pico_double/double_math.c.obj
LOAD CMakeFiles/Blutooh_test.dir/mnt/c/Users/efede/pico/pico-sdk/src/rp2_common/pico_double/double_v1_rom_shim.S.obj
LOAD CMakeFiles/Blutooh_test.dir/mnt/c/Users/efede/pico/pico-sdk/src/rp2_common/pico_int64_ops/pico_int64_ops_aeabi.S.obj
LOAD CMakeFiles/Blutooh_test.dir/mnt/c/Users/efede/pico/pico-sdk/src/rp2_common/pico_float/float_aeabi.S.obj
LOAD CMakeFiles/Blutooh_test.dir/mnt/c/Users/efede/pico/pico-sdk/src/rp2_common/pico_float/float_init_rom.c.obj
LOAD CMakeFiles/Blutooh_test.dir/mnt/c/Users/efede/pico/pico-sdk/src/rp2_common/pico_float/float_math.c.obj
LOAD CMakeFiles/Blutooh_test.dir/mnt/c/Users/efede/pico/pico-sdk/src/rp2_common/pico_float/float_v1_rom_shim.S.obj
LOAD CMakeFiles/Blutooh_test.dir/mnt/c/Users/efede/pico/pico-sdk/src/rp2_common/pico_malloc/pico_malloc.c.obj
LOAD CMakeFiles/Blutooh_test.dir/mnt/c/Users/efede/pico/pico-sdk/src/rp2_common/pico_mem_ops/mem_ops_aeabi.S.obj
LOAD CMakeFiles/Blutooh_test.dir/mnt/c/Users/efede/pico/pico-sdk/src/rp2_common/pico_standard_link/crt0.S.obj
LOAD CMakeFiles/Blutooh_test.dir/mnt/c/Users/efede/pico/pico-sdk/src/rp2_common/pico_standard_link/new_delete.cpp.obj
LOAD CMakeFiles/Blutooh_test.dir/mnt/c/Users/efede/pico/pico-sdk/src/rp2_common/pico_standard_link/binary_info.c.obj
LOAD CMakeFiles/Blutooh_test.dir/mnt/c/Users/efede/pico/pico-sdk/src/rp2_common/pico_stdio/stdio.c.obj
LOAD CMakeFiles/Blutooh_test.dir/mnt/c/Users/efede/pico/pico-sdk/src/rp2_common/pico_stdio_uart/stdio_uart.c.obj
LOAD /tmp/ccx3CfhU.o
LOAD /usr/lib/gcc/arm-none-eabi/10.3.1/../../../arm-none-eabi/lib/thumb/v6-m/nofp/libstdc++.a
LOAD /usr/lib/gcc/arm-none-eabi/10.3.1/../../../arm-none-eabi/lib/thumb/v6-m/nofp/libm.a
START GROUP
LOAD /usr/lib/gcc/arm-none-eabi/10.3.1/thumb/v6-m/nofp/libgcc.a
LOAD /usr/lib/gcc/arm-none-eabi/10.3.1/../../../arm-none-eabi/lib/thumb/v6-m/nofp/libg.a
LOAD /usr/lib/gcc/arm-none-eabi/10.3.1/../../../arm-none-eabi/lib/thumb/v6-m/nofp/libc.a
END GROUP
START GROUP
LOAD /usr/lib/gcc/arm-none-eabi/10.3.1/thumb/v6-m/nofp/libgcc.a
LOAD /usr/lib/gcc/arm-none-eabi/10.3.1/../../../arm-none-eabi/lib/thumb/v6-m/nofp/libc.a
LOAD /usr/lib/gcc/arm-none-eabi/10.3.1/../../../arm-none-eabi/lib/thumb/v6-m/nofp/libnosys.a
END GROUP
LOAD /usr/lib/gcc/arm-none-eabi/10.3.1/thumb/v6-m/nofp/crtend.o
LOAD /usr/lib/gcc/arm-none-eabi/10.3.1/thumb/v6-m/nofp/crtn.o
OUTPUT(Blutooh_test.elf elf32-littlearm)
LOAD linker stubs

.ARM.attributes
                0x0000000000000000       0x28
 .ARM.attributes
                0x0000000000000000       0x1e /usr/lib/gcc/arm-none-eabi/10.3.1/thumb/v6-m/nofp/crti.o
 .ARM.attributes
                0x000000000000001e       0x2c /usr/lib/gcc/arm-none-eabi/10.3.1/thumb/v6-m/nofp/crtbegin.o
 .ARM.attributes
                0x000000000000004a       0x2c CMakeFiles/Blutooh_test.dir/Blutooh_test.c.obj
 .ARM.attributes
                0x0000000000000076       0x2c CMakeFiles/Blutooh_test.dir/mnt/c/Users/efede/pico/pico-sdk/src/rp2_common/hardware_gpio/gpio.c.obj
 .ARM.attributes
                0x00000000000000a2       0x2c CMakeFiles/Blutooh_test.dir/mnt/c/Users/efede/pico/pico-sdk/src/rp2_common/hardware_claim/claim.c.obj
 .ARM.attributes
                0x00000000000000ce       0x2c CMakeFiles/Blutooh_test.dir/mnt/c/Users/efede/pico/pico-sdk/src/rp2_common/pico_platform/platform.c.obj
 .ARM.attributes
                0x00000000000000fa       0x2c CMakeFiles/Blutooh_test.dir/mnt/c/Users/efede/pico/pico-sdk/src/rp2_common/hardware_sync/sync.c.obj
 .ARM.attributes
                0x0000000000000126       0x2c CMakeFiles/Blutooh_test.dir/mnt/c/Users/efede/pico/pico-sdk/src/rp2_common/hardware_uart/uart.c.obj
 .ARM.attributes
                0x0000000000000152       0x2c CMakeFiles/Blutooh_test.dir/mnt/c/Users/efede/pico/pico-sdk/src/common/pico_time/time.c.obj
 .ARM.attributes
                0x000000000000017e       0x2c CMakeFiles/Blutooh_test.dir/mnt/c/Users/efede/pico/pico-sdk/src/rp2_common/hardware_timer/timer.c.obj
 .ARM.attributes
                0x00000000000001aa       0x2c CMakeFiles/Blutooh_test.dir/mnt/c/Users/efede/pico/pico-sdk/src/common/pico_sync/lock_core.c.obj
 .ARM.attributes
                0x00000000000001d6       0x2c CMakeFiles/Blutooh_test.dir/mnt/c/Users/efede/pico/pico-sdk/src/common/pico_sync/mutex.c.obj
 .ARM.attributes
                0x0000000000000202       0x2c CMakeFiles/Blutooh_test.dir/mnt/c/Users/efede/pico/pico-sdk/src/common/pico_util/pheap.c.obj
 .ARM.attributes
                0x000000000000022e       0x2c CMakeFiles/Blutooh_test.dir/mnt/c/Users/efede/pico/pico-sdk/src/rp2_common/pico_runtime/runtime.c.obj
 .ARM.attributes
                0x000000000000025a       0x2c CMakeFiles/Blutooh_test.dir/mnt/c/Users/efede/pico/pico-sdk/src/rp2_common/hardware_clocks/clocks.c.obj
 .ARM.attributes
                0x0000000000000286       0x2c CMakeFiles/Blutooh_test.dir/mnt/c/Users/efede/pico/pico-sdk/src/rp2_common/hardware_irq/irq.c.obj
 .ARM.attributes
                0x00000000000002b2       0x22 CMakeFiles/Blutooh_test.dir/mnt/c/Users/efede/pico/pico-sdk/src/rp2_common/hardware_irq/irq_handler_chain.S.obj
 .ARM.attributes
                0x00000000000002d4       0x2c CMakeFiles/Blutooh_test.dir/mnt/c/Users/efede/pico/pico-sdk/src/rp2_common/hardware_pll/pll.c.obj
 .ARM.attributes
                0x0000000000000300       0x2c CMakeFiles/Blutooh_test.dir/mnt/c/Users/efede/pico/pico-sdk/src/rp2_common/hardware_watchdog/watchdog.c.obj
 .ARM.attributes
                0x000000000000032c       0x2c CMakeFiles/Blutooh_test.dir/mnt/c/Users/efede/pico/pico-sdk/src/rp2_common/hardware_xosc/xosc.c.obj
 .ARM.attributes
                0x0000000000000358       0x2c CMakeFiles/Blutooh_test.dir/mnt/c/Users/efede/pico/pico-sdk/src/rp2_common/pico_printf/printf.c.obj
 .ARM.attributes
                0x0000000000000384       0x22 CMakeFiles/Blutooh_test.dir/mnt/c/Users/efede/pico/pico-sdk/src/rp2_common/pico_bit_ops/bit_ops_aeabi.S.obj
 .ARM.attributes
                0x00000000000003a6       0x2c CMakeFiles/Blutooh_test.dir/mnt/c/Users/efede/pico/pico-sdk/src/rp2_common/pico_bootrom/bootrom.c.obj
 .ARM.attributes
                0x00000000000003d2       0x22 CMakeFiles/Blutooh_test.dir/mnt/c/Users/efede/pico/pico-sdk/src/rp2_common/pico_divider/divider.S.obj
 .ARM.attributes
                0x00000000000003f4       0x22 CMakeFiles/Blutooh_test.dir/mnt/c/Users/efede/pico/pico-sdk/src/rp2_common/pico_double/double_aeabi.S.obj
 .ARM.attributes
                0x0000000000000416       0x2c CMakeFiles/Blutooh_test.dir/mnt/c/Users/efede/pico/pico-sdk/src/rp2_common/pico_double/double_init_rom.c.obj
 .ARM.attributes
                0x0000000000000442       0x22 CMakeFiles/Blutooh_test.dir/mnt/c/Users/efede/pico/pico-sdk/src/rp2_common/pico_double/double_v1_rom_shim.S.obj
 .ARM.attributes
                0x0000000000000464       0x22 CMakeFiles/Blutooh_test.dir/mnt/c/Users/efede/pico/pico-sdk/src/rp2_common/pico_int64_ops/pico_int64_ops_aeabi.S.obj
 .ARM.attributes
                0x0000000000000486       0x22 CMakeFiles/Blutooh_test.dir/mnt/c/Users/efede/pico/pico-sdk/src/rp2_common/pico_float/float_aeabi.S.obj
 .ARM.attributes
                0x00000000000004a8       0x2c CMakeFiles/Blutooh_test.dir/mnt/c/Users/efede/pico/pico-sdk/src/rp2_common/pico_float/float_init_rom.c.obj
 .ARM.attributes
                0x00000000000004d4       0x22 CMakeFiles/Blutooh_test.dir/mnt/c/Users/efede/pico/pico-sdk/src/rp2_common/pico_float/float_v1_rom_shim.S.obj
 .ARM.attributes
                0x00000000000004f6       0x22 CMakeFiles/Blutooh_test.dir/mnt/c/Users/efede/pico/pico-sdk/src/rp2_common/pico_mem_ops/mem_ops_aeabi.S.obj
 .ARM.attributes
                0x0000000000000518       0x22 CMakeFiles/Blutooh_test.dir/mnt/c/Users/efede/pico/pico-sdk/src/rp2_common/pico_standard_link/crt0.S.obj
 .ARM.attributes
                0x000000000000053a       0x32 CMakeFiles/Blutooh_test.dir/mnt/c/Users/efede/pico/pico-sdk/src/rp2_common/pico_standard_link/binary_info.c.obj
 .ARM.attributes
                0x000000000000056c       0x2c CMakeFiles/Blutooh_test.dir/mnt/c/Users/efede/pico/pico-sdk/src/rp2_common/pico_stdio/stdio.c.obj
 .ARM.attributes
                0x0000000000000598       0x2c CMakeFiles/Blutooh_test.dir/mnt/c/Users/efede/pico/pico-sdk/src/rp2_common/pico_stdio_uart/stdio_uart.c.obj
 .ARM.attributes
                0x00000000000005c4       0x22 /tmp/ccx3CfhU.o
 .ARM.attributes
                0x00000000000005e6       0x1e /usr/lib/gcc/arm-none-eabi/10.3.1/thumb/v6-m/nofp/libgcc.a(_dvmd_tls.o)
 .ARM.attributes
                0x0000000000000604       0x2c /usr/lib/gcc/arm-none-eabi/10.3.1/../../../arm-none-eabi/lib/thumb/v6-m/nofp/libg.a(lib_a-strlen-stub.o)
 .ARM.attributes
                0x0000000000000630       0x2c /usr/lib/gcc/arm-none-eabi/10.3.1/thumb/v6-m/nofp/crtend.o

.comment        0x0000000000000000       0x33
 .comment       0x0000000000000000       0x33 /usr/lib/gcc/arm-none-eabi/10.3.1/thumb/v6-m/nofp/crtbegin.o
                                         0x34 (size before relaxing)
 .comment       0x0000000000000033       0x34 CMakeFiles/Blutooh_test.dir/Blutooh_test.c.obj
 .comment       0x0000000000000033       0x34 CMakeFiles/Blutooh_test.dir/mnt/c/Users/efede/pico/pico-sdk/src/rp2_common/hardware_gpio/gpio.c.obj
 .comment       0x0000000000000033       0x34 CMakeFiles/Blutooh_test.dir/mnt/c/Users/efede/pico/pico-sdk/src/rp2_common/hardware_claim/claim.c.obj
 .comment       0x0000000000000033       0x34 CMakeFiles/Blutooh_test.dir/mnt/c/Users/efede/pico/pico-sdk/src/rp2_common/pico_platform/platform.c.obj
 .comment       0x0000000000000033       0x34 CMakeFiles/Blutooh_test.dir/mnt/c/Users/efede/pico/pico-sdk/src/rp2_common/hardware_sync/sync.c.obj
 .comment       0x0000000000000033       0x34 CMakeFiles/Blutooh_test.dir/mnt/c/Users/efede/pico/pico-sdk/src/rp2_common/hardware_uart/uart.c.obj
 .comment       0x0000000000000033       0x34 CMakeFiles/Blutooh_test.dir/mnt/c/Users/efede/pico/pico-sdk/src/common/pico_time/time.c.obj
 .comment       0x0000000000000033       0x34 CMakeFiles/Blutooh_test.dir/mnt/c/Users/efede/pico/pico-sdk/src/rp2_common/hardware_timer/timer.c.obj
 .comment       0x0000000000000033       0x34 CMakeFiles/Blutooh_test.dir/mnt/c/Users/efede/pico/pico-sdk/src/common/pico_sync/lock_core.c.obj
 .comment       0x0000000000000033       0x34 CMakeFiles/Blutooh_test.dir/mnt/c/Users/efede/pico/pico-sdk/src/common/pico_sync/mutex.c.obj
 .comment       0x0000000000000033       0x34 CMakeFiles/Blutooh_test.dir/mnt/c/Users/efede/pico/pico-sdk/src/common/pico_util/pheap.c.obj
 .comment       0x0000000000000033       0x34 CMakeFiles/Blutooh_test.dir/mnt/c/Users/efede/pico/pico-sdk/src/rp2_common/pico_runtime/runtime.c.obj
 .comment       0x0000000000000033       0x34 CMakeFiles/Blutooh_test.dir/mnt/c/Users/efede/pico/pico-sdk/src/rp2_common/hardware_clocks/clocks.c.obj
 .comment       0x0000000000000033       0x34 CMakeFiles/Blutooh_test.dir/mnt/c/Users/efede/pico/pico-sdk/src/rp2_common/hardware_irq/irq.c.obj
 .comment       0x0000000000000033       0x34 CMakeFiles/Blutooh_test.dir/mnt/c/Users/efede/pico/pico-sdk/src/rp2_common/hardware_pll/pll.c.obj
 .comment       0x0000000000000033       0x34 CMakeFiles/Blutooh_test.dir/mnt/c/Users/efede/pico/pico-sdk/src/rp2_common/hardware_watchdog/watchdog.c.obj
 .comment       0x0000000000000033       0x34 CMakeFiles/Blutooh_test.dir/mnt/c/Users/efede/pico/pico-sdk/src/rp2_common/hardware_xosc/xosc.c.obj
 .comment       0x0000000000000033       0x34 CMakeFiles/Blutooh_test.dir/mnt/c/Users/efede/pico/pico-sdk/src/rp2_common/pico_printf/printf.c.obj
 .comment       0x0000000000000033       0x34 CMakeFiles/Blutooh_test.dir/mnt/c/Users/efede/pico/pico-sdk/src/rp2_common/pico_bootrom/bootrom.c.obj
 .comment       0x0000000000000033       0x34 CMakeFiles/Blutooh_test.dir/mnt/c/Users/efede/pico/pico-sdk/src/rp2_common/pico_double/double_init_rom.c.obj
 .comment       0x0000000000000033       0x34 CMakeFiles/Blutooh_test.dir/mnt/c/Users/efede/pico/pico-sdk/src/rp2_common/pico_float/float_init_rom.c.obj
 .comment       0x0000000000000033       0x34 CMakeFiles/Blutooh_test.dir/mnt/c/Users/efede/pico/pico-sdk/src/rp2_common/pico_standard_link/binary_info.c.obj
 .comment       0x0000000000000033       0x34 CMakeFiles/Blutooh_test.dir/mnt/c/Users/efede/pico/pico-sdk/src/rp2_common/pico_stdio/stdio.c.obj
 .comment       0x0000000000000033       0x34 CMakeFiles/Blutooh_test.dir/mnt/c/Users/efede/pico/pico-sdk/src/rp2_common/pico_stdio_uart/stdio_uart.c.obj
 .comment       0x0000000000000033       0x34 /usr/lib/gcc/arm-none-eabi/10.3.1/../../../arm-none-eabi/lib/thumb/v6-m/nofp/libg.a(lib_a-strlen-stub.o)
 .comment       0x0000000000000033       0x34 /usr/lib/gcc/arm-none-eabi/10.3.1/thumb/v6-m/nofp/crtend.o

.debug_info     0x0000000000000000    0x1394b
 .debug_info    0x0000000000000000      0x726 CMakeFiles/Blutooh_test.dir/Blutooh_test.c.obj
 .debug_info    0x0000000000000726     0x14ba CMakeFiles/Blutooh_test.dir/mnt/c/Users/efede/pico/pico-sdk/src/rp2_common/hardware_gpio/gpio.c.obj
 .debug_info    0x0000000000001be0      0x6a3 CMakeFiles/Blutooh_test.dir/mnt/c/Users/efede/pico/pico-sdk/src/rp2_common/hardware_claim/claim.c.obj
 .debug_info    0x0000000000002283      0x1cb CMakeFiles/Blutooh_test.dir/mnt/c/Users/efede/pico/pico-sdk/src/rp2_common/pico_platform/platform.c.obj
 .debug_info    0x000000000000244e      0x576 CMakeFiles/Blutooh_test.dir/mnt/c/Users/efede/pico/pico-sdk/src/rp2_common/hardware_sync/sync.c.obj
 .debug_info    0x00000000000029c4      0xb4d CMakeFiles/Blutooh_test.dir/mnt/c/Users/efede/pico/pico-sdk/src/rp2_common/hardware_uart/uart.c.obj
 .debug_info    0x0000000000003511     0x3aff CMakeFiles/Blutooh_test.dir/mnt/c/Users/efede/pico/pico-sdk/src/common/pico_time/time.c.obj
 .debug_info    0x0000000000007010     0x10f8 CMakeFiles/Blutooh_test.dir/mnt/c/Users/efede/pico/pico-sdk/src/rp2_common/hardware_timer/timer.c.obj
 .debug_info    0x0000000000008108      0x198 CMakeFiles/Blutooh_test.dir/mnt/c/Users/efede/pico/pico-sdk/src/common/pico_sync/lock_core.c.obj
 .debug_info    0x00000000000082a0     0x1ff2 CMakeFiles/Blutooh_test.dir/mnt/c/Users/efede/pico/pico-sdk/src/common/pico_sync/mutex.c.obj
 .debug_info    0x000000000000a292     0x120c CMakeFiles/Blutooh_test.dir/mnt/c/Users/efede/pico/pico-sdk/src/common/pico_util/pheap.c.obj
 .debug_info    0x000000000000b49e      0xa87 CMakeFiles/Blutooh_test.dir/mnt/c/Users/efede/pico/pico-sdk/src/rp2_common/pico_runtime/runtime.c.obj
 .debug_info    0x000000000000bf25      0xf3c CMakeFiles/Blutooh_test.dir/mnt/c/Users/efede/pico/pico-sdk/src/rp2_common/hardware_clocks/clocks.c.obj
 .debug_info    0x000000000000ce61     0x190b CMakeFiles/Blutooh_test.dir/mnt/c/Users/efede/pico/pico-sdk/src/rp2_common/hardware_irq/irq.c.obj
 .debug_info    0x000000000000e76c      0x503 CMakeFiles/Blutooh_test.dir/mnt/c/Users/efede/pico/pico-sdk/src/rp2_common/hardware_pll/pll.c.obj
 .debug_info    0x000000000000ec6f      0x4ee CMakeFiles/Blutooh_test.dir/mnt/c/Users/efede/pico/pico-sdk/src/rp2_common/hardware_watchdog/watchdog.c.obj
 .debug_info    0x000000000000f15d      0x1c0 CMakeFiles/Blutooh_test.dir/mnt/c/Users/efede/pico/pico-sdk/src/rp2_common/hardware_xosc/xosc.c.obj
 .debug_info    0x000000000000f31d     0x1a47 CMakeFiles/Blutooh_test.dir/mnt/c/Users/efede/pico/pico-sdk/src/rp2_common/pico_printf/printf.c.obj
 .debug_info    0x0000000000010d64       0x22 CMakeFiles/Blutooh_test.dir/mnt/c/Users/efede/pico/pico-sdk/src/rp2_common/pico_bit_ops/bit_ops_aeabi.S.obj
 .debug_info    0x0000000000010d86      0x258 CMakeFiles/Blutooh_test.dir/mnt/c/Users/efede/pico/pico-sdk/src/rp2_common/pico_bootrom/bootrom.c.obj
 .debug_info    0x0000000000010fde       0x22 CMakeFiles/Blutooh_test.dir/mnt/c/Users/efede/pico/pico-sdk/src/rp2_common/pico_divider/divider.S.obj
 .debug_info    0x0000000000011000       0x22 CMakeFiles/Blutooh_test.dir/mnt/c/Users/efede/pico/pico-sdk/src/rp2_common/pico_double/double_aeabi.S.obj
 .debug_info    0x0000000000011022      0x2a1 CMakeFiles/Blutooh_test.dir/mnt/c/Users/efede/pico/pico-sdk/src/rp2_common/pico_double/double_init_rom.c.obj
 .debug_info    0x00000000000112c3       0x22 CMakeFiles/Blutooh_test.dir/mnt/c/Users/efede/pico/pico-sdk/src/rp2_common/pico_double/double_v1_rom_shim.S.obj
 .debug_info    0x00000000000112e5       0x26 CMakeFiles/Blutooh_test.dir/mnt/c/Users/efede/pico/pico-sdk/src/rp2_common/pico_int64_ops/pico_int64_ops_aeabi.S.obj
 .debug_info    0x000000000001130b       0x22 CMakeFiles/Blutooh_test.dir/mnt/c/Users/efede/pico/pico-sdk/src/rp2_common/pico_float/float_aeabi.S.obj
 .debug_info    0x000000000001132d      0x2bb CMakeFiles/Blutooh_test.dir/mnt/c/Users/efede/pico/pico-sdk/src/rp2_common/pico_float/float_init_rom.c.obj
 .debug_info    0x00000000000115e8       0x22 CMakeFiles/Blutooh_test.dir/mnt/c/Users/efede/pico/pico-sdk/src/rp2_common/pico_float/float_v1_rom_shim.S.obj
 .debug_info    0x000000000001160a       0x22 CMakeFiles/Blutooh_test.dir/mnt/c/Users/efede/pico/pico-sdk/src/rp2_common/pico_mem_ops/mem_ops_aeabi.S.obj
 .debug_info    0x000000000001162c       0x22 CMakeFiles/Blutooh_test.dir/mnt/c/Users/efede/pico/pico-sdk/src/rp2_common/pico_standard_link/crt0.S.obj
 .debug_info    0x000000000001164e      0x2f7 CMakeFiles/Blutooh_test.dir/mnt/c/Users/efede/pico/pico-sdk/src/rp2_common/pico_standard_link/binary_info.c.obj
 .debug_info    0x0000000000011945     0x12d5 CMakeFiles/Blutooh_test.dir/mnt/c/Users/efede/pico/pico-sdk/src/rp2_common/pico_stdio/stdio.c.obj
 .debug_info    0x0000000000012c1a      0xc1d CMakeFiles/Blutooh_test.dir/mnt/c/Users/efede/pico/pico-sdk/src/rp2_common/pico_stdio_uart/stdio_uart.c.obj
 .debug_info    0x0000000000013837       0x26 /usr/lib/gcc/arm-none-eabi/10.3.1/thumb/v6-m/nofp/libgcc.a(_dvmd_tls.o)
 .debug_info    0x000000000001385d       0xee /usr/lib/gcc/arm-none-eabi/10.3.1/../../../arm-none-eabi/lib/thumb/v6-m/nofp/libg.a(lib_a-strlen-stub.o)

.debug_abbrev   0x0000000000000000     0x40cc
 .debug_abbrev  0x0000000000000000      0x289 CMakeFiles/Blutooh_test.dir/Blutooh_test.c.obj
 .debug_abbrev  0x0000000000000289      0x2c4 CMakeFiles/Blutooh_test.dir/mnt/c/Users/efede/pico/pico-sdk/src/rp2_common/hardware_gpio/gpio.c.obj
 .debug_abbrev  0x000000000000054d      0x2e9 CMakeFiles/Blutooh_test.dir/mnt/c/Users/efede/pico/pico-sdk/src/rp2_common/hardware_claim/claim.c.obj
 .debug_abbrev  0x0000000000000836       0xeb CMakeFiles/Blutooh_test.dir/mnt/c/Users/efede/pico/pico-sdk/src/rp2_common/pico_platform/platform.c.obj
 .debug_abbrev  0x0000000000000921      0x21b CMakeFiles/Blutooh_test.dir/mnt/c/Users/efede/pico/pico-sdk/src/rp2_common/hardware_sync/sync.c.obj
 .debug_abbrev  0x0000000000000b3c      0x2d2 CMakeFiles/Blutooh_test.dir/mnt/c/Users/efede/pico/pico-sdk/src/rp2_common/hardware_uart/uart.c.obj
 .debug_abbrev  0x0000000000000e0e      0x54d CMakeFiles/Blutooh_test.dir/mnt/c/Users/efede/pico/pico-sdk/src/common/pico_time/time.c.obj
 .debug_abbrev  0x000000000000135b      0x3a2 CMakeFiles/Blutooh_test.dir/mnt/c/Users/efede/pico/pico-sdk/src/rp2_common/hardware_timer/timer.c.obj
 .debug_abbrev  0x00000000000016fd      0x116 CMakeFiles/Blutooh_test.dir/mnt/c/Users/efede/pico/pico-sdk/src/common/pico_sync/lock_core.c.obj
 .debug_abbrev  0x0000000000001813      0x386 CMakeFiles/Blutooh_test.dir/mnt/c/Users/efede/pico/pico-sdk/src/common/pico_sync/mutex.c.obj
 .debug_abbrev  0x0000000000001b99      0x297 CMakeFiles/Blutooh_test.dir/mnt/c/Users/efede/pico/pico-sdk/src/common/pico_util/pheap.c.obj
 .debug_abbrev  0x0000000000001e30      0x3aa CMakeFiles/Blutooh_test.dir/mnt/c/Users/efede/pico/pico-sdk/src/rp2_common/pico_runtime/runtime.c.obj
 .debug_abbrev  0x00000000000021da      0x3a5 CMakeFiles/Blutooh_test.dir/mnt/c/Users/efede/pico/pico-sdk/src/rp2_common/hardware_clocks/clocks.c.obj
 .debug_abbrev  0x000000000000257f      0x4cd CMakeFiles/Blutooh_test.dir/mnt/c/Users/efede/pico/pico-sdk/src/rp2_common/hardware_irq/irq.c.obj
 .debug_abbrev  0x0000000000002a4c      0x1ea CMakeFiles/Blutooh_test.dir/mnt/c/Users/efede/pico/pico-sdk/src/rp2_common/hardware_pll/pll.c.obj
 .debug_abbrev  0x0000000000002c36      0x1a8 CMakeFiles/Blutooh_test.dir/mnt/c/Users/efede/pico/pico-sdk/src/rp2_common/hardware_watchdog/watchdog.c.obj
 .debug_abbrev  0x0000000000002dde      0x109 CMakeFiles/Blutooh_test.dir/mnt/c/Users/efede/pico/pico-sdk/src/rp2_common/hardware_xosc/xosc.c.obj
 .debug_abbrev  0x0000000000002ee7      0x384 CMakeFiles/Blutooh_test.dir/mnt/c/Users/efede/pico/pico-sdk/src/rp2_common/pico_printf/printf.c.obj
 .debug_abbrev  0x000000000000326b       0x12 CMakeFiles/Blutooh_test.dir/mnt/c/Users/efede/pico/pico-sdk/src/rp2_common/pico_bit_ops/bit_ops_aeabi.S.obj
 .debug_abbrev  0x000000000000327d      0x13b CMakeFiles/Blutooh_test.dir/mnt/c/Users/efede/pico/pico-sdk/src/rp2_common/pico_bootrom/bootrom.c.obj
 .debug_abbrev  0x00000000000033b8       0x12 CMakeFiles/Blutooh_test.dir/mnt/c/Users/efede/pico/pico-sdk/src/rp2_common/pico_divider/divider.S.obj
 .debug_abbrev  0x00000000000033ca       0x12 CMakeFiles/Blutooh_test.dir/mnt/c/Users/efede/pico/pico-sdk/src/rp2_common/pico_double/double_aeabi.S.obj
 .debug_abbrev  0x00000000000033dc      0x179 CMakeFiles/Blutooh_test.dir/mnt/c/Users/efede/pico/pico-sdk/src/rp2_common/pico_double/double_init_rom.c.obj
 .debug_abbrev  0x0000000000003555       0x12 CMakeFiles/Blutooh_test.dir/mnt/c/Users/efede/pico/pico-sdk/src/rp2_common/pico_double/double_v1_rom_shim.S.obj
 .debug_abbrev  0x0000000000003567       0x14 CMakeFiles/Blutooh_test.dir/mnt/c/Users/efede/pico/pico-sdk/src/rp2_common/pico_int64_ops/pico_int64_ops_aeabi.S.obj
 .debug_abbrev  0x000000000000357b       0x12 CMakeFiles/Blutooh_test.dir/mnt/c/Users/efede/pico/pico-sdk/src/rp2_common/pico_float/float_aeabi.S.obj
 .debug_abbrev  0x000000000000358d      0x18c CMakeFiles/Blutooh_test.dir/mnt/c/Users/efede/pico/pico-sdk/src/rp2_common/pico_float/float_init_rom.c.obj
 .debug_abbrev  0x0000000000003719       0x12 CMakeFiles/Blutooh_test.dir/mnt/c/Users/efede/pico/pico-sdk/src/rp2_common/pico_float/float_v1_rom_shim.S.obj
 .debug_abbrev  0x000000000000372b       0x12 CMakeFiles/Blutooh_test.dir/mnt/c/Users/efede/pico/pico-sdk/src/rp2_common/pico_mem_ops/mem_ops_aeabi.S.obj
 .debug_abbrev  0x000000000000373d       0x12 CMakeFiles/Blutooh_test.dir/mnt/c/Users/efede/pico/pico-sdk/src/rp2_common/pico_standard_link/crt0.S.obj
 .debug_abbrev  0x000000000000374f       0xad CMakeFiles/Blutooh_test.dir/mnt/c/Users/efede/pico/pico-sdk/src/rp2_common/pico_standard_link/binary_info.c.obj
 .debug_abbrev  0x00000000000037fc      0x4a7 CMakeFiles/Blutooh_test.dir/mnt/c/Users/efede/pico/pico-sdk/src/rp2_common/pico_stdio/stdio.c.obj
 .debug_abbrev  0x0000000000003ca3      0x386 CMakeFiles/Blutooh_test.dir/mnt/c/Users/efede/pico/pico-sdk/src/rp2_common/pico_stdio_uart/stdio_uart.c.obj
 .debug_abbrev  0x0000000000004029       0x14 /usr/lib/gcc/arm-none-eabi/10.3.1/thumb/v6-m/nofp/libgcc.a(_dvmd_tls.o)
 .debug_abbrev  0x000000000000403d       0x8f /usr/lib/gcc/arm-none-eabi/10.3.1/../../../arm-none-eabi/lib/thumb/v6-m/nofp/libg.a(lib_a-strlen-stub.o)

.debug_loc      0x0000000000000000     0xd852
 .debug_loc     0x0000000000000000      0x366 CMakeFiles/Blutooh_test.dir/Blutooh_test.c.obj
 .debug_loc     0x0000000000000366      0xf03 CMakeFiles/Blutooh_test.dir/mnt/c/Users/efede/pico/pico-sdk/src/rp2_common/hardware_gpio/gpio.c.obj
 .debug_loc     0x0000000000001269      0x45f CMakeFiles/Blutooh_test.dir/mnt/c/Users/efede/pico/pico-sdk/src/rp2_common/hardware_claim/claim.c.obj
 .debug_loc     0x00000000000016c8       0xe9 CMakeFiles/Blutooh_test.dir/mnt/c/Users/efede/pico/pico-sdk/src/rp2_common/pico_platform/platform.c.obj
 .debug_loc     0x00000000000017b1      0x233 CMakeFiles/Blutooh_test.dir/mnt/c/Users/efede/pico/pico-sdk/src/rp2_common/hardware_sync/sync.c.obj
 .debug_loc     0x00000000000019e4      0x520 CMakeFiles/Blutooh_test.dir/mnt/c/Users/efede/pico/pico-sdk/src/rp2_common/hardware_uart/uart.c.obj
 .debug_loc     0x0000000000001f04     0x2e2a CMakeFiles/Blutooh_test.dir/mnt/c/Users/efede/pico/pico-sdk/src/common/pico_time/time.c.obj
 .debug_loc     0x0000000000004d2e      0x952 CMakeFiles/Blutooh_test.dir/mnt/c/Users/efede/pico/pico-sdk/src/rp2_common/hardware_timer/timer.c.obj
 .debug_loc     0x0000000000005680       0x60 CMakeFiles/Blutooh_test.dir/mnt/c/Users/efede/pico/pico-sdk/src/common/pico_sync/lock_core.c.obj
 .debug_loc     0x00000000000056e0     0x1469 CMakeFiles/Blutooh_test.dir/mnt/c/Users/efede/pico/pico-sdk/src/common/pico_sync/mutex.c.obj
 .debug_loc     0x0000000000006b49     0x1439 CMakeFiles/Blutooh_test.dir/mnt/c/Users/efede/pico/pico-sdk/src/common/pico_util/pheap.c.obj
 .debug_loc     0x0000000000007f82      0x3ff CMakeFiles/Blutooh_test.dir/mnt/c/Users/efede/pico/pico-sdk/src/rp2_common/pico_runtime/runtime.c.obj
 .debug_loc     0x0000000000008381      0x7eb CMakeFiles/Blutooh_test.dir/mnt/c/Users/efede/pico/pico-sdk/src/rp2_common/hardware_clocks/clocks.c.obj
 .debug_loc     0x0000000000008b6c     0x123b CMakeFiles/Blutooh_test.dir/mnt/c/Users/efede/pico/pico-sdk/src/rp2_common/hardware_irq/irq.c.obj